nohup: ignoring input
[I 2026-09-15 09:13:00,546] A new study created in RDB with name: relu_tanh_arch_reseed
Batch size 5000, 100000 iterations per trial
Branch input: (Q - 0.000000) / 1.000000

Reseeding the best 5 configurations of relu_tanh_arch: 10 runs to do
  GPU 1: trial 44 seed 1, trial 56 seed 2             pid 1965686   log logs/relu_tanh_arch_reseed_gpu1.log
  GPU 2: trial 44 seed 2, trial 55 seed 1             pid 1965687   log logs/relu_tanh_arch_reseed_gpu2.log
  GPU 3: trial 32 seed 1, trial 55 seed 2             pid 1965688   log logs/relu_tanh_arch_reseed_gpu3.log
  GPU 4: trial 32 seed 2                              pid 1965689   log logs/relu_tanh_arch_reseed_gpu4.log
  GPU 5: trial 49 seed 1                              pid 1965690   log logs/relu_tanh_arch_reseed_gpu5.log
  GPU 6: trial 49 seed 2                              pid 1965691   log logs/relu_tanh_arch_reseed_gpu6.log
  GPU 7: trial 56 seed 1                              pid 1965692   log logs/relu_tanh_arch_reseed_gpu7.log
  GPU 1 worker exited with code 0
  GPU 2 worker exited with code 0
  GPU 3 worker exited with code 0
  GPU 4 worker exited with code 0
  GPU 5 worker exited with code 0
  GPU 6 worker exited with code 0
  GPU 7 worker exited with code 0

--- relu_tanh_arch_reseed: 10 complete, 0 pruned, 0 failed, 0 marked running ---
  score over seeds (the search run with seed 1234 plus the reseeds); lower is better
  trial  32  6 layers  branch 128  trunk 256  lr 8.7e-05  res/data  0.38  bcs/data 0.152  mean  0.684 ± 0.050  over 3 seeds  [0.749, 0.674, 0.629]
  trial  44  5 layers  branch 128  trunk 256  lr 1.2e-04  res/data  0.45  bcs/data 0.176  mean  0.706 ± 0.027  over 3 seeds  [0.742, 0.699, 0.678]
  trial  55  6 layers  branch 128  trunk 256  lr 1.5e-04  res/data  0.32  bcs/data 0.181  mean  0.726 ± 0.065  over 3 seeds  [0.818, 0.692, 0.67]
  trial  56  6 layers  branch 256  trunk 512  lr 5.1e-05  res/data  0.47  bcs/data 0.069  mean  0.731 ± 0.044  over 3 seeds  [0.79, 0.718, 0.686]
  trial  49  4 layers  branch 128  trunk 256  lr 2.8e-04  res/data  0.28  bcs/data 0.166  mean  0.764 ± 0.145  over 3 seeds  [0.763, 0.588, 0.942]

Best weights of this study: trained_models/lr_search/large/pideeponet_angular_relu_tanh_arch_reseed.pkl
