nohup: ignoring input
[CudaDevice(id=0)]

Loaded trained_models/lr_search/large/pideeponet_angular_relu_tanh_arch_continued.pkl
  kind=PI_angular  branch/trunk = relu/tanh
  previous leg: 200000 iters, best ARE (val + shift-val) 0.5317% at iter 165000
  the loaded weights are that BEST iterate, not the final one
  loss weights data/res/bcs = 1.0 / 0.4491 / 0.1762
  optimiser rebuilt: adam, warmup_cosine_1.2e-04_to_1.2e-06 (averages restart from zero; the warmup absorbs it)
Selection set: 50 validation + 50 shift-validation sources

--- Continuing for 100000 iterations ---
Iter      0: L=1.269e-02  L_data=1.859e-03  L_bcs=6.845e-04  L_res=2.384e-02  val_ARE=0.532% *
Iter   1000: L=1.216e-02  L_data=1.711e-03  L_bcs=7.084e-04  L_res=2.299e-02  val_ARE=0.586%
Iter   2000: L=1.285e-02  L_data=2.196e-03  L_bcs=6.239e-04  L_res=2.348e-02  val_ARE=0.697%
Iter   3000: L=1.233e-02  L_data=2.038e-03  L_bcs=5.926e-04  L_res=2.268e-02  val_ARE=0.530% *
Iter   4000: L=1.221e-02  L_data=1.799e-03  L_bcs=1.203e-03  L_res=2.270e-02  val_ARE=0.605%
Iter   5000: L=1.249e-02  L_data=1.804e-03  L_bcs=1.149e-03  L_res=2.334e-02  val_ARE=0.552%
Iter   6000: L=1.206e-02  L_data=1.771e-03  L_bcs=1.422e-03  L_res=2.235e-02  val_ARE=0.582%
Iter   7000: L=1.143e-02  L_data=1.713e-03  L_bcs=2.182e-04  L_res=2.156e-02  val_ARE=0.546%
Iter   8000: L=1.154e-02  L_data=1.708e-03  L_bcs=1.476e-04  L_res=2.184e-02  val_ARE=0.579%
Iter   9000: L=1.271e-02  L_data=2.411e-03  L_bcs=6.034e-04  L_res=2.269e-02  val_ARE=0.706%
Iter  10000: L=1.145e-02  L_data=1.679e-03  L_bcs=2.385e-04  L_res=2.166e-02  val_ARE=0.530%
Iter  11000: L=1.124e-02  L_data=1.624e-03  L_bcs=1.083e-03  L_res=2.098e-02  val_ARE=0.544%
Iter  12000: L=1.135e-02  L_data=1.656e-03  L_bcs=1.115e-03  L_res=2.116e-02  val_ARE=0.589%
Iter  13000: L=1.278e-02  L_data=1.784e-03  L_bcs=6.621e-03  L_res=2.190e-02  val_ARE=0.602%
Iter  14000: L=1.129e-02  L_data=1.759e-03  L_bcs=1.879e-04  L_res=2.115e-02  val_ARE=0.573%
Iter  15000: L=1.106e-02  L_data=1.664e-03  L_bcs=1.517e-03  L_res=2.033e-02  val_ARE=0.561%
Iter  16000: L=1.151e-02  L_data=1.686e-03  L_bcs=4.517e-03  L_res=2.010e-02  val_ARE=0.592%
Iter  17000: L=1.076e-02  L_data=1.494e-03  L_bcs=3.503e-04  L_res=2.049e-02  val_ARE=0.555%
Iter  18000: L=1.097e-02  L_data=1.528e-03  L_bcs=4.597e-04  L_res=2.085e-02  val_ARE=0.524% *
Iter  19000: L=1.264e-02  L_data=2.363e-03  L_bcs=5.455e-03  L_res=2.075e-02  val_ARE=0.775%
Iter  20000: L=1.070e-02  L_data=1.525e-03  L_bcs=1.877e-04  L_res=2.035e-02  val_ARE=0.530%
Iter  21000: L=1.072e-02  L_data=1.493e-03  L_bcs=9.703e-04  L_res=2.016e-02  val_ARE=0.532%
Iter  22000: L=1.030e-02  L_data=1.536e-03  L_bcs=8.872e-04  L_res=1.918e-02  val_ARE=0.527%
Iter  23000: L=1.265e-02  L_data=1.988e-03  L_bcs=8.931e-03  L_res=2.023e-02  val_ARE=0.652%
Iter  24000: L=1.051e-02  L_data=1.698e-03  L_bcs=1.508e-04  L_res=1.956e-02  val_ARE=0.610%
Iter  25000: L=1.041e-02  L_data=1.743e-03  L_bcs=2.399e-04  L_res=1.921e-02  val_ARE=0.672%
Iter  26000: L=1.032e-02  L_data=1.402e-03  L_bcs=2.239e-04  L_res=1.978e-02  val_ARE=0.522% *
Iter  27000: L=1.206e-02  L_data=2.117e-03  L_bcs=4.607e-03  L_res=2.034e-02  val_ARE=0.744%
Iter  28000: L=1.082e-02  L_data=1.742e-03  L_bcs=1.402e-03  L_res=1.967e-02  val_ARE=0.673%
Iter  29000: L=9.750e-03  L_data=1.420e-03  L_bcs=2.011e-04  L_res=1.847e-02  val_ARE=0.526%
Iter  30000: L=1.013e-02  L_data=1.438e-03  L_bcs=8.180e-04  L_res=1.902e-02  val_ARE=0.523%
Iter  31000: L=1.073e-02  L_data=1.575e-03  L_bcs=1.549e-03  L_res=1.977e-02  val_ARE=0.568%
Iter  32000: L=1.060e-02  L_data=1.552e-03  L_bcs=4.896e-03  L_res=1.822e-02  val_ARE=0.575%
Iter  33000: L=1.011e-02  L_data=1.410e-03  L_bcs=1.863e-04  L_res=1.930e-02  val_ARE=0.527%
Iter  34000: L=1.012e-02  L_data=1.411e-03  L_bcs=1.110e-04  L_res=1.936e-02  val_ARE=0.529%
Iter  35000: L=9.516e-03  L_data=1.312e-03  L_bcs=1.565e-04  L_res=1.821e-02  val_ARE=0.516% *
Iter  36000: L=9.751e-03  L_data=1.425e-03  L_bcs=1.177e-03  L_res=1.808e-02  val_ARE=0.540%
Iter  37000: L=9.066e-03  L_data=1.326e-03  L_bcs=3.179e-04  L_res=1.711e-02  val_ARE=0.524%
Iter  38000: L=9.769e-03  L_data=1.282e-03  L_bcs=1.175e-04  L_res=1.885e-02  val_ARE=0.539%
Iter  39000: L=9.301e-03  L_data=1.316e-03  L_bcs=4.943e-04  L_res=1.759e-02  val_ARE=0.507% *
Iter  40000: L=9.634e-03  L_data=1.276e-03  L_bcs=1.235e-03  L_res=1.813e-02  val_ARE=0.503% *
Iter  41000: L=9.322e-03  L_data=1.289e-03  L_bcs=6.621e-04  L_res=1.763e-02  val_ARE=0.515%
Iter  42000: L=9.176e-03  L_data=1.351e-03  L_bcs=6.783e-04  L_res=1.716e-02  val_ARE=0.553%
Iter  43000: L=9.256e-03  L_data=1.235e-03  L_bcs=8.407e-04  L_res=1.753e-02  val_ARE=0.519%
Iter  44000: L=9.222e-03  L_data=1.282e-03  L_bcs=4.424e-04  L_res=1.751e-02  val_ARE=0.511%
Iter  45000: L=9.279e-03  L_data=1.194e-03  L_bcs=1.012e-04  L_res=1.796e-02  val_ARE=0.506%
Iter  46000: L=9.617e-03  L_data=1.199e-03  L_bcs=7.622e-04  L_res=1.845e-02  val_ARE=0.503%
Iter  47000: L=9.152e-03  L_data=1.213e-03  L_bcs=1.187e-03  L_res=1.721e-02  val_ARE=0.515%
Iter  48000: L=9.329e-03  L_data=1.185e-03  L_bcs=1.385e-03  L_res=1.759e-02  val_ARE=0.500% *
Iter  49000: L=9.005e-03  L_data=1.231e-03  L_bcs=1.520e-04  L_res=1.725e-02  val_ARE=0.520%
Iter  50000: L=8.985e-03  L_data=1.155e-03  L_bcs=2.425e-04  L_res=1.734e-02  val_ARE=0.491% *
Iter  51000: L=9.098e-03  L_data=1.164e-03  L_bcs=6.431e-04  L_res=1.742e-02  val_ARE=0.491%
Iter  52000: L=8.727e-03  L_data=1.118e-03  L_bcs=1.379e-04  L_res=1.689e-02  val_ARE=0.484% *
Iter  53000: L=8.917e-03  L_data=1.112e-03  L_bcs=2.692e-04  L_res=1.727e-02  val_ARE=0.486%
Iter  54000: L=9.638e-03  L_data=1.253e-03  L_bcs=3.700e-03  L_res=1.722e-02  val_ARE=0.528%
Iter  55000: L=8.968e-03  L_data=1.108e-03  L_bcs=7.530e-05  L_res=1.747e-02  val_ARE=0.486%
Iter  56000: L=9.021e-03  L_data=1.123e-03  L_bcs=9.272e-05  L_res=1.755e-02  val_ARE=0.497%
Iter  57000: L=9.251e-03  L_data=1.170e-03  L_bcs=5.050e-04  L_res=1.780e-02  val_ARE=0.528%
Iter  58000: L=8.683e-03  L_data=1.083e-03  L_bcs=2.685e-04  L_res=1.682e-02  val_ARE=0.482% *
Iter  59000: L=8.655e-03  L_data=1.130e-03  L_bcs=3.538e-04  L_res=1.662e-02  val_ARE=0.495%
Iter  60000: L=8.878e-03  L_data=1.103e-03  L_bcs=3.767e-04  L_res=1.716e-02  val_ARE=0.496%
Iter  61000: L=8.578e-03  L_data=1.079e-03  L_bcs=2.795e-04  L_res=1.659e-02  val_ARE=0.479% *
Iter  62000: L=8.501e-03  L_data=1.055e-03  L_bcs=5.359e-05  L_res=1.656e-02  val_ARE=0.491%
Iter  63000: L=8.917e-03  L_data=1.070e-03  L_bcs=9.546e-04  L_res=1.710e-02  val_ARE=0.488%
Iter  64000: L=8.347e-03  L_data=1.044e-03  L_bcs=3.375e-04  L_res=1.613e-02  val_ARE=0.479%
Iter  65000: L=8.442e-03  L_data=1.060e-03  L_bcs=7.882e-05  L_res=1.641e-02  val_ARE=0.483%
Iter  66000: L=8.325e-03  L_data=1.052e-03  L_bcs=2.996e-04  L_res=1.608e-02  val_ARE=0.486%
Iter  67000: L=8.506e-03  L_data=1.044e-03  L_bcs=8.365e-05  L_res=1.658e-02  val_ARE=0.486%
Iter  68000: L=8.279e-03  L_data=1.039e-03  L_bcs=1.538e-04  L_res=1.606e-02  val_ARE=0.487%
Iter  69000: L=8.276e-03  L_data=1.018e-03  L_bcs=9.139e-05  L_res=1.612e-02  val_ARE=0.471% *
Iter  70000: L=8.542e-03  L_data=1.015e-03  L_bcs=5.167e-05  L_res=1.674e-02  val_ARE=0.492%
Iter  71000: L=8.628e-03  L_data=1.036e-03  L_bcs=5.974e-05  L_res=1.688e-02  val_ARE=0.483%
Iter  72000: L=8.380e-03  L_data=1.005e-03  L_bcs=1.023e-04  L_res=1.638e-02  val_ARE=0.472%
Iter  73000: L=8.864e-03  L_data=9.956e-04  L_bcs=6.024e-05  L_res=1.750e-02  val_ARE=0.481%
Iter  74000: L=8.433e-03  L_data=9.948e-04  L_bcs=2.261e-04  L_res=1.647e-02  val_ARE=0.476%
Iter  75000: L=8.371e-03  L_data=1.004e-03  L_bcs=2.139e-04  L_res=1.632e-02  val_ARE=0.477%
Iter  76000: L=8.190e-03  L_data=9.765e-04  L_bcs=9.456e-05  L_res=1.602e-02  val_ARE=0.473%
Iter  77000: L=8.015e-03  L_data=1.021e-03  L_bcs=7.851e-05  L_res=1.554e-02  val_ARE=0.482%
Iter  78000: L=8.441e-03  L_data=9.934e-04  L_bcs=3.209e-05  L_res=1.657e-02  val_ARE=0.465% *
Iter  79000: L=8.102e-03  L_data=9.769e-04  L_bcs=3.368e-05  L_res=1.585e-02  val_ARE=0.471%
Iter  80000: L=8.366e-03  L_data=9.859e-04  L_bcs=2.879e-05  L_res=1.642e-02  val_ARE=0.478%
Iter  81000: L=8.390e-03  L_data=9.799e-04  L_bcs=4.421e-05  L_res=1.648e-02  val_ARE=0.473%
Iter  82000: L=8.179e-03  L_data=9.605e-04  L_bcs=2.784e-05  L_res=1.606e-02  val_ARE=0.465% *
Iter  83000: L=8.422e-03  L_data=9.559e-04  L_bcs=3.703e-05  L_res=1.661e-02  val_ARE=0.466%
Iter  84000: L=8.209e-03  L_data=9.340e-04  L_bcs=2.206e-05  L_res=1.619e-02  val_ARE=0.473%
Iter  85000: L=8.068e-03  L_data=9.804e-04  L_bcs=1.377e-05  L_res=1.578e-02  val_ARE=0.463% *
Iter  86000: L=8.182e-03  L_data=9.505e-04  L_bcs=1.532e-05  L_res=1.610e-02  val_ARE=0.469%
Iter  87000: L=8.059e-03  L_data=9.238e-04  L_bcs=1.587e-05  L_res=1.588e-02  val_ARE=0.466%
Iter  88000: L=8.058e-03  L_data=9.470e-04  L_bcs=2.524e-05  L_res=1.583e-02  val_ARE=0.466%
Iter  89000: L=8.010e-03  L_data=9.358e-04  L_bcs=3.808e-05  L_res=1.574e-02  val_ARE=0.470%
Iter  90000: L=8.206e-03  L_data=9.271e-04  L_bcs=9.762e-06  L_res=1.620e-02  val_ARE=0.467%
Iter  91000: L=8.046e-03  L_data=9.353e-04  L_bcs=1.638e-05  L_res=1.583e-02  val_ARE=0.469%
Iter  92000: L=8.190e-03  L_data=9.432e-04  L_bcs=1.275e-05  L_res=1.613e-02  val_ARE=0.468%
Iter  93000: L=7.936e-03  L_data=9.253e-04  L_bcs=6.760e-06  L_res=1.561e-02  val_ARE=0.464%
Iter  94000: L=8.317e-03  L_data=9.522e-04  L_bcs=2.298e-05  L_res=1.639e-02  val_ARE=0.466%
Iter  95000: L=7.983e-03  L_data=9.036e-04  L_bcs=1.015e-05  L_res=1.576e-02  val_ARE=0.465%
Iter  96000: L=8.111e-03  L_data=8.912e-04  L_bcs=5.736e-05  L_res=1.605e-02  val_ARE=0.467%
Iter  97000: L=7.997e-03  L_data=9.264e-04  L_bcs=1.064e-05  L_res=1.574e-02  val_ARE=0.465%
Iter  98000: L=8.330e-03  L_data=9.266e-04  L_bcs=1.486e-05  L_res=1.648e-02  val_ARE=0.469%
Iter  99000: L=8.119e-03  L_data=9.041e-04  L_bcs=1.157e-05  L_res=1.606e-02  val_ARE=0.463%

Best validation ARE = 0.463% at iter 85000; restoring those params.
Training time: 1746.8 s  (17.5 ms/iter)

  previous best (val + shift-val) = 0.5317%
  this leg's best                 = 0.4628%  (improved)

=== save-time consistency guard ===
  recorded best_val_ARE        = 0.4628%
  val_ARE(restored params)     = 0.4628%
  predict_phi0 path ARE        = 0.4628%
  predict_phi0 pred range      = 2.34 .. 82.37   (true 2.25 .. 82.09)
  guard passed: restored params reproduce best_val_ARE on both paths.

Saved trained_models/lr_search/large/pideeponet_angular_relu_tanh_arch_continued_annealed.pkl
