
===== launch 2026-09-15 09:13:00: trial 56 seed 1 =====
Batch size 5000, 100000 iterations per trial
Branch input: (Q - 0.000000) / 1.000000
Reseed worker on CUDA_VISIBLE_DEVICES=7: [(56, 1)]

Trial 6: 6 layers, branch 256, trunk 512, lr 5.15e-05, res/data 0.467, bcs/data 0.069, seed 1
Iter      0: L=2.215e+01  L_data=1.928e+01  L_bcs=2.473e-01  L_res=6.101e+00  val_ARE=94.796% *
Iter   1000: L=3.475e-01  L_data=1.644e-01  L_bcs=6.514e-01  L_res=2.954e-01  val_ARE=5.499% *
Iter   2000: L=2.234e-01  L_data=1.035e-01  L_bcs=1.655e-01  L_res=2.320e-01  val_ARE=3.964% *
Iter   3000: L=1.862e-01  L_data=8.122e-02  L_bcs=5.612e-02  L_res=2.164e-01  val_ARE=3.400% *
Iter   4000: L=1.749e-01  L_data=7.603e-02  L_bcs=2.788e-02  L_res=2.076e-01  val_ARE=3.256% *
Iter   5000: L=1.715e-01  L_data=7.315e-02  L_bcs=3.457e-02  L_res=2.055e-01  val_ARE=3.165% *
Iter   6000: L=1.607e-01  L_data=6.351e-02  L_bcs=6.645e-02  L_res=1.983e-01  val_ARE=2.978% *
Iter   7000: L=1.701e-01  L_data=7.135e-02  L_bcs=1.043e-01  L_res=1.958e-01  val_ARE=3.383%
Iter   8000: L=1.486e-01  L_data=5.802e-02  L_bcs=7.955e-03  L_res=1.927e-01  val_ARE=2.676% *
Iter   9000: L=1.411e-01  L_data=5.462e-02  L_bcs=6.725e-03  L_res=1.842e-01  val_ARE=2.522% *
Iter  10000: L=1.369e-01  L_data=5.307e-02  L_bcs=1.016e-02  L_res=1.780e-01  val_ARE=2.453% *
Iter  11000: L=1.308e-01  L_data=4.752e-02  L_bcs=5.518e-03  L_res=1.775e-01  val_ARE=2.284% *
Iter  12000: L=1.278e-01  L_data=4.411e-02  L_bcs=8.747e-03  L_res=1.779e-01  val_ARE=2.172% *
Iter  13000: L=1.224e-01  L_data=4.206e-02  L_bcs=2.939e-03  L_res=1.715e-01  val_ARE=2.068% *
Iter  14000: L=1.179e-01  L_data=3.976e-02  L_bcs=2.459e-03  L_res=1.670e-01  val_ARE=2.061% *
Iter  15000: L=1.164e-01  L_data=3.761e-02  L_bcs=2.887e-03  L_res=1.683e-01  val_ARE=1.990% *
Iter  16000: L=1.125e-01  L_data=3.534e-02  L_bcs=2.366e-03  L_res=1.648e-01  val_ARE=1.922% *
Iter  17000: L=1.094e-01  L_data=3.331e-02  L_bcs=2.462e-02  L_res=1.592e-01  val_ARE=1.927%
Iter  18000: L=1.058e-01  L_data=3.260e-02  L_bcs=7.899e-03  L_res=1.555e-01  val_ARE=1.962%
Iter  19000: L=9.795e-02  L_data=2.927e-02  L_bcs=1.398e-02  L_res=1.449e-01  val_ARE=1.770% *
Iter  20000: L=9.754e-02  L_data=2.847e-02  L_bcs=1.869e-03  L_res=1.476e-01  val_ARE=1.735% *
Iter  21000: L=9.582e-02  L_data=2.773e-02  L_bcs=2.203e-03  L_res=1.454e-01  val_ARE=1.721% *
Iter  22000: L=9.286e-02  L_data=2.711e-02  L_bcs=6.398e-03  L_res=1.398e-01  val_ARE=1.719% *
Iter  23000: L=9.277e-02  L_data=2.574e-02  L_bcs=4.442e-03  L_res=1.428e-01  val_ARE=1.621% *
Iter  24000: L=8.917e-02  L_data=2.443e-02  L_bcs=5.403e-03  L_res=1.378e-01  val_ARE=1.538% *
Iter  25000: L=8.673e-02  L_data=2.452e-02  L_bcs=1.518e-02  L_res=1.309e-01  val_ARE=1.565%
Iter  26000: L=8.846e-02  L_data=2.489e-02  L_bcs=1.426e-02  L_res=1.340e-01  val_ARE=1.578%
Iter  27000: L=8.078e-02  L_data=2.195e-02  L_bcs=9.950e-04  L_res=1.258e-01  val_ARE=1.385% *
Iter  28000: L=8.053e-02  L_data=2.161e-02  L_bcs=1.423e-03  L_res=1.259e-01  val_ARE=1.347% *
Iter  29000: L=8.111e-02  L_data=2.141e-02  L_bcs=4.092e-03  L_res=1.272e-01  val_ARE=1.386%
Iter  30000: L=8.248e-02  L_data=2.209e-02  L_bcs=2.256e-02  L_res=1.259e-01  val_ARE=1.413%
Iter  31000: L=7.762e-02  L_data=1.985e-02  L_bcs=9.855e-03  L_res=1.222e-01  val_ARE=1.361%
Iter  32000: L=7.346e-02  L_data=1.889e-02  L_bcs=6.212e-03  L_res=1.159e-01  val_ARE=1.332% *
Iter  33000: L=7.070e-02  L_data=1.812e-02  L_bcs=6.117e-03  L_res=1.116e-01  val_ARE=1.245% *
Iter  34000: L=7.126e-02  L_data=1.875e-02  L_bcs=8.603e-03  L_res=1.111e-01  val_ARE=1.282%
Iter  35000: L=6.924e-02  L_data=1.821e-02  L_bcs=1.063e-02  L_res=1.077e-01  val_ARE=1.243% *
Iter  36000: L=6.974e-02  L_data=1.716e-02  L_bcs=4.310e-03  L_res=1.119e-01  val_ARE=1.331%
Iter  37000: L=6.736e-02  L_data=1.687e-02  L_bcs=1.821e-03  L_res=1.078e-01  val_ARE=1.208% *
Iter  38000: L=7.017e-02  L_data=1.743e-02  L_bcs=2.091e-02  L_res=1.098e-01  val_ARE=1.240%
Iter  39000: L=6.884e-02  L_data=1.736e-02  L_bcs=4.915e-02  L_res=1.029e-01  val_ARE=1.361%
Iter  40000: L=6.142e-02  L_data=1.531e-02  L_bcs=8.386e-04  L_res=9.859e-02  val_ARE=1.122% *
Iter  41000: L=6.417e-02  L_data=1.559e-02  L_bcs=1.368e-02  L_res=1.020e-01  val_ARE=1.197%
Iter  42000: L=6.267e-02  L_data=1.463e-02  L_bcs=1.176e-03  L_res=1.027e-01  val_ARE=1.100% *
Iter  43000: L=5.943e-02  L_data=1.387e-02  L_bcs=3.875e-03  L_res=9.694e-02  val_ARE=1.133%
Iter  44000: L=5.566e-02  L_data=1.245e-02  L_bcs=1.291e-03  L_res=9.231e-02  val_ARE=1.043% *
Iter  45000: L=5.295e-02  L_data=1.211e-02  L_bcs=1.625e-03  L_res=8.719e-02  val_ARE=1.058%
Iter  46000: L=5.350e-02  L_data=1.134e-02  L_bcs=1.232e-03  L_res=9.007e-02  val_ARE=1.036% *
Iter  47000: L=4.982e-02  L_data=1.092e-02  L_bcs=1.216e-03  L_res=8.309e-02  val_ARE=0.996% *
Iter  48000: L=4.941e-02  L_data=1.108e-02  L_bcs=2.542e-03  L_res=8.168e-02  val_ARE=0.979% *
Iter  49000: L=4.705e-02  L_data=1.033e-02  L_bcs=9.484e-03  L_res=7.721e-02  val_ARE=1.082%
Iter  50000: L=4.604e-02  L_data=9.787e-03  L_bcs=1.626e-03  L_res=7.735e-02  val_ARE=0.928% *
Iter  51000: L=4.599e-02  L_data=9.918e-03  L_bcs=1.299e-02  L_res=7.530e-02  val_ARE=1.100%
Iter  52000: L=4.398e-02  L_data=9.122e-03  L_bcs=4.422e-03  L_res=7.397e-02  val_ARE=0.951%
Iter  53000: L=4.361e-02  L_data=8.730e-03  L_bcs=2.198e-03  L_res=7.435e-02  val_ARE=0.911% *
Iter  54000: L=4.265e-02  L_data=8.960e-03  L_bcs=2.470e-03  L_res=7.174e-02  val_ARE=0.944%
Iter  55000: L=4.131e-02  L_data=8.442e-03  L_bcs=7.481e-04  L_res=7.025e-02  val_ARE=0.903% *
Iter  56000: L=4.080e-02  L_data=8.437e-03  L_bcs=1.035e-03  L_res=6.913e-02  val_ARE=0.880% *
Iter  57000: L=4.028e-02  L_data=8.094e-03  L_bcs=2.819e-03  L_res=6.849e-02  val_ARE=0.906%
Iter  58000: L=3.937e-02  L_data=7.846e-03  L_bcs=7.632e-04  L_res=6.736e-02  val_ARE=0.874% *
Iter  59000: L=3.744e-02  L_data=7.748e-03  L_bcs=7.649e-04  L_res=6.344e-02  val_ARE=0.941%
Iter  60000: L=3.954e-02  L_data=7.975e-03  L_bcs=1.942e-03  L_res=6.728e-02  val_ARE=0.936%
Iter  61000: L=3.638e-02  L_data=7.365e-03  L_bcs=1.662e-03  L_res=6.186e-02  val_ARE=0.904%
Iter  62000: L=3.925e-02  L_data=7.866e-03  L_bcs=1.967e-02  L_res=6.426e-02  val_ARE=0.951%
Iter  63000: L=4.647e-02  L_data=1.127e-02  L_bcs=8.216e-02  L_res=6.317e-02  val_ARE=1.240%
Iter  64000: L=3.471e-02  L_data=7.159e-03  L_bcs=5.613e-03  L_res=5.814e-02  val_ARE=0.780% *
Iter  65000: L=3.319e-02  L_data=6.327e-03  L_bcs=1.953e-03  L_res=5.722e-02  val_ARE=0.811%
Iter  66000: L=3.286e-02  L_data=6.583e-03  L_bcs=5.334e-03  L_res=5.545e-02  val_ARE=0.876%
Iter  67000: L=3.297e-02  L_data=7.184e-03  L_bcs=2.032e-03  L_res=5.489e-02  val_ARE=0.881%
Iter  68000: L=3.157e-02  L_data=6.009e-03  L_bcs=1.350e-03  L_res=5.452e-02  val_ARE=0.759% *
Iter  69000: L=2.981e-02  L_data=5.900e-03  L_bcs=5.913e-03  L_res=5.032e-02  val_ARE=0.776%
Iter  70000: L=3.150e-02  L_data=6.855e-03  L_bcs=1.062e-02  L_res=5.119e-02  val_ARE=1.094%
Iter  71000: L=2.860e-02  L_data=5.404e-03  L_bcs=1.043e-03  L_res=4.951e-02  val_ARE=0.744% *
Iter  72000: L=2.830e-02  L_data=5.425e-03  L_bcs=2.167e-03  L_res=4.864e-02  val_ARE=0.776%
Iter  73000: L=2.917e-02  L_data=5.589e-03  L_bcs=9.530e-03  L_res=4.907e-02  val_ARE=0.754%
Iter  74000: L=2.830e-02  L_data=5.187e-03  L_bcs=6.244e-03  L_res=4.855e-02  val_ARE=0.727% *
Iter  75000: L=2.803e-02  L_data=5.159e-03  L_bcs=6.547e-03  L_res=4.799e-02  val_ARE=0.741%
Iter  76000: L=3.044e-02  L_data=6.362e-03  L_bcs=3.660e-02  L_res=4.611e-02  val_ARE=0.899%
Iter  77000: L=2.628e-02  L_data=4.649e-03  L_bcs=8.591e-04  L_res=4.617e-02  val_ARE=0.730%
Iter  78000: L=2.850e-02  L_data=5.145e-03  L_bcs=1.740e-02  L_res=4.741e-02  val_ARE=0.764%
Iter  79000: L=2.460e-02  L_data=4.771e-03  L_bcs=2.572e-03  L_res=4.207e-02  val_ARE=0.818%
Iter  80000: L=2.543e-02  L_data=4.418e-03  L_bcs=6.448e-04  L_res=4.488e-02  val_ARE=0.680% *
Iter  81000: L=2.479e-02  L_data=4.338e-03  L_bcs=8.950e-04  L_res=4.364e-02  val_ARE=0.758%
Iter  82000: L=2.381e-02  L_data=4.109e-03  L_bcs=8.781e-04  L_res=4.205e-02  val_ARE=0.718%
Iter  83000: L=2.479e-02  L_data=4.560e-03  L_bcs=4.802e-03  L_res=4.260e-02  val_ARE=0.753%
Iter  84000: L=2.468e-02  L_data=4.550e-03  L_bcs=7.962e-03  L_res=4.192e-02  val_ARE=0.774%
Iter  85000: L=2.314e-02  L_data=4.193e-03  L_bcs=5.439e-04  L_res=4.049e-02  val_ARE=0.807%
Iter  86000: L=2.324e-02  L_data=4.178e-03  L_bcs=7.615e-03  L_res=3.969e-02  val_ARE=0.734%
Iter  87000: L=2.294e-02  L_data=4.227e-03  L_bcs=3.271e-03  L_res=3.956e-02  val_ARE=0.833%
Iter  88000: L=2.800e-02  L_data=5.952e-03  L_bcs=3.056e-02  L_res=4.267e-02  val_ARE=0.984%
Iter  89000: L=2.266e-02  L_data=4.135e-03  L_bcs=4.581e-03  L_res=3.898e-02  val_ARE=0.738%
Iter  90000: L=2.176e-02  L_data=3.768e-03  L_bcs=7.102e-04  L_res=3.842e-02  val_ARE=0.693%
Iter  91000: L=2.312e-02  L_data=5.486e-03  L_bcs=6.674e-04  L_res=3.766e-02  val_ARE=1.162%
Iter  92000: L=2.156e-02  L_data=3.932e-03  L_bcs=1.067e-03  L_res=3.757e-02  val_ARE=0.793%
Iter  93000: L=2.038e-02  L_data=3.464e-03  L_bcs=1.775e-03  L_res=3.595e-02  val_ARE=0.683%
Iter  94000: L=2.128e-02  L_data=3.859e-03  L_bcs=7.218e-03  L_res=3.622e-02  val_ARE=0.785%
Iter  95000: L=1.936e-02  L_data=3.535e-03  L_bcs=6.251e-04  L_res=3.377e-02  val_ARE=0.658% *
Iter  96000: L=2.015e-02  L_data=3.486e-03  L_bcs=1.112e-03  L_res=3.551e-02  val_ARE=0.655% *
Iter  97000: L=2.024e-02  L_data=3.752e-03  L_bcs=7.681e-03  L_res=3.416e-02  val_ARE=0.742%
Iter  98000: L=2.117e-02  L_data=3.936e-03  L_bcs=5.524e-03  L_res=3.607e-02  val_ARE=0.814%
Iter  99000: L=1.889e-02  L_data=3.410e-03  L_bcs=6.165e-04  L_res=3.304e-02  val_ARE=0.661%

Best validation ARE = 0.655% at iter 96000; restoring those params.
[I 2026-09-15 11:38:14,819] Trial 6 finished with value: 0.717761218547821 and parameters: {'n_layers': 6, 'branch_log2': 8, 'trunk_log2': 9, 'lr': 5.1475206789158006e-05, 'res_over_data': 0.4671552172497339, 'bcs_over_data': 0.06925210288065937}. Best is trial 2 with value: 0.5875426232814789.
