
===== launch 2026-09-14 14:02:47: const_1e-4 =====
Batch size 5000, 100000 iterations per trial
Branch input: (Q - 0.000000) / 1.000000
Existing checkpoint trained_models/lr_search/large/pideeponet_angular_relu_tanh_B5000.pkl: val_ARE=0.473%
Worker on CUDA_VISIBLE_DEVICES=2: ['const_1e-4']
/itf-fi-ml/home/williaeo/PI-DeepONet/angular_optimization.py:242: ExperimentalWarning: PartialFixedSampler is experimental (supported from v2.4.0). The interface can change in the future.
  sampler=optuna.samplers.PartialFixedSampler(
[W 2026-09-14 14:02:55,766] Trial 2 failed with parameters: {} because of the following error: ValueError('CategoricalDistribution does not support dynamic value space.').
Traceback (most recent call last):
  File "/itf-fi-ml/home/williaeo/PI-DeepONet/pinn/lib/python3.10/site-packages/optuna/study/_optimize.py", line 206, in _run_trial
    value_or_values = func(trial)
  File "/itf-fi-ml/home/williaeo/PI-DeepONet/angular_optimization.py", line 141, in objective
    lr_name = trial.suggest_categorical("lr_config", list(LR_CANDIDATES))
  File "/itf-fi-ml/home/williaeo/PI-DeepONet/pinn/lib/python3.10/site-packages/optuna/trial/_trial.py", line 414, in suggest_categorical
    return self._suggest(name, CategoricalDistribution(choices=choices))
  File "/itf-fi-ml/home/williaeo/PI-DeepONet/pinn/lib/python3.10/site-packages/optuna/trial/_trial.py", line 649, in _suggest
    storage.set_trial_param(trial_id, name, param_value_in_internal_repr, distribution)
  File "/itf-fi-ml/home/williaeo/PI-DeepONet/pinn/lib/python3.10/site-packages/optuna/storages/_cached_storage.py", line 167, in set_trial_param
    self._backend._set_trial_param(
  File "/itf-fi-ml/home/williaeo/PI-DeepONet/pinn/lib/python3.10/site-packages/optuna/storages/_rdb/storage.py", line 597, in _set_trial_param
    self._set_trial_param_without_commit(
  File "/itf-fi-ml/home/williaeo/PI-DeepONet/pinn/lib/python3.10/site-packages/optuna/storages/_rdb/storage.py", line 632, in _set_trial_param_without_commit
    distributions.check_distribution_compatibility(previous_distribution, distribution)
  File "/itf-fi-ml/home/williaeo/PI-DeepONet/pinn/lib/python3.10/site-packages/optuna/distributions.py", line 656, in check_distribution_compatibility
    raise ValueError(
ValueError: CategoricalDistribution does not support dynamic value space.
[W 2026-09-14 14:02:55,838] Trial 2 failed with value None.

===== launch 2026-09-14 14:04:14: const_1e-4 =====
Batch size 5000, 100000 iterations per trial
Branch input: (Q - 0.000000) / 1.000000
Existing checkpoint trained_models/lr_search/large/pideeponet_angular_relu_tanh_B5000.pkl: val_ARE=0.473%
Worker on CUDA_VISIBLE_DEVICES=2: ['const_1e-4']
/itf-fi-ml/home/williaeo/PI-DeepONet/angular_optimization.py:242: ExperimentalWarning: PartialFixedSampler is experimental (supported from v2.4.0). The interface can change in the future.
  sampler=optuna.samplers.PartialFixedSampler(
[W 2026-09-14 14:04:22,725] Trial 7 failed with parameters: {} because of the following error: ValueError('CategoricalDistribution does not support dynamic value space.').
Traceback (most recent call last):
  File "/itf-fi-ml/home/williaeo/PI-DeepONet/pinn/lib/python3.10/site-packages/optuna/study/_optimize.py", line 206, in _run_trial
    value_or_values = func(trial)
  File "/itf-fi-ml/home/williaeo/PI-DeepONet/angular_optimization.py", line 141, in objective
    lr_name = trial.suggest_categorical("lr_config", list(LR_CANDIDATES))
  File "/itf-fi-ml/home/williaeo/PI-DeepONet/pinn/lib/python3.10/site-packages/optuna/trial/_trial.py", line 414, in suggest_categorical
    return self._suggest(name, CategoricalDistribution(choices=choices))
  File "/itf-fi-ml/home/williaeo/PI-DeepONet/pinn/lib/python3.10/site-packages/optuna/trial/_trial.py", line 649, in _suggest
    storage.set_trial_param(trial_id, name, param_value_in_internal_repr, distribution)
  File "/itf-fi-ml/home/williaeo/PI-DeepONet/pinn/lib/python3.10/site-packages/optuna/storages/_cached_storage.py", line 167, in set_trial_param
    self._backend._set_trial_param(
  File "/itf-fi-ml/home/williaeo/PI-DeepONet/pinn/lib/python3.10/site-packages/optuna/storages/_rdb/storage.py", line 597, in _set_trial_param
    self._set_trial_param_without_commit(
  File "/itf-fi-ml/home/williaeo/PI-DeepONet/pinn/lib/python3.10/site-packages/optuna/storages/_rdb/storage.py", line 632, in _set_trial_param_without_commit
    distributions.check_distribution_compatibility(previous_distribution, distribution)
  File "/itf-fi-ml/home/williaeo/PI-DeepONet/pinn/lib/python3.10/site-packages/optuna/distributions.py", line 656, in check_distribution_compatibility
    raise ValueError(
ValueError: CategoricalDistribution does not support dynamic value space.
[W 2026-09-14 14:04:22,731] Trial 7 failed with value None.

===== launch 2026-09-14 14:12:00: const_1e-4 =====
Batch size 5000, 100000 iterations per trial
Branch input: (Q - 0.000000) / 1.000000
Existing checkpoint trained_models/lr_search/large/pideeponet_angular_relu_tanh_B5000.pkl: val_ARE=0.473%
Worker on CUDA_VISIBLE_DEVICES=2: ['const_1e-4']
Iter      0: L=1.160e+01  L_data=1.418e+01  L_bcs=4.256e+00  L_res=5.834e+00  val_ARE=75.457% *
Iter   1000: L=2.451e-01  L_data=1.708e-01  L_bcs=9.429e-01  L_res=3.136e-01  val_ARE=5.737% *
Iter   2000: L=2.136e-01  L_data=1.465e-01  L_bcs=8.329e-01  L_res=2.779e-01  val_ARE=5.356% *
Iter   3000: L=1.632e-01  L_data=1.117e-01  L_bcs=3.689e-01  L_res=2.662e-01  val_ARE=4.565% *
Iter   4000: L=1.168e-01  L_data=8.165e-02  L_bcs=9.635e-02  L_res=2.191e-01  val_ARE=3.566% *
Iter   5000: L=1.087e-01  L_data=7.492e-02  L_bcs=4.242e-02  L_res=2.165e-01  val_ARE=3.420% *
Iter   6000: L=9.931e-02  L_data=6.517e-02  L_bcs=6.934e-02  L_res=2.009e-01  val_ARE=3.198% *
Iter   7000: L=1.013e-01  L_data=7.024e-02  L_bcs=3.844e-02  L_res=2.009e-01  val_ARE=3.457%
Iter   8000: L=9.220e-02  L_data=6.120e-02  L_bcs=1.357e-02  L_res=1.947e-01  val_ARE=3.045% *
Iter   9000: L=8.749e-02  L_data=5.661e-02  L_bcs=2.201e-02  L_res=1.870e-01  val_ARE=2.811% *
Iter  10000: L=8.517e-02  L_data=5.617e-02  L_bcs=1.159e-02  L_res=1.811e-01  val_ARE=2.810% *
Iter  11000: L=8.114e-02  L_data=5.051e-02  L_bcs=1.274e-02  L_res=1.806e-01  val_ARE=2.570% *
Iter  12000: L=8.001e-02  L_data=4.875e-02  L_bcs=1.062e-02  L_res=1.814e-01  val_ARE=2.467% *
Iter  13000: L=7.602e-02  L_data=4.477e-02  L_bcs=7.780e-03  L_res=1.772e-01  val_ARE=2.284% *
Iter  14000: L=7.385e-02  L_data=4.306e-02  L_bcs=1.397e-02  L_res=1.720e-01  val_ARE=2.214% *
Iter  15000: L=7.204e-02  L_data=4.081e-02  L_bcs=5.166e-03  L_res=1.728e-01  val_ARE=2.136% *
Iter  16000: L=7.324e-02  L_data=4.122e-02  L_bcs=1.494e-02  L_res=1.745e-01  val_ARE=2.244%
Iter  17000: L=7.070e-02  L_data=3.955e-02  L_bcs=1.289e-02  L_res=1.695e-01  val_ARE=2.191%
Iter  18000: L=8.007e-02  L_data=4.862e-02  L_bcs=1.189e-02  L_res=1.818e-01  val_ARE=2.576%
Iter  19000: L=7.082e-02  L_data=4.040e-02  L_bcs=5.084e-03  L_res=1.691e-01  val_ARE=2.305%
Iter  20000: L=7.168e-02  L_data=3.973e-02  L_bcs=1.588e-02  L_res=1.723e-01  val_ARE=2.289%
Iter  21000: L=6.912e-02  L_data=3.743e-02  L_bcs=2.660e-03  L_res=1.711e-01  val_ARE=2.130% *
Iter  22000: L=6.603e-02  L_data=3.583e-02  L_bcs=4.427e-03  L_res=1.629e-01  val_ARE=2.091% *
Iter  23000: L=6.639e-02  L_data=3.577e-02  L_bcs=2.793e-03  L_res=1.649e-01  val_ARE=2.034% *
Iter  24000: L=6.438e-02  L_data=3.284e-02  L_bcs=2.812e-02  L_res=1.599e-01  val_ARE=1.976% *
Iter  25000: L=6.271e-02  L_data=3.273e-02  L_bcs=3.823e-03  L_res=1.584e-01  val_ARE=1.908% *
Iter  26000: L=6.344e-02  L_data=3.323e-02  L_bcs=2.146e-03  L_res=1.603e-01  val_ARE=1.882% *
Iter  27000: L=5.906e-02  L_data=3.071e-02  L_bcs=5.540e-03  L_res=1.491e-01  val_ARE=1.841% *
Iter  28000: L=6.059e-02  L_data=3.080e-02  L_bcs=1.782e-03  L_res=1.558e-01  val_ARE=1.800% *
Iter  29000: L=6.116e-02  L_data=3.069e-02  L_bcs=3.845e-03  L_res=1.579e-01  val_ARE=1.842%
Iter  30000: L=6.646e-02  L_data=3.262e-02  L_bcs=7.725e-02  L_res=1.591e-01  val_ARE=1.934%
Iter  31000: L=6.052e-02  L_data=3.156e-02  L_bcs=2.775e-03  L_res=1.531e-01  val_ARE=1.828%
Iter  32000: L=5.778e-02  L_data=2.844e-02  L_bcs=2.543e-03  L_res=1.510e-01  val_ARE=1.708% *
Iter  33000: L=5.604e-02  L_data=2.716e-02  L_bcs=2.031e-02  L_res=1.441e-01  val_ARE=1.665% *
Iter  34000: L=5.513e-02  L_data=2.742e-02  L_bcs=2.576e-03  L_res=1.432e-01  val_ARE=1.566% *
Iter  35000: L=5.477e-02  L_data=2.793e-02  L_bcs=1.974e-02  L_res=1.369e-01  val_ARE=1.700%
Iter  36000: L=5.429e-02  L_data=2.527e-02  L_bcs=2.868e-02  L_res=1.407e-01  val_ARE=1.501% *
Iter  37000: L=5.332e-02  L_data=2.476e-02  L_bcs=1.966e-02  L_res=1.400e-01  val_ARE=1.526%
Iter  38000: L=5.254e-02  L_data=2.484e-02  L_bcs=5.225e-03  L_res=1.396e-01  val_ARE=1.418% *
Iter  39000: L=5.132e-02  L_data=2.422e-02  L_bcs=1.173e-02  L_res=1.351e-01  val_ARE=1.407% *
Iter  40000: L=4.866e-02  L_data=2.306e-02  L_bcs=1.226e-03  L_res=1.298e-01  val_ARE=1.384% *
Iter  41000: L=5.031e-02  L_data=2.330e-02  L_bcs=2.344e-02  L_res=1.313e-01  val_ARE=1.422%
Iter  42000: L=5.078e-02  L_data=2.311e-02  L_bcs=1.989e-03  L_res=1.380e-01  val_ARE=1.455%
Iter  43000: L=4.790e-02  L_data=2.172e-02  L_bcs=3.238e-03  L_res=1.301e-01  val_ARE=1.299% *
Iter  44000: L=4.674e-02  L_data=2.121e-02  L_bcs=2.524e-03  L_res=1.271e-01  val_ARE=1.318%
Iter  45000: L=4.628e-02  L_data=2.126e-02  L_bcs=6.493e-03  L_res=1.243e-01  val_ARE=1.270% *
Iter  46000: L=4.726e-02  L_data=2.068e-02  L_bcs=2.367e-03  L_res=1.307e-01  val_ARE=1.227% *
Iter  47000: L=4.427e-02  L_data=2.016e-02  L_bcs=1.726e-03  L_res=1.203e-01  val_ARE=1.228%
Iter  48000: L=4.760e-02  L_data=2.141e-02  L_bcs=4.254e-02  L_res=1.219e-01  val_ARE=1.374%
Iter  49000: L=4.265e-02  L_data=1.913e-02  L_bcs=1.985e-03  L_res=1.167e-01  val_ARE=1.159% *
Iter  50000: L=4.416e-02  L_data=1.929e-02  L_bcs=9.905e-03  L_res=1.206e-01  val_ARE=1.257%
Iter  51000: L=4.199e-02  L_data=1.864e-02  L_bcs=1.982e-03  L_res=1.154e-01  val_ARE=1.282%
Iter  52000: L=4.242e-02  L_data=1.849e-02  L_bcs=1.752e-02  L_res=1.144e-01  val_ARE=1.164%
Iter  53000: L=3.995e-02  L_data=1.666e-02  L_bcs=2.815e-03  L_res=1.126e-01  val_ARE=1.072% *
Iter  54000: L=3.904e-02  L_data=1.656e-02  L_bcs=3.703e-03  L_res=1.090e-01  val_ARE=1.071% *
Iter  55000: L=3.739e-02  L_data=1.563e-02  L_bcs=4.743e-03  L_res=1.048e-01  val_ARE=1.009% *
Iter  56000: L=3.778e-02  L_data=1.617e-02  L_bcs=3.014e-03  L_res=1.053e-01  val_ARE=1.078%
Iter  57000: L=3.768e-02  L_data=1.566e-02  L_bcs=1.135e-02  L_res=1.046e-01  val_ARE=1.060%
Iter  58000: L=3.568e-02  L_data=1.506e-02  L_bcs=1.549e-03  L_res=1.002e-01  val_ARE=0.989% *
Iter  59000: L=3.605e-02  L_data=1.444e-02  L_bcs=1.390e-03  L_res=1.035e-01  val_ARE=0.981% *
Iter  60000: L=3.617e-02  L_data=1.421e-02  L_bcs=2.827e-03  L_res=1.044e-01  val_ARE=0.993%
Iter  61000: L=3.679e-02  L_data=1.560e-02  L_bcs=1.341e-02  L_res=1.008e-01  val_ARE=1.166%
Iter  62000: L=3.578e-02  L_data=1.397e-02  L_bcs=1.893e-02  L_res=1.002e-01  val_ARE=1.038%
Iter  63000: L=4.409e-02  L_data=1.934e-02  L_bcs=1.158e-01  L_res=9.906e-02  val_ARE=1.367%
Iter  64000: L=3.359e-02  L_data=1.322e-02  L_bcs=3.651e-03  L_res=9.660e-02  val_ARE=0.944% *
Iter  65000: L=3.186e-02  L_data=1.230e-02  L_bcs=1.615e-03  L_res=9.267e-02  val_ARE=0.918% *
Iter  66000: L=3.202e-02  L_data=1.253e-02  L_bcs=5.470e-03  L_res=9.191e-02  val_ARE=0.913% *
Iter  67000: L=3.226e-02  L_data=1.398e-02  L_bcs=8.110e-04  L_res=8.975e-02  val_ARE=1.268%
Iter  68000: L=3.204e-02  L_data=1.251e-02  L_bcs=2.509e-02  L_res=8.813e-02  val_ARE=0.969%
Iter  69000: L=3.127e-02  L_data=1.255e-02  L_bcs=7.519e-03  L_res=8.843e-02  val_ARE=0.950%
Iter  70000: L=3.014e-02  L_data=1.139e-02  L_bcs=9.459e-04  L_res=8.849e-02  val_ARE=0.871% *
Iter  71000: L=3.209e-02  L_data=1.204e-02  L_bcs=1.767e-02  L_res=9.110e-02  val_ARE=0.990%
Iter  72000: L=2.913e-02  L_data=1.118e-02  L_bcs=3.567e-03  L_res=8.450e-02  val_ARE=0.825% *
Iter  73000: L=2.914e-02  L_data=1.111e-02  L_bcs=9.760e-03  L_res=8.348e-02  val_ARE=0.868%
Iter  74000: L=2.818e-02  L_data=1.027e-02  L_bcs=1.586e-03  L_res=8.364e-02  val_ARE=0.788% *
Iter  75000: L=2.859e-02  L_data=1.098e-02  L_bcs=1.495e-03  L_res=8.332e-02  val_ARE=0.921%
Iter  76000: L=2.661e-02  L_data=1.027e-02  L_bcs=2.685e-03  L_res=7.714e-02  val_ARE=0.895%
Iter  77000: L=2.682e-02  L_data=9.877e-03  L_bcs=1.327e-03  L_res=7.934e-02  val_ARE=0.800%
Iter  78000: L=2.679e-02  L_data=9.697e-03  L_bcs=4.939e-03  L_res=7.902e-02  val_ARE=0.833%
Iter  79000: L=2.603e-02  L_data=9.663e-03  L_bcs=4.839e-03  L_res=7.610e-02  val_ARE=0.866%
Iter  80000: L=2.725e-02  L_data=9.950e-03  L_bcs=1.122e-02  L_res=7.889e-02  val_ARE=0.827%
Iter  81000: L=2.507e-02  L_data=9.175e-03  L_bcs=1.005e-03  L_res=7.438e-02  val_ARE=0.863%
Iter  82000: L=2.473e-02  L_data=8.737e-03  L_bcs=3.843e-03  L_res=7.370e-02  val_ARE=0.743% *
Iter  83000: L=2.510e-02  L_data=8.828e-03  L_bcs=8.800e-03  L_res=7.393e-02  val_ARE=0.779%
Iter  84000: L=2.345e-02  L_data=8.203e-03  L_bcs=1.211e-03  L_res=7.058e-02  val_ARE=0.690% *
Iter  85000: L=2.385e-02  L_data=8.115e-03  L_bcs=3.986e-03  L_res=7.188e-02  val_ARE=0.683% *
Iter  86000: L=2.332e-02  L_data=8.260e-03  L_bcs=1.013e-03  L_res=6.996e-02  val_ARE=0.722%
Iter  87000: L=2.326e-02  L_data=8.474e-03  L_bcs=2.886e-03  L_res=6.874e-02  val_ARE=0.806%
Iter  88000: L=2.500e-02  L_data=1.013e-02  L_bcs=1.354e-02  L_res=6.892e-02  val_ARE=1.210%
Iter  89000: L=2.233e-02  L_data=7.943e-03  L_bcs=3.205e-03  L_res=6.645e-02  val_ARE=0.676% *
Iter  90000: L=2.233e-02  L_data=7.674e-03  L_bcs=1.939e-03  L_res=6.744e-02  val_ARE=0.677%
Iter  91000: L=2.189e-02  L_data=7.622e-03  L_bcs=2.025e-03  L_res=6.583e-02  val_ARE=0.660% *
Iter  92000: L=2.150e-02  L_data=7.335e-03  L_bcs=2.094e-03  L_res=6.505e-02  val_ARE=0.634% *
Iter  93000: L=2.163e-02  L_data=7.504e-03  L_bcs=4.828e-03  L_res=6.456e-02  val_ARE=0.721%
Iter  94000: L=2.112e-02  L_data=7.122e-03  L_bcs=3.459e-03  L_res=6.386e-02  val_ARE=0.655%
Iter  95000: L=2.013e-02  L_data=6.809e-03  L_bcs=2.932e-03  L_res=6.087e-02  val_ARE=0.605% *
Iter  96000: L=2.011e-02  L_data=6.928e-03  L_bcs=2.116e-03  L_res=6.064e-02  val_ARE=0.619%
Iter  97000: L=2.007e-02  L_data=7.097e-03  L_bcs=8.147e-04  L_res=6.025e-02  val_ARE=0.624%
Iter  98000: L=2.053e-02  L_data=6.774e-03  L_bcs=1.170e-03  L_res=6.290e-02  val_ARE=0.626%
Iter  99000: L=1.934e-02  L_data=6.589e-03  L_bcs=4.319e-03  L_res=5.805e-02  val_ARE=0.613%

Best validation ARE = 0.605% at iter 95000; restoring those params.
[I 2026-09-14 16:04:20,014] Trial 3 finished with value: 0.6051496863365173 and parameters: {}. Best is trial 3 with value: 0.6051496863365173.
