
===== launch 2026-09-14 19:04:11: architecture search =====
Batch size 5000, 100000 iterations per trial
Branch input: (Q - 0.000000) / 1.000000
Search worker on CUDA_VISIBLE_DEVICES=6

Trial 1: 5 layers, branch 128, trunk 512, lr 1.72e-04, res/data 2.029, bcs/data 0.021, seed 1234
Iter      0: L=1.634e+01  L_data=9.515e+00  L_bcs=2.798e+00  L_res=3.334e+00  val_ARE=63.218% *
Iter   1000: L=5.830e-01  L_data=1.090e-01  L_bcs=1.115e+00  L_res=2.221e-01  val_ARE=4.335% *
Iter   2000: L=5.083e-01  L_data=8.048e-02  L_bcs=3.326e-01  L_res=2.074e-01  val_ARE=3.667% *
Iter   3000: L=4.707e-01  L_data=6.565e-02  L_bcs=1.787e-01  L_res=1.978e-01  val_ARE=3.397% *
Iter   4000: L=4.293e-01  L_data=5.788e-02  L_bcs=1.787e-01  L_res=1.812e-01  val_ARE=3.097% *
Iter   5000: L=4.137e-01  L_data=5.240e-02  L_bcs=1.698e-01  L_res=1.763e-01  val_ARE=2.964% *
Iter   6000: L=3.949e-01  L_data=4.560e-02  L_bcs=6.956e-02  L_res=1.714e-01  val_ARE=2.751% *
Iter   7000: L=3.622e-01  L_data=4.134e-02  L_bcs=4.451e-02  L_res=1.577e-01  val_ARE=2.692% *
Iter   8000: L=3.351e-01  L_data=3.532e-02  L_bcs=3.552e-02  L_res=1.474e-01  val_ARE=2.514% *
Iter   9000: L=3.056e-01  L_data=2.903e-02  L_bcs=4.546e-02  L_res=1.358e-01  val_ARE=2.480% *
Iter  10000: L=2.789e-01  L_data=2.807e-02  L_bcs=2.791e-02  L_res=1.233e-01  val_ARE=2.618%
Iter  11000: L=2.625e-01  L_data=2.554e-02  L_bcs=3.728e-02  L_res=1.164e-01  val_ARE=2.323% *
Iter  12000: L=2.428e-01  L_data=2.265e-02  L_bcs=9.122e-02  L_res=1.076e-01  val_ARE=2.287% *
Iter  13000: L=2.095e-01  L_data=1.901e-02  L_bcs=8.951e-03  L_res=9.377e-02  val_ARE=2.187% *
Iter  14000: L=2.049e-01  L_data=1.758e-02  L_bcs=4.460e-02  L_res=9.184e-02  val_ARE=2.247%
Iter  15000: L=2.046e-01  L_data=1.876e-02  L_bcs=1.192e-01  L_res=9.036e-02  val_ARE=2.349%
Iter  16000: L=1.874e-01  L_data=1.473e-02  L_bcs=1.779e-02  L_res=8.494e-02  val_ARE=2.310%
Iter  17000: L=1.793e-01  L_data=1.449e-02  L_bcs=1.645e-02  L_res=8.105e-02  val_ARE=2.322%
Iter  18000: L=1.681e-01  L_data=1.363e-02  L_bcs=8.550e-03  L_res=7.602e-02  val_ARE=2.193%
Iter  19000: L=1.635e-01  L_data=1.294e-02  L_bcs=5.318e-03  L_res=7.416e-02  val_ARE=2.114% *
Iter  20000: L=1.565e-01  L_data=1.192e-02  L_bcs=8.178e-03  L_res=7.120e-02  val_ARE=2.051% *
Iter  21000: L=2.054e-01  L_data=2.634e-02  L_bcs=5.797e-01  L_res=8.227e-02  val_ARE=2.650%
Iter  22000: L=1.416e-01  L_data=1.064e-02  L_bcs=7.240e-03  L_res=6.445e-02  val_ARE=2.168%
Iter  23000: L=1.367e-01  L_data=1.007e-02  L_bcs=6.496e-03  L_res=6.237e-02  val_ARE=2.107%
Iter  24000: L=1.355e-01  L_data=1.051e-02  L_bcs=8.211e-03  L_res=6.151e-02  val_ARE=1.939% *
Iter  25000: L=1.320e-01  L_data=1.013e-02  L_bcs=4.630e-03  L_res=6.002e-02  val_ARE=1.888% *
Iter  26000: L=1.292e-01  L_data=9.402e-03  L_bcs=6.967e-03  L_res=5.896e-02  val_ARE=1.937%
Iter  27000: L=1.236e-01  L_data=9.094e-03  L_bcs=8.085e-03  L_res=5.634e-02  val_ARE=1.994%
Iter  28000: L=1.253e-01  L_data=8.570e-03  L_bcs=6.068e-03  L_res=5.749e-02  val_ARE=1.887% *
Iter  29000: L=1.233e-01  L_data=9.005e-03  L_bcs=4.729e-02  L_res=5.585e-02  val_ARE=2.026%
Iter  30000: L=1.154e-01  L_data=8.403e-03  L_bcs=1.477e-02  L_res=5.257e-02  val_ARE=1.890%
Iter  31000: L=1.132e-01  L_data=7.983e-03  L_bcs=1.034e-02  L_res=5.175e-02  val_ARE=1.875% *
Iter  32000: L=1.063e-01  L_data=8.275e-03  L_bcs=2.263e-02  L_res=4.807e-02  val_ARE=1.821% *
Iter  33000: L=9.619e-02  L_data=6.537e-03  L_bcs=1.902e-03  L_res=4.417e-02  val_ARE=1.714% *
Iter  34000: L=9.746e-02  L_data=6.608e-03  L_bcs=3.701e-03  L_res=4.474e-02  val_ARE=1.712% *
Iter  35000: L=9.031e-02  L_data=6.628e-03  L_bcs=4.194e-03  L_res=4.120e-02  val_ARE=1.669% *
Iter  36000: L=8.721e-02  L_data=6.558e-03  L_bcs=3.924e-03  L_res=3.971e-02  val_ARE=1.631% *
Iter  37000: L=8.907e-02  L_data=7.689e-03  L_bcs=5.020e-03  L_res=4.006e-02  val_ARE=1.966%
Iter  38000: L=9.028e-02  L_data=8.350e-03  L_bcs=3.310e-02  L_res=4.004e-02  val_ARE=1.674%
Iter  39000: L=9.804e-02  L_data=8.819e-03  L_bcs=2.239e-01  L_res=4.167e-02  val_ARE=1.822%
Iter  40000: L=7.910e-02  L_data=5.414e-03  L_bcs=8.270e-03  L_res=3.623e-02  val_ARE=1.545% *
Iter  41000: L=8.321e-02  L_data=7.113e-03  L_bcs=3.318e-02  L_res=3.716e-02  val_ARE=1.830%
Iter  42000: L=7.650e-02  L_data=5.122e-03  L_bcs=2.140e-03  L_res=3.516e-02  val_ARE=1.489% *
Iter  43000: L=7.562e-02  L_data=5.787e-03  L_bcs=2.481e-03  L_res=3.439e-02  val_ARE=1.716%
Iter  44000: L=7.214e-02  L_data=4.956e-03  L_bcs=1.629e-03  L_res=3.310e-02  val_ARE=1.484% *
Iter  45000: L=6.750e-02  L_data=4.655e-03  L_bcs=4.157e-03  L_res=3.093e-02  val_ARE=1.465% *
Iter  46000: L=7.317e-02  L_data=5.222e-03  L_bcs=4.538e-02  L_res=3.302e-02  val_ARE=1.591%
Iter  47000: L=6.984e-02  L_data=5.206e-03  L_bcs=2.337e-02  L_res=3.161e-02  val_ARE=1.607%
Iter  48000: L=6.478e-02  L_data=4.533e-03  L_bcs=1.662e-02  L_res=2.952e-02  val_ARE=1.473%
Iter  49000: L=6.439e-02  L_data=4.679e-03  L_bcs=1.587e-02  L_res=2.926e-02  val_ARE=1.479%
Iter  50000: L=6.833e-02  L_data=5.924e-03  L_bcs=6.546e-02  L_res=3.009e-02  val_ARE=1.534%
Iter  51000: L=6.216e-02  L_data=5.580e-03  L_bcs=1.209e-02  L_res=2.776e-02  val_ARE=1.683%
Iter  52000: L=5.979e-02  L_data=4.637e-03  L_bcs=2.712e-02  L_res=2.691e-02  val_ARE=1.435% *
Iter  53000: L=5.846e-02  L_data=3.887e-03  L_bcs=1.297e-02  L_res=2.676e-02  val_ARE=1.438%
Iter  54000: L=6.498e-02  L_data=6.343e-03  L_bcs=1.290e-01  L_res=2.757e-02  val_ARE=1.575%
Iter  55000: L=5.844e-02  L_data=3.999e-03  L_bcs=2.929e-02  L_res=2.653e-02  val_ARE=1.403% *
Iter  56000: L=5.521e-02  L_data=4.276e-03  L_bcs=4.000e-03  L_res=2.506e-02  val_ARE=1.331% *
Iter  57000: L=5.329e-02  L_data=3.788e-03  L_bcs=7.280e-03  L_res=2.432e-02  val_ARE=1.427%
Iter  58000: L=5.439e-02  L_data=3.967e-03  L_bcs=2.188e-02  L_res=2.463e-02  val_ARE=1.432%
Iter  59000: L=5.284e-02  L_data=4.020e-03  L_bcs=9.331e-03  L_res=2.396e-02  val_ARE=1.518%
Iter  60000: L=5.411e-02  L_data=3.213e-03  L_bcs=4.068e-03  L_res=2.504e-02  val_ARE=1.381%
Iter  61000: L=5.087e-02  L_data=3.520e-03  L_bcs=4.956e-03  L_res=2.329e-02  val_ARE=1.419%
Iter  62000: L=5.049e-02  L_data=3.656e-03  L_bcs=1.440e-03  L_res=2.307e-02  val_ARE=1.391%
Iter  63000: L=4.912e-02  L_data=3.278e-03  L_bcs=1.499e-03  L_res=2.258e-02  val_ARE=1.396%
Iter  64000: L=4.879e-02  L_data=3.525e-03  L_bcs=1.014e-03  L_res=2.230e-02  val_ARE=1.318% *
Iter  65000: L=4.715e-02  L_data=3.200e-03  L_bcs=4.313e-03  L_res=2.162e-02  val_ARE=1.418%
Iter  66000: L=4.686e-02  L_data=2.986e-03  L_bcs=2.996e-03  L_res=2.159e-02  val_ARE=1.385%
Iter  67000: L=4.750e-02  L_data=3.207e-03  L_bcs=9.972e-03  L_res=2.173e-02  val_ARE=1.369%
Iter  68000: L=5.190e-02  L_data=4.558e-03  L_bcs=3.902e-02  L_res=2.293e-02  val_ARE=1.657%
Iter  69000: L=4.486e-02  L_data=3.186e-03  L_bcs=9.709e-03  L_res=2.044e-02  val_ARE=1.354%
Iter  70000: L=4.332e-02  L_data=3.023e-03  L_bcs=1.507e-03  L_res=1.985e-02  val_ARE=1.352%
Iter  71000: L=4.525e-02  L_data=3.517e-03  L_bcs=1.061e-03  L_res=2.056e-02  val_ARE=1.485%
Iter  72000: L=4.645e-02  L_data=3.332e-03  L_bcs=2.730e-02  L_res=2.097e-02  val_ARE=1.344%
Iter  73000: L=4.334e-02  L_data=2.871e-03  L_bcs=3.359e-03  L_res=1.991e-02  val_ARE=1.324%
Iter  74000: L=4.204e-02  L_data=2.776e-03  L_bcs=7.791e-03  L_res=1.927e-02  val_ARE=1.357%
Iter  75000: L=3.976e-02  L_data=2.593e-03  L_bcs=1.009e-03  L_res=1.831e-02  val_ARE=1.285% *
Iter  76000: L=4.440e-02  L_data=3.529e-03  L_bcs=3.608e-02  L_res=1.977e-02  val_ARE=1.353%
Iter  77000: L=4.020e-02  L_data=2.760e-03  L_bcs=8.820e-03  L_res=1.836e-02  val_ARE=1.316%
Iter  78000: L=3.937e-02  L_data=2.695e-03  L_bcs=1.053e-03  L_res=1.807e-02  val_ARE=1.351%
Iter  79000: L=4.358e-02  L_data=4.991e-03  L_bcs=2.226e-02  L_res=1.879e-02  val_ARE=1.727%
Iter  80000: L=4.002e-02  L_data=2.933e-03  L_bcs=6.202e-03  L_res=1.822e-02  val_ARE=1.371%
Iter  81000: L=3.636e-02  L_data=2.246e-03  L_bcs=1.130e-03  L_res=1.680e-02  val_ARE=1.287%
Iter  82000: L=3.748e-02  L_data=2.609e-03  L_bcs=6.777e-03  L_res=1.712e-02  val_ARE=1.393%
Iter  83000: L=3.601e-02  L_data=2.318e-03  L_bcs=1.910e-03  L_res=1.659e-02  val_ARE=1.316%
Iter  84000: L=3.641e-02  L_data=2.390e-03  L_bcs=1.292e-02  L_res=1.663e-02  val_ARE=1.320%
Iter  85000: L=3.487e-02  L_data=2.476e-03  L_bcs=6.080e-03  L_res=1.591e-02  val_ARE=1.315%
Iter  86000: L=3.444e-02  L_data=2.284e-03  L_bcs=3.202e-03  L_res=1.581e-02  val_ARE=1.320%
Iter  87000: L=3.479e-02  L_data=2.802e-03  L_bcs=1.228e-02  L_res=1.564e-02  val_ARE=1.424%
Iter  88000: L=3.341e-02  L_data=2.236e-03  L_bcs=3.149e-03  L_res=1.533e-02  val_ARE=1.344%
Iter  89000: L=3.836e-02  L_data=3.038e-03  L_bcs=3.662e-02  L_res=1.703e-02  val_ARE=1.492%
Iter  90000: L=3.548e-02  L_data=2.436e-03  L_bcs=2.665e-02  L_res=1.601e-02  val_ARE=1.375%
Iter  91000: L=3.327e-02  L_data=2.997e-03  L_bcs=2.591e-03  L_res=1.490e-02  val_ARE=1.562%
Iter  92000: L=3.347e-02  L_data=2.196e-03  L_bcs=1.239e-03  L_res=1.540e-02  val_ARE=1.436%
Iter  93000: L=3.160e-02  L_data=1.927e-03  L_bcs=1.561e-03  L_res=1.461e-02  val_ARE=1.345%
Iter  94000: L=3.873e-02  L_data=2.951e-03  L_bcs=5.795e-02  L_res=1.704e-02  val_ARE=1.431%
Iter  95000: L=3.052e-02  L_data=2.319e-03  L_bcs=1.173e-02  L_res=1.378e-02  val_ARE=1.438%
[I 2026-09-14 20:35:34,321] Trial 1 pruned. 

Trial 13: 4 layers, branch 512, trunk 256, lr 7.64e-05, res/data 0.285, bcs/data 0.074, seed 1234
Iter      0: L=1.684e+01  L_data=1.518e+01  L_bcs=1.203e+00  L_res=5.508e+00  val_ARE=80.615% *
Iter   1000: L=3.208e-01  L_data=1.815e-01  L_bcs=6.653e-01  L_res=3.160e-01  val_ARE=5.777% *
Iter   2000: L=7.373e-01  L_data=5.775e-01  L_bcs=1.261e-01  L_res=5.285e-01  val_ARE=11.288%
Iter   3000: L=2.522e-01  L_data=1.294e-01  L_bcs=5.319e-01  L_res=2.928e-01  val_ARE=4.909% *
Iter   4000: L=2.338e-01  L_data=1.287e-01  L_bcs=3.452e-01  L_res=2.792e-01  val_ARE=4.701% *
Iter   5000: L=2.431e-01  L_data=1.399e-01  L_bcs=2.521e-01  L_res=2.969e-01  val_ARE=4.951%
Iter   6000: L=2.238e-01  L_data=1.102e-01  L_bcs=5.406e-01  L_res=2.585e-01  val_ARE=4.238% *
Iter   7000: L=1.784e-01  L_data=9.477e-02  L_bcs=1.892e-01  L_res=2.444e-01  val_ARE=3.733% *
Iter   8000: L=1.448e-01  L_data=7.507e-02  L_bcs=1.015e-01  L_res=2.185e-01  val_ARE=3.035% *
Iter   9000: L=1.312e-01  L_data=6.707e-02  L_bcs=7.792e-02  L_res=2.050e-01  val_ARE=2.823% *
Iter  10000: L=1.296e-01  L_data=6.988e-02  L_bcs=2.925e-02  L_res=2.021e-01  val_ARE=2.992%
Iter  11000: L=1.249e-01  L_data=6.420e-02  L_bcs=3.536e-02  L_res=2.040e-01  val_ARE=2.839%
Iter  12000: L=1.208e-01  L_data=5.986e-02  L_bcs=4.152e-02  L_res=2.031e-01  val_ARE=2.606% *
Iter  13000: L=1.172e-01  L_data=5.911e-02  L_bcs=2.442e-02  L_res=1.977e-01  val_ARE=2.545% *
Iter  14000: L=1.174e-01  L_data=5.927e-02  L_bcs=1.630e-02  L_res=2.000e-01  val_ARE=2.499% *
Iter  15000: L=1.138e-01  L_data=5.625e-02  L_bcs=2.224e-02  L_res=1.964e-01  val_ARE=2.421% *
Iter  16000: L=1.129e-01  L_data=5.561e-02  L_bcs=1.288e-02  L_res=1.978e-01  val_ARE=2.463%
Iter  17000: L=1.099e-01  L_data=5.407e-02  L_bcs=9.898e-03  L_res=1.934e-01  val_ARE=2.460%
Iter  18000: L=1.084e-01  L_data=5.245e-02  L_bcs=2.196e-02  L_res=1.909e-01  val_ARE=2.284% *
Iter  19000: L=1.029e-01  L_data=4.918e-02  L_bcs=1.500e-02  L_res=1.848e-01  val_ARE=2.222% *
Iter  20000: L=1.036e-01  L_data=4.910e-02  L_bcs=6.305e-03  L_res=1.899e-01  val_ARE=2.192% *
Iter  21000: L=1.020e-01  L_data=4.848e-02  L_bcs=1.049e-02  L_res=1.851e-01  val_ARE=2.120% *
Iter  22000: L=1.009e-01  L_data=4.760e-02  L_bcs=7.165e-03  L_res=1.854e-01  val_ARE=2.136%
Iter  23000: L=9.963e-02  L_data=4.662e-02  L_bcs=7.735e-03  L_res=1.841e-01  val_ARE=2.126%
Iter  24000: L=9.661e-02  L_data=4.545e-02  L_bcs=4.195e-03  L_res=1.786e-01  val_ARE=2.143%
Iter  25000: L=9.882e-02  L_data=4.633e-02  L_bcs=2.146e-02  L_res=1.788e-01  val_ARE=2.123%
Iter  26000: L=9.989e-02  L_data=4.684e-02  L_bcs=3.300e-03  L_res=1.854e-01  val_ARE=2.100% *
[I 2026-09-14 20:54:44,251] Trial 13 pruned. 

Trial 20: 3 layers, branch 512, trunk 1024, lr 6.77e-05, res/data 1.684, bcs/data 0.108, seed 1234
Iter      0: L=1.578e+01  L_data=9.313e+00  L_bcs=5.354e+00  L_res=3.495e+00  val_ARE=60.622% *
Iter   1000: L=7.941e-01  L_data=1.768e-01  L_bcs=1.027e+00  L_res=3.009e-01  val_ARE=5.839% *
Iter   2000: L=7.408e-01  L_data=1.744e-01  L_bcs=6.105e-01  L_res=2.973e-01  val_ARE=5.872%
Iter   3000: L=8.506e-01  L_data=1.933e-01  L_bcs=1.661e+00  L_res=2.841e-01  val_ARE=6.035%
Iter   4000: L=6.964e-01  L_data=1.397e-01  L_bcs=9.809e-01  L_res=2.679e-01  val_ARE=5.078% *
Iter   5000: L=6.897e-01  L_data=1.350e-01  L_bcs=6.770e-01  L_res=2.861e-01  val_ARE=4.898% *
Iter   6000: L=6.506e-01  L_data=1.294e-01  L_bcs=5.445e-01  L_res=2.747e-01  val_ARE=4.788% *
Iter   7000: L=6.560e-01  L_data=1.345e-01  L_bcs=5.799e-01  L_res=2.726e-01  val_ARE=4.904%
Iter   8000: L=5.017e-01  L_data=9.458e-02  L_bcs=1.864e-01  L_res=2.298e-01  val_ARE=3.628% *
Iter   9000: L=5.724e-01  L_data=1.401e-01  L_bcs=1.185e-01  L_res=2.492e-01  val_ARE=5.033%
Iter  10000: L=4.813e-01  L_data=8.782e-02  L_bcs=2.520e-01  L_res=2.176e-01  val_ARE=3.354% *
Iter  11000: L=4.506e-01  L_data=7.826e-02  L_bcs=1.158e-01  L_res=2.137e-01  val_ARE=3.207% *
Iter  12000: L=4.411e-01  L_data=7.422e-02  L_bcs=1.218e-01  L_res=2.101e-01  val_ARE=3.040% *
Iter  13000: L=4.509e-01  L_data=9.089e-02  L_bcs=4.840e-02  L_res=2.107e-01  val_ARE=3.848%
Iter  14000: L=4.124e-01  L_data=6.583e-02  L_bcs=9.845e-02  L_res=1.995e-01  val_ARE=2.739% *
Iter  15000: L=4.198e-01  L_data=7.328e-02  L_bcs=5.677e-02  L_res=2.021e-01  val_ARE=3.208%
Iter  16000: L=4.033e-01  L_data=6.402e-02  L_bcs=6.359e-02  L_res=1.974e-01  val_ARE=2.782%
Iter  17000: L=3.878e-01  L_data=6.137e-02  L_bcs=4.095e-02  L_res=1.912e-01  val_ARE=2.637% *
Iter  18000: L=3.923e-01  L_data=5.791e-02  L_bcs=9.951e-02  L_res=1.922e-01  val_ARE=2.467% *
Iter  19000: L=3.960e-01  L_data=6.690e-02  L_bcs=4.910e-02  L_res=1.923e-01  val_ARE=3.038%
Iter  20000: L=3.963e-01  L_data=5.741e-02  L_bcs=1.883e-01  L_res=1.892e-01  val_ARE=2.500%
[I 2026-09-14 21:28:38,686] Trial 20 pruned. 

Trial 28: 6 layers, branch 256, trunk 256, lr 5.94e-05, res/data 0.698, bcs/data 0.069, seed 1234
Iter      0: L=2.153e+01  L_data=1.752e+01  L_bcs=2.010e-01  L_res=5.728e+00  val_ARE=90.149% *
Iter   1000: L=4.346e-01  L_data=1.776e-01  L_bcs=6.969e-01  L_res=2.998e-01  val_ARE=5.797% *
Iter   2000: L=3.180e-01  L_data=1.222e-01  L_bcs=3.377e-01  L_res=2.473e-01  val_ARE=4.667% *
Iter   3000: L=2.563e-01  L_data=9.313e-02  L_bcs=1.064e-01  L_res=2.235e-01  val_ARE=3.683% *
Iter   4000: L=2.346e-01  L_data=8.227e-02  L_bcs=6.979e-02  L_res=2.115e-01  val_ARE=3.295% *
Iter   5000: L=2.266e-01  L_data=7.835e-02  L_bcs=3.092e-02  L_res=2.095e-01  val_ARE=3.265% *
Iter   6000: L=2.174e-01  L_data=7.089e-02  L_bcs=6.068e-02  L_res=2.041e-01  val_ARE=3.034% *
Iter   7000: L=2.078e-01  L_data=6.792e-02  L_bcs=1.594e-02  L_res=1.990e-01  val_ARE=2.867% *
Iter   8000: L=2.029e-01  L_data=6.467e-02  L_bcs=1.293e-02  L_res=1.969e-01  val_ARE=2.790% *
Iter   9000: L=1.919e-01  L_data=6.073e-02  L_bcs=1.272e-02  L_res=1.868e-01  val_ARE=2.636% *
Iter  10000: L=1.858e-01  L_data=5.703e-02  L_bcs=7.787e-03  L_res=1.838e-01  val_ARE=2.528% *
Iter  11000: L=1.825e-01  L_data=5.390e-02  L_bcs=5.939e-03  L_res=1.837e-01  val_ARE=2.444% *
Iter  12000: L=1.831e-01  L_data=5.244e-02  L_bcs=6.127e-03  L_res=1.868e-01  val_ARE=2.387% *
Iter  13000: L=1.790e-01  L_data=5.124e-02  L_bcs=1.030e-02  L_res=1.822e-01  val_ARE=2.289% *
Iter  14000: L=1.745e-01  L_data=4.882e-02  L_bcs=4.898e-03  L_res=1.796e-01  val_ARE=2.216% *
Iter  15000: L=1.734e-01  L_data=4.733e-02  L_bcs=5.138e-03  L_res=1.803e-01  val_ARE=2.214% *
Iter  16000: L=1.728e-01  L_data=4.591e-02  L_bcs=3.388e-03  L_res=1.816e-01  val_ARE=2.151% *
Iter  17000: L=1.665e-01  L_data=4.363e-02  L_bcs=5.397e-03  L_res=1.756e-01  val_ARE=2.062% *
Iter  18000: L=1.652e-01  L_data=4.266e-02  L_bcs=1.742e-02  L_res=1.739e-01  val_ARE=2.060% *
Iter  19000: L=1.552e-01  L_data=4.023e-02  L_bcs=3.221e-03  L_res=1.645e-01  val_ARE=1.993% *
Iter  20000: L=1.592e-01  L_data=3.965e-02  L_bcs=4.979e-03  L_res=1.709e-01  val_ARE=1.967% *
Iter  21000: L=1.555e-01  L_data=3.843e-02  L_bcs=4.270e-03  L_res=1.674e-01  val_ARE=1.873% *
Iter  22000: L=1.516e-01  L_data=3.788e-02  L_bcs=1.010e-02  L_res=1.620e-01  val_ARE=1.871% *
Iter  23000: L=1.505e-01  L_data=3.620e-02  L_bcs=1.861e-03  L_res=1.637e-01  val_ARE=1.894%
Iter  24000: L=1.446e-01  L_data=3.393e-02  L_bcs=3.048e-03  L_res=1.584e-01  val_ARE=1.879%
Iter  25000: L=1.424e-01  L_data=3.342e-02  L_bcs=2.534e-03  L_res=1.560e-01  val_ARE=1.764% *
Iter  26000: L=1.433e-01  L_data=3.308e-02  L_bcs=3.362e-03  L_res=1.577e-01  val_ARE=1.733% *
Iter  27000: L=1.356e-01  L_data=3.070e-02  L_bcs=2.066e-03  L_res=1.502e-01  val_ARE=1.696% *
Iter  28000: L=1.376e-01  L_data=3.034e-02  L_bcs=2.316e-03  L_res=1.535e-01  val_ARE=1.726%
Iter  29000: L=1.352e-01  L_data=2.925e-02  L_bcs=3.125e-03  L_res=1.516e-01  val_ARE=1.631% *
Iter  30000: L=1.375e-01  L_data=3.035e-02  L_bcs=2.175e-03  L_res=1.533e-01  val_ARE=1.605% *
Iter  31000: L=1.316e-01  L_data=2.923e-02  L_bcs=2.567e-03  L_res=1.464e-01  val_ARE=1.726%
Iter  32000: L=1.268e-01  L_data=2.741e-02  L_bcs=4.973e-03  L_res=1.420e-01  val_ARE=1.722%
Iter  33000: L=1.204e-01  L_data=2.611e-02  L_bcs=1.383e-03  L_res=1.351e-01  val_ARE=1.495% *
Iter  34000: L=1.238e-01  L_data=2.758e-02  L_bcs=1.516e-02  L_res=1.364e-01  val_ARE=1.590%
Iter  35000: L=1.173e-01  L_data=2.565e-02  L_bcs=9.669e-03  L_res=1.304e-01  val_ARE=1.506%
Iter  36000: L=1.200e-01  L_data=2.487e-02  L_bcs=1.676e-02  L_res=1.347e-01  val_ARE=1.505%
Iter  37000: L=1.163e-01  L_data=2.346e-02  L_bcs=4.692e-03  L_res=1.327e-01  val_ARE=1.427% *
Iter  38000: L=1.196e-01  L_data=2.502e-02  L_bcs=3.004e-03  L_res=1.353e-01  val_ARE=1.438%
Iter  39000: L=1.136e-01  L_data=2.347e-02  L_bcs=7.640e-03  L_res=1.284e-01  val_ARE=1.414% *
Iter  40000: L=1.106e-01  L_data=2.232e-02  L_bcs=1.797e-02  L_res=1.248e-01  val_ARE=1.498%
Iter  41000: L=1.094e-01  L_data=2.251e-02  L_bcs=1.410e-02  L_res=1.232e-01  val_ARE=1.345% *
Iter  42000: L=1.144e-01  L_data=2.233e-02  L_bcs=9.180e-03  L_res=1.310e-01  val_ARE=1.502%
Iter  43000: L=1.084e-01  L_data=2.134e-02  L_bcs=1.355e-03  L_res=1.247e-01  val_ARE=1.383%
Iter  44000: L=1.069e-01  L_data=2.134e-02  L_bcs=8.272e-03  L_res=1.218e-01  val_ARE=1.482%
Iter  45000: L=1.048e-01  L_data=2.073e-02  L_bcs=8.939e-03  L_res=1.197e-01  val_ARE=1.360%
Iter  46000: L=1.081e-01  L_data=2.024e-02  L_bcs=1.594e-02  L_res=1.244e-01  val_ARE=1.337% *
Iter  47000: L=1.013e-01  L_data=1.986e-02  L_bcs=1.620e-03  L_res=1.166e-01  val_ARE=1.290% *
Iter  48000: L=1.018e-01  L_data=1.964e-02  L_bcs=1.617e-03  L_res=1.177e-01  val_ARE=1.325%
Iter  49000: L=9.952e-02  L_data=1.946e-02  L_bcs=2.538e-03  L_res=1.145e-01  val_ARE=1.314%
Iter  50000: L=1.020e-01  L_data=1.883e-02  L_bcs=3.966e-03  L_res=1.188e-01  val_ARE=1.246% *
Iter  51000: L=9.974e-02  L_data=1.868e-02  L_bcs=6.652e-03  L_res=1.156e-01  val_ARE=1.252%
Iter  52000: L=1.010e-01  L_data=1.897e-02  L_bcs=2.629e-03  L_res=1.173e-01  val_ARE=1.276%
Iter  53000: L=9.996e-02  L_data=1.850e-02  L_bcs=1.163e-03  L_res=1.167e-01  val_ARE=1.315%
Iter  54000: L=9.824e-02  L_data=1.861e-02  L_bcs=1.258e-03  L_res=1.140e-01  val_ARE=1.218% *
Iter  55000: L=9.516e-02  L_data=1.785e-02  L_bcs=1.318e-03  L_res=1.107e-01  val_ARE=1.275%
Iter  56000: L=9.511e-02  L_data=1.802e-02  L_bcs=5.159e-03  L_res=1.100e-01  val_ARE=1.213% *
Iter  57000: L=9.507e-02  L_data=1.721e-02  L_bcs=1.106e-03  L_res=1.115e-01  val_ARE=1.185% *
Iter  58000: L=8.899e-02  L_data=1.689e-02  L_bcs=1.076e-03  L_res=1.033e-01  val_ARE=1.213%
Iter  59000: L=9.262e-02  L_data=1.723e-02  L_bcs=2.432e-03  L_res=1.078e-01  val_ARE=1.160% *
Iter  60000: L=9.117e-02  L_data=1.600e-02  L_bcs=1.316e-03  L_res=1.076e-01  val_ARE=1.211%
Iter  61000: L=8.780e-02  L_data=1.552e-02  L_bcs=1.016e-02  L_res=1.026e-01  val_ARE=1.173%
Iter  62000: L=8.977e-02  L_data=1.582e-02  L_bcs=1.704e-02  L_res=1.043e-01  val_ARE=1.193%
Iter  63000: L=8.467e-02  L_data=1.501e-02  L_bcs=2.347e-03  L_res=9.963e-02  val_ARE=1.142% *
Iter  64000: L=8.317e-02  L_data=1.455e-02  L_bcs=1.481e-02  L_res=9.692e-02  val_ARE=1.159%
Iter  65000: L=8.061e-02  L_data=1.370e-02  L_bcs=2.164e-03  L_res=9.570e-02  val_ARE=1.110% *
Iter  66000: L=7.792e-02  L_data=1.326e-02  L_bcs=2.354e-03  L_res=9.246e-02  val_ARE=1.064% *
Iter  67000: L=7.400e-02  L_data=1.255e-02  L_bcs=3.148e-03  L_res=8.778e-02  val_ARE=1.111%
Iter  68000: L=7.411e-02  L_data=1.248e-02  L_bcs=2.573e-03  L_res=8.809e-02  val_ARE=1.071%
Iter  69000: L=7.376e-02  L_data=1.244e-02  L_bcs=1.723e-03  L_res=8.773e-02  val_ARE=0.991% *
Iter  70000: L=7.302e-02  L_data=1.173e-02  L_bcs=2.677e-03  L_res=8.760e-02  val_ARE=1.003%
Iter  71000: L=7.246e-02  L_data=1.147e-02  L_bcs=8.185e-04  L_res=8.736e-02  val_ARE=0.994%
Iter  72000: L=7.018e-02  L_data=1.177e-02  L_bcs=8.544e-04  L_res=8.366e-02  val_ARE=1.006%
Iter  73000: L=6.962e-02  L_data=1.110e-02  L_bcs=3.349e-03  L_res=8.357e-02  val_ARE=1.016%
Iter  74000: L=6.877e-02  L_data=1.099e-02  L_bcs=9.417e-04  L_res=8.273e-02  val_ARE=0.958% *
Iter  75000: L=7.039e-02  L_data=1.102e-02  L_bcs=6.934e-03  L_res=8.443e-02  val_ARE=0.987%
Iter  76000: L=6.430e-02  L_data=1.035e-02  L_bcs=8.813e-03  L_res=7.648e-02  val_ARE=0.971%
Iter  77000: L=6.405e-02  L_data=1.006e-02  L_bcs=2.748e-03  L_res=7.712e-02  val_ARE=0.949% *
Iter  78000: L=6.549e-02  L_data=9.859e-03  L_bcs=1.284e-03  L_res=7.962e-02  val_ARE=1.018%
Iter  79000: L=6.335e-02  L_data=9.728e-03  L_bcs=3.119e-03  L_res=7.656e-02  val_ARE=0.970%
Iter  80000: L=6.383e-02  L_data=9.737e-03  L_bcs=8.572e-03  L_res=7.671e-02  val_ARE=0.967%
Iter  81000: L=6.037e-02  L_data=9.772e-03  L_bcs=9.664e-04  L_res=7.245e-02  val_ARE=0.930% *
Iter  82000: L=5.806e-02  L_data=8.940e-03  L_bcs=1.316e-03  L_res=7.029e-02  val_ARE=0.939%
Iter  83000: L=5.870e-02  L_data=8.538e-03  L_bcs=1.094e-03  L_res=7.180e-02  val_ARE=0.884% *
Iter  84000: L=5.729e-02  L_data=9.090e-03  L_bcs=5.387e-03  L_res=6.856e-02  val_ARE=1.048%
Iter  85000: L=5.744e-02  L_data=8.425e-03  L_bcs=1.352e-03  L_res=7.013e-02  val_ARE=0.925%
Iter  86000: L=5.564e-02  L_data=8.758e-03  L_bcs=3.755e-03  L_res=6.684e-02  val_ARE=1.027%
Iter  87000: L=5.368e-02  L_data=8.239e-03  L_bcs=7.966e-04  L_res=6.507e-02  val_ARE=0.876% *
Iter  88000: L=5.489e-02  L_data=8.015e-03  L_bcs=7.106e-03  L_res=6.649e-02  val_ARE=0.874% *
Iter  89000: L=5.806e-02  L_data=9.191e-03  L_bcs=3.844e-02  L_res=6.627e-02  val_ARE=1.064%
Iter  90000: L=5.315e-02  L_data=7.813e-03  L_bcs=4.463e-03  L_res=6.456e-02  val_ARE=0.889%
Iter  91000: L=5.161e-02  L_data=7.945e-03  L_bcs=1.271e-03  L_res=6.247e-02  val_ARE=0.943%
Iter  92000: L=5.130e-02  L_data=7.317e-03  L_bcs=2.489e-03  L_res=6.280e-02  val_ARE=0.849% *
Iter  93000: L=5.045e-02  L_data=7.124e-03  L_bcs=2.331e-03  L_res=6.188e-02  val_ARE=0.838% *
Iter  94000: L=5.014e-02  L_data=7.334e-03  L_bcs=1.549e-02  L_res=5.984e-02  val_ARE=0.888%
Iter  95000: L=4.790e-02  L_data=6.958e-03  L_bcs=6.459e-04  L_res=5.863e-02  val_ARE=0.804% *
Iter  96000: L=4.730e-02  L_data=6.665e-03  L_bcs=7.412e-04  L_res=5.819e-02  val_ARE=0.822%
Iter  97000: L=4.698e-02  L_data=6.810e-03  L_bcs=8.181e-03  L_res=5.677e-02  val_ARE=0.848%
Iter  98000: L=4.767e-02  L_data=6.800e-03  L_bcs=3.021e-03  L_res=5.829e-02  val_ARE=0.819%
Iter  99000: L=4.454e-02  L_data=6.447e-03  L_bcs=9.275e-04  L_res=5.452e-02  val_ARE=0.847%

Best validation ARE = 0.804% at iter 95000; restoring those params.
[I 2026-09-14 22:34:31,206] Trial 28 finished with value: 0.8475428521633148 and parameters: {'n_layers': 6, 'branch_log2': 8, 'trunk_log2': 8, 'lr': 5.9408539587719955e-05, 'res_over_data': 0.6975532761030814, 'bcs_over_data': 0.06874415828935561}. Best is trial 28 with value: 0.8475428521633148.

Trial 40: 6 layers, branch 256, trunk 256, lr 1.03e-04, res/data 0.590, bcs/data 0.034, seed 1234
Iter      0: L=1.842e+01  L_data=1.538e+01  L_bcs=4.177e-01  L_res=5.120e+00  val_ARE=84.003% *
Iter   1000: L=3.353e-01  L_data=1.456e-01  L_bcs=8.394e-01  L_res=2.724e-01  val_ARE=5.136% *
Iter   2000: L=2.291e-01  L_data=9.329e-02  L_bcs=1.630e-01  L_res=2.205e-01  val_ARE=3.638% *
Iter   3000: L=2.012e-01  L_data=7.350e-02  L_bcs=8.740e-02  L_res=2.113e-01  val_ARE=3.118% *
Iter   4000: L=1.919e-01  L_data=7.136e-02  L_bcs=4.682e-02  L_res=2.015e-01  val_ARE=3.053% *
Iter   5000: L=1.843e-01  L_data=6.585e-02  L_bcs=1.923e-02  L_res=1.996e-01  val_ARE=2.957% *
Iter   6000: L=1.716e-01  L_data=5.611e-02  L_bcs=7.606e-02  L_res=1.912e-01  val_ARE=2.657% *
Iter   7000: L=1.686e-01  L_data=5.827e-02  L_bcs=3.362e-02  L_res=1.849e-01  val_ARE=2.761%
Iter   8000: L=1.609e-01  L_data=5.199e-02  L_bcs=5.073e-02  L_res=1.815e-01  val_ARE=2.449% *
Iter   9000: L=1.527e-01  L_data=4.840e-02  L_bcs=1.509e-02  L_res=1.757e-01  val_ARE=2.289% *
Iter  10000: L=1.444e-01  L_data=4.476e-02  L_bcs=8.918e-03  L_res=1.683e-01  val_ARE=2.179% *
Iter  11000: L=1.430e-01  L_data=4.315e-02  L_bcs=5.843e-03  L_res=1.688e-01  val_ARE=2.367%
Iter  12000: L=1.715e-01  L_data=5.710e-02  L_bcs=1.930e-02  L_res=1.927e-01  val_ARE=2.889%
Iter  13000: L=1.471e-01  L_data=4.365e-02  L_bcs=7.446e-03  L_res=1.749e-01  val_ARE=2.380%
Iter  14000: L=1.373e-01  L_data=3.966e-02  L_bcs=5.335e-03  L_res=1.652e-01  val_ARE=2.238%
Iter  15000: L=1.375e-01  L_data=3.841e-02  L_bcs=2.180e-02  L_res=1.666e-01  val_ARE=2.272%
Iter  16000: L=1.338e-01  L_data=3.617e-02  L_bcs=9.332e-03  L_res=1.649e-01  val_ARE=2.033% *
Iter  17000: L=1.311e-01  L_data=3.457e-02  L_bcs=4.829e-02  L_res=1.608e-01  val_ARE=1.980% *
Iter  18000: L=1.240e-01  L_data=3.180e-02  L_bcs=5.819e-03  L_res=1.559e-01  val_ARE=2.001%
Iter  19000: L=1.150e-01  L_data=2.952e-02  L_bcs=6.593e-03  L_res=1.445e-01  val_ARE=1.921% *
Iter  20000: L=1.139e-01  L_data=2.825e-02  L_bcs=1.753e-02  L_res=1.440e-01  val_ARE=1.802% *
Iter  21000: L=1.116e-01  L_data=2.671e-02  L_bcs=2.453e-02  L_res=1.424e-01  val_ARE=1.670% *
Iter  22000: L=1.059e-01  L_data=2.493e-02  L_bcs=1.234e-02  L_res=1.365e-01  val_ARE=1.629% *
Iter  23000: L=1.061e-01  L_data=2.419e-02  L_bcs=2.225e-03  L_res=1.386e-01  val_ARE=1.613% *
Iter  24000: L=1.006e-01  L_data=2.220e-02  L_bcs=4.319e-03  L_res=1.326e-01  val_ARE=1.643%
Iter  25000: L=9.852e-02  L_data=2.296e-02  L_bcs=4.202e-03  L_res=1.277e-01  val_ARE=1.707%
Iter  26000: L=9.733e-02  L_data=2.154e-02  L_bcs=6.453e-03  L_res=1.280e-01  val_ARE=1.474% *
Iter  27000: L=9.046e-02  L_data=2.041e-02  L_bcs=3.342e-03  L_res=1.185e-01  val_ARE=1.444% *
Iter  28000: L=8.914e-02  L_data=1.910e-02  L_bcs=4.632e-03  L_res=1.184e-01  val_ARE=1.463%
Iter  29000: L=9.040e-02  L_data=1.929e-02  L_bcs=7.870e-03  L_res=1.200e-01  val_ARE=1.432% *
Iter  30000: L=8.960e-02  L_data=2.041e-02  L_bcs=2.613e-03  L_res=1.170e-01  val_ARE=1.822%
Iter  31000: L=8.640e-02  L_data=1.824e-02  L_bcs=3.374e-02  L_res=1.135e-01  val_ARE=1.522%
Iter  32000: L=8.080e-02  L_data=1.691e-02  L_bcs=3.068e-02  L_res=1.064e-01  val_ARE=1.489%
Iter  33000: L=7.434e-02  L_data=1.522e-02  L_bcs=2.135e-03  L_res=1.000e-01  val_ARE=1.375% *
Iter  34000: L=7.400e-02  L_data=1.549e-02  L_bcs=4.356e-03  L_res=9.886e-02  val_ARE=1.502%
Iter  35000: L=7.246e-02  L_data=1.541e-02  L_bcs=3.509e-03  L_res=9.642e-02  val_ARE=1.332% *
Iter  36000: L=7.330e-02  L_data=1.513e-02  L_bcs=3.994e-03  L_res=9.830e-02  val_ARE=1.724%
Iter  37000: L=7.156e-02  L_data=1.499e-02  L_bcs=5.494e-03  L_res=9.549e-02  val_ARE=1.389%
Iter  38000: L=6.636e-02  L_data=1.255e-02  L_bcs=5.876e-03  L_res=9.081e-02  val_ARE=1.471%
Iter  39000: L=6.431e-02  L_data=1.247e-02  L_bcs=1.417e-02  L_res=8.698e-02  val_ARE=1.424%
Iter  40000: L=6.171e-02  L_data=1.174e-02  L_bcs=1.909e-03  L_res=8.453e-02  val_ARE=1.437%
Iter  41000: L=6.138e-02  L_data=1.124e-02  L_bcs=2.211e-03  L_res=8.481e-02  val_ARE=1.343%
Iter  42000: L=6.279e-02  L_data=1.165e-02  L_bcs=1.674e-02  L_res=8.566e-02  val_ARE=1.549%
Iter  43000: L=5.784e-02  L_data=1.038e-02  L_bcs=2.516e-03  L_res=8.025e-02  val_ARE=1.333%
Iter  44000: L=5.692e-02  L_data=1.096e-02  L_bcs=2.969e-02  L_res=7.612e-02  val_ARE=1.323% *
Iter  45000: L=5.101e-02  L_data=9.260e-03  L_bcs=1.509e-03  L_res=7.063e-02  val_ARE=1.237% *
Iter  46000: L=5.206e-02  L_data=8.942e-03  L_bcs=2.832e-03  L_res=7.288e-02  val_ARE=1.290%
Iter  47000: L=4.932e-02  L_data=8.220e-03  L_bcs=3.291e-03  L_res=6.942e-02  val_ARE=1.245%
Iter  48000: L=4.744e-02  L_data=8.135e-03  L_bcs=1.580e-03  L_res=6.649e-02  val_ARE=1.179% *
Iter  49000: L=4.687e-02  L_data=8.558e-03  L_bcs=4.565e-03  L_res=6.463e-02  val_ARE=1.390%
Iter  50000: L=4.554e-02  L_data=7.401e-03  L_bcs=1.728e-03  L_res=6.451e-02  val_ARE=1.152% *
Iter  51000: L=4.296e-02  L_data=7.117e-03  L_bcs=6.394e-03  L_res=6.035e-02  val_ARE=1.154%
Iter  52000: L=4.272e-02  L_data=7.899e-03  L_bcs=2.423e-03  L_res=5.884e-02  val_ARE=1.432%
Iter  53000: L=4.136e-02  L_data=6.617e-03  L_bcs=8.999e-03  L_res=5.833e-02  val_ARE=1.139% *
Iter  54000: L=4.265e-02  L_data=7.185e-03  L_bcs=5.182e-03  L_res=5.977e-02  val_ARE=1.157%
Iter  55000: L=4.003e-02  L_data=6.490e-03  L_bcs=2.740e-03  L_res=5.666e-02  val_ARE=1.138% *
Iter  56000: L=3.882e-02  L_data=6.264e-03  L_bcs=1.753e-03  L_res=5.504e-02  val_ARE=1.172%
Iter  57000: L=3.762e-02  L_data=6.064e-03  L_bcs=1.031e-03  L_res=5.339e-02  val_ARE=1.118% *
Iter  58000: L=3.663e-02  L_data=5.739e-03  L_bcs=1.179e-03  L_res=5.227e-02  val_ARE=1.119%
Iter  59000: L=3.545e-02  L_data=5.926e-03  L_bcs=2.036e-03  L_res=4.989e-02  val_ARE=1.261%
Iter  60000: L=3.630e-02  L_data=6.544e-03  L_bcs=2.899e-03  L_res=5.023e-02  val_ARE=1.132%
Iter  61000: L=3.416e-02  L_data=5.542e-03  L_bcs=1.035e-02  L_res=4.786e-02  val_ARE=1.191%
Iter  62000: L=3.534e-02  L_data=6.310e-03  L_bcs=1.283e-02  L_res=4.842e-02  val_ARE=1.150%
Iter  63000: L=3.281e-02  L_data=5.816e-03  L_bcs=1.632e-02  L_res=4.477e-02  val_ARE=1.342%
Iter  64000: L=3.108e-02  L_data=4.770e-03  L_bcs=1.010e-03  L_res=4.451e-02  val_ARE=1.208%
Iter  65000: L=3.039e-02  L_data=4.951e-03  L_bcs=3.400e-03  L_res=4.289e-02  val_ARE=1.186%
Iter  66000: L=2.987e-02  L_data=5.075e-03  L_bcs=1.463e-03  L_res=4.191e-02  val_ARE=1.268%
Iter  67000: L=2.906e-02  L_data=4.591e-03  L_bcs=7.992e-04  L_res=4.141e-02  val_ARE=1.156%
Iter  68000: L=3.108e-02  L_data=5.139e-03  L_bcs=2.294e-02  L_res=4.260e-02  val_ARE=1.119%
Iter  69000: L=2.705e-02  L_data=4.254e-03  L_bcs=4.415e-03  L_res=3.835e-02  val_ARE=1.067% *
Iter  70000: L=2.672e-02  L_data=4.055e-03  L_bcs=2.868e-03  L_res=3.823e-02  val_ARE=1.102%
[I 2026-09-14 23:23:19,841] Trial 40 pruned. 

Trial 49: 4 layers, branch 128, trunk 256, lr 2.84e-04, res/data 0.275, bcs/data 0.166, seed 1234
Iter      0: L=1.111e+01  L_data=9.557e+00  L_bcs=2.683e+00  L_res=4.033e+00  val_ARE=61.041% *
Iter   1000: L=2.164e-01  L_data=1.340e-01  L_bcs=7.938e-02  L_res=2.511e-01  val_ARE=4.804% *
Iter   2000: L=1.466e-01  L_data=8.301e-02  L_bcs=1.951e-02  L_res=2.191e-01  val_ARE=3.499% *
Iter   3000: L=1.267e-01  L_data=6.830e-02  L_bcs=4.018e-03  L_res=2.098e-01  val_ARE=3.104% *
Iter   4000: L=1.266e-01  L_data=6.318e-02  L_bcs=5.655e-02  L_res=1.964e-01  val_ARE=2.889% *
Iter   5000: L=1.115e-01  L_data=5.728e-02  L_bcs=4.111e-03  L_res=1.947e-01  val_ARE=2.745% *
Iter   6000: L=1.461e-01  L_data=8.511e-02  L_bcs=1.524e-02  L_res=2.125e-01  val_ARE=3.811%
Iter   7000: L=1.398e-01  L_data=7.500e-02  L_bcs=5.044e-02  L_res=2.048e-01  val_ARE=3.400%
Iter   8000: L=1.311e-01  L_data=7.199e-02  L_bcs=2.212e-02  L_res=2.016e-01  val_ARE=3.605%
Iter   9000: L=1.141e-01  L_data=5.981e-02  L_bcs=9.736e-03  L_res=1.912e-01  val_ARE=3.070%
Iter  10000: L=1.081e-01  L_data=5.694e-02  L_bcs=2.135e-03  L_res=1.848e-01  val_ARE=2.916%
Iter  11000: L=1.039e-01  L_data=5.161e-02  L_bcs=1.052e-02  L_res=1.837e-01  val_ARE=2.631% *
Iter  12000: L=1.029e-01  L_data=5.045e-02  L_bcs=3.114e-03  L_res=1.888e-01  val_ARE=2.692%
Iter  13000: L=9.683e-02  L_data=4.678e-02  L_bcs=3.875e-03  L_res=1.795e-01  val_ARE=2.454% *
Iter  14000: L=2.126e-01  L_data=1.378e-01  L_bcs=2.747e-02  L_res=2.553e-01  val_ARE=4.746%
Iter  15000: L=1.134e-01  L_data=5.816e-02  L_bcs=9.143e-03  L_res=1.950e-01  val_ARE=3.125%
Iter  16000: L=1.029e-01  L_data=4.980e-02  L_bcs=6.093e-03  L_res=1.892e-01  val_ARE=2.648%
Iter  17000: L=9.657e-02  L_data=4.514e-02  L_bcs=8.715e-03  L_res=1.816e-01  val_ARE=2.579%
Iter  18000: L=9.033e-02  L_data=4.181e-02  L_bcs=1.182e-03  L_res=1.755e-01  val_ARE=2.248% *
Iter  19000: L=8.522e-02  L_data=3.858e-02  L_bcs=4.515e-03  L_res=1.667e-01  val_ARE=2.080% *
Iter  20000: L=8.468e-02  L_data=3.717e-02  L_bcs=5.013e-03  L_res=1.696e-01  val_ARE=2.113%
Iter  21000: L=8.277e-02  L_data=3.591e-02  L_bcs=1.793e-03  L_res=1.691e-01  val_ARE=2.157%
Iter  22000: L=7.847e-02  L_data=3.354e-02  L_bcs=1.306e-03  L_res=1.625e-01  val_ARE=1.968% *
Iter  23000: L=1.046e-01  L_data=5.107e-02  L_bcs=1.543e-02  L_res=1.850e-01  val_ARE=2.802%
Iter  24000: L=9.014e-02  L_data=4.130e-02  L_bcs=6.548e-03  L_res=1.735e-01  val_ARE=2.491%
Iter  25000: L=8.531e-02  L_data=3.835e-02  L_bcs=3.312e-03  L_res=1.686e-01  val_ARE=2.270%
Iter  26000: L=9.587e-02  L_data=3.891e-02  L_bcs=6.171e-02  L_res=1.697e-01  val_ARE=2.448%
Iter  27000: L=7.554e-02  L_data=3.172e-02  L_bcs=4.157e-03  L_res=1.567e-01  val_ARE=1.975%
Iter  28000: L=7.483e-02  L_data=3.070e-02  L_bcs=6.696e-04  L_res=1.599e-01  val_ARE=1.887% *
Iter  29000: L=7.347e-02  L_data=2.921e-02  L_bcs=5.581e-03  L_res=1.574e-01  val_ARE=1.754% *
Iter  30000: L=7.256e-02  L_data=2.954e-02  L_bcs=1.985e-03  L_res=1.551e-01  val_ARE=1.795%
Iter  31000: L=8.614e-02  L_data=3.986e-02  L_bcs=8.843e-04  L_res=1.676e-01  val_ARE=2.367%
Iter  32000: L=7.242e-02  L_data=2.947e-02  L_bcs=4.102e-03  L_res=1.536e-01  val_ARE=1.809%
Iter  33000: L=7.223e-02  L_data=2.843e-02  L_bcs=1.350e-02  L_res=1.509e-01  val_ARE=1.861%
Iter  34000: L=7.069e-02  L_data=2.931e-02  L_bcs=2.642e-03  L_res=1.488e-01  val_ARE=1.977%
Iter  35000: L=6.503e-02  L_data=2.531e-02  L_bcs=7.576e-03  L_res=1.397e-01  val_ARE=1.518% *
Iter  36000: L=6.393e-02  L_data=2.403e-02  L_bcs=1.346e-03  L_res=1.441e-01  val_ARE=1.541%
Iter  37000: L=6.416e-02  L_data=2.396e-02  L_bcs=8.171e-03  L_res=1.411e-01  val_ARE=1.597%
Iter  38000: L=8.185e-02  L_data=3.501e-02  L_bcs=7.349e-03  L_res=1.657e-01  val_ARE=2.377%
Iter  39000: L=5.954e-02  L_data=2.208e-02  L_bcs=2.852e-04  L_res=1.359e-01  val_ARE=1.438% *
Iter  40000: L=5.782e-02  L_data=2.108e-02  L_bcs=5.322e-03  L_res=1.302e-01  val_ARE=1.382% *
Iter  41000: L=5.762e-02  L_data=2.069e-02  L_bcs=2.290e-03  L_res=1.328e-01  val_ARE=1.338% *
Iter  42000: L=5.778e-02  L_data=2.031e-02  L_bcs=2.672e-03  L_res=1.345e-01  val_ARE=1.322% *
Iter  43000: L=6.603e-02  L_data=2.480e-02  L_bcs=1.738e-02  L_res=1.393e-01  val_ARE=1.626%
Iter  44000: L=2.277e+00  L_data=1.743e+00  L_bcs=5.753e-01  L_res=1.591e+00  val_ARE=17.213%
Iter  45000: L=5.826e-02  L_data=2.228e-02  L_bcs=3.707e-04  L_res=1.305e-01  val_ARE=1.760%
Iter  46000: L=5.755e-02  L_data=1.964e-02  L_bcs=9.295e-03  L_res=1.321e-01  val_ARE=1.581%
Iter  47000: L=5.323e-02  L_data=1.873e-02  L_bcs=7.314e-03  L_res=1.209e-01  val_ARE=1.459%
Iter  48000: L=5.140e-02  L_data=1.798e-02  L_bcs=3.611e-04  L_res=1.212e-01  val_ARE=1.403%
Iter  49000: L=4.963e-02  L_data=1.709e-02  L_bcs=1.795e-03  L_res=1.171e-01  val_ARE=1.360%
Iter  50000: L=4.938e-02  L_data=1.645e-02  L_bcs=6.048e-04  L_res=1.193e-01  val_ARE=1.228% *
Iter  51000: L=4.684e-02  L_data=1.561e-02  L_bcs=1.835e-04  L_res=1.133e-01  val_ARE=1.208% *
Iter  52000: L=4.581e-02  L_data=1.487e-02  L_bcs=1.848e-03  L_res=1.113e-01  val_ARE=1.153% *
Iter  53000: L=4.529e-02  L_data=1.421e-02  L_bcs=7.174e-04  L_res=1.125e-01  val_ARE=1.234%
Iter  54000: L=4.417e-02  L_data=1.430e-02  L_bcs=1.100e-03  L_res=1.079e-01  val_ARE=1.202%
Iter  55000: L=4.270e-02  L_data=1.346e-02  L_bcs=3.700e-04  L_res=1.060e-01  val_ARE=1.073% *
Iter  56000: L=4.146e-02  L_data=1.352e-02  L_bcs=3.508e-04  L_res=1.013e-01  val_ARE=1.027% *
Iter  57000: L=4.092e-02  L_data=1.258e-02  L_bcs=2.969e-03  L_res=1.012e-01  val_ARE=1.112%
Iter  58000: L=6.415e-02  L_data=2.666e-02  L_bcs=2.198e-03  L_res=1.348e-01  val_ARE=2.216%
Iter  59000: L=4.477e-02  L_data=1.452e-02  L_bcs=1.377e-03  L_res=1.090e-01  val_ARE=1.536%
Iter  60000: L=4.256e-02  L_data=1.303e-02  L_bcs=1.100e-03  L_res=1.066e-01  val_ARE=1.353%
Iter  61000: L=3.954e-02  L_data=1.199e-02  L_bcs=4.703e-04  L_res=9.977e-02  val_ARE=1.203%
Iter  62000: L=4.049e-02  L_data=1.206e-02  L_bcs=3.844e-03  L_res=1.010e-01  val_ARE=1.095%
Iter  63000: L=3.849e-02  L_data=1.197e-02  L_bcs=4.252e-04  L_res=9.607e-02  val_ARE=1.078%
Iter  64000: L=3.915e-02  L_data=1.155e-02  L_bcs=1.833e-03  L_res=9.913e-02  val_ARE=1.172%
Iter  65000: L=3.655e-02  L_data=1.123e-02  L_bcs=7.631e-04  L_res=9.151e-02  val_ARE=1.020% *
Iter  66000: L=3.632e-02  L_data=1.099e-02  L_bcs=5.052e-04  L_res=9.170e-02  val_ARE=1.001% *
Iter  67000: L=3.584e-02  L_data=1.088e-02  L_bcs=2.143e-04  L_res=9.054e-02  val_ARE=1.011%
Iter  68000: L=3.813e-02  L_data=1.138e-02  L_bcs=1.286e-02  L_res=8.941e-02  val_ARE=1.084%
Iter  69000: L=3.821e-02  L_data=1.166e-02  L_bcs=9.533e-03  L_res=9.069e-02  val_ARE=1.223%
Iter  70000: L=3.489e-02  L_data=1.009e-02  L_bcs=2.288e-04  L_res=8.993e-02  val_ARE=0.986% *
Iter  71000: L=3.568e-02  L_data=1.024e-02  L_bcs=1.697e-03  L_res=9.138e-02  val_ARE=0.886% *
Iter  72000: L=3.474e-02  L_data=1.059e-02  L_bcs=1.887e-03  L_res=8.657e-02  val_ARE=0.991%
Iter  73000: L=3.408e-02  L_data=1.017e-02  L_bcs=5.609e-04  L_res=8.652e-02  val_ARE=0.878% *
Iter  74000: L=3.443e-02  L_data=9.976e-03  L_bcs=6.291e-04  L_res=8.846e-02  val_ARE=0.945%
Iter  75000: L=3.414e-02  L_data=9.963e-03  L_bcs=1.238e-03  L_res=8.707e-02  val_ARE=0.921%
Iter  76000: L=3.265e-02  L_data=9.455e-03  L_bcs=2.990e-04  L_res=8.409e-02  val_ARE=0.943%
Iter  77000: L=3.311e-02  L_data=9.587e-03  L_bcs=3.882e-04  L_res=8.521e-02  val_ARE=0.887%
Iter  78000: L=4.143e-02  L_data=1.429e-02  L_bcs=5.582e-03  L_res=9.521e-02  val_ARE=1.214%
Iter  79000: L=3.204e-02  L_data=9.031e-03  L_bcs=3.296e-04  L_res=8.337e-02  val_ARE=0.879%
Iter  80000: L=3.218e-02  L_data=9.062e-03  L_bcs=3.157e-04  L_res=8.380e-02  val_ARE=0.845% *
Iter  81000: L=3.055e-02  L_data=8.634e-03  L_bcs=5.917e-04  L_res=7.924e-02  val_ARE=0.880%
Iter  82000: L=3.166e-02  L_data=9.159e-03  L_bcs=5.369e-04  L_res=8.141e-02  val_ARE=0.905%
Iter  83000: L=3.069e-02  L_data=8.362e-03  L_bcs=1.348e-03  L_res=8.030e-02  val_ARE=0.861%
Iter  84000: L=3.237e-02  L_data=9.370e-03  L_bcs=2.700e-03  L_res=8.193e-02  val_ARE=0.970%
Iter  85000: L=3.162e-02  L_data=8.346e-03  L_bcs=1.117e-02  L_res=7.781e-02  val_ARE=0.835% *
Iter  86000: L=2.902e-02  L_data=8.076e-03  L_bcs=2.437e-04  L_res=7.594e-02  val_ARE=0.792% *
Iter  87000: L=2.876e-02  L_data=8.025e-03  L_bcs=1.643e-03  L_res=7.432e-02  val_ARE=0.822%
Iter  88000: L=2.892e-02  L_data=8.654e-03  L_bcs=3.360e-04  L_res=7.342e-02  val_ARE=1.097%
Iter  89000: L=2.853e-02  L_data=7.897e-03  L_bcs=1.448e-03  L_res=7.406e-02  val_ARE=0.880%
Iter  90000: L=2.861e-02  L_data=7.583e-03  L_bcs=1.013e-03  L_res=7.576e-02  val_ARE=0.977%
Iter  91000: L=2.988e-02  L_data=8.577e-03  L_bcs=1.700e-03  L_res=7.636e-02  val_ARE=0.926%
Iter  92000: L=2.806e-02  L_data=7.311e-03  L_bcs=4.210e-04  L_res=7.513e-02  val_ARE=0.781% *
Iter  93000: L=2.755e-02  L_data=7.334e-03  L_bcs=1.586e-04  L_res=7.336e-02  val_ARE=0.728% *
Iter  94000: L=2.769e-02  L_data=7.525e-03  L_bcs=4.727e-04  L_res=7.296e-02  val_ARE=0.927%
Iter  95000: L=2.687e-02  L_data=7.415e-03  L_bcs=8.795e-04  L_res=7.014e-02  val_ARE=0.730%
Iter  96000: L=2.680e-02  L_data=7.043e-03  L_bcs=2.237e-03  L_res=7.043e-02  val_ARE=0.717% *
Iter  97000: L=2.717e-02  L_data=7.701e-03  L_bcs=1.667e-03  L_res=6.973e-02  val_ARE=0.798%
Iter  98000: L=2.637e-02  L_data=6.912e-03  L_bcs=5.256e-04  L_res=7.035e-02  val_ARE=0.745%
Iter  99000: L=2.545e-02  L_data=6.682e-03  L_bcs=1.716e-04  L_res=6.806e-02  val_ARE=0.721%

Best validation ARE = 0.717% at iter 96000; restoring those params.
[I 2026-09-14 23:55:08,696] Trial 49 finished with value: 0.7630134224891663 and parameters: {'n_layers': 4, 'branch_log2': 7, 'trunk_log2': 8, 'lr': 0.00028441798930082477, 'res_over_data': 0.27528076937966556, 'bcs_over_data': 0.16614224183562465}. Best is trial 44 with value: 0.7419216930866241.

Trial 57: 4 layers, branch 128, trunk 256, lr 1.97e-04, res/data 0.254, bcs/data 0.136, seed 1234
Iter      0: L=1.394e+01  L_data=1.239e+01  L_bcs=2.076e+00  L_res=4.998e+00  val_ARE=71.240% *
Iter   1000: L=3.262e-01  L_data=1.993e-01  L_bcs=3.211e-01  L_res=3.277e-01  val_ARE=5.911% *
Iter   2000: L=1.619e-01  L_data=9.625e-02  L_bcs=5.045e-02  L_res=2.313e-01  val_ARE=3.867% *
Iter   3000: L=1.337e-01  L_data=7.638e-02  L_bcs=1.583e-02  L_res=2.169e-01  val_ARE=3.323% *
Iter   4000: L=1.292e-01  L_data=7.485e-02  L_bcs=8.336e-03  L_res=2.096e-01  val_ARE=3.248% *
Iter   5000: L=1.146e-01  L_data=6.215e-02  L_bcs=7.212e-03  L_res=2.026e-01  val_ARE=2.885% *
Iter   6000: L=1.069e-01  L_data=5.589e-02  L_bcs=1.211e-02  L_res=1.943e-01  val_ARE=2.675% *
Iter   7000: L=1.100e-01  L_data=5.625e-02  L_bcs=3.677e-02  L_res=1.918e-01  val_ARE=2.626% *
Iter   8000: L=1.038e-01  L_data=5.563e-02  L_bcs=2.318e-03  L_res=1.883e-01  val_ARE=2.806%
Iter   9000: L=1.926e-01  L_data=1.176e-01  L_bcs=9.650e-02  L_res=2.435e-01  val_ARE=4.566%
Iter  10000: L=1.309e-01  L_data=7.687e-02  L_bcs=1.786e-02  L_res=2.032e-01  val_ARE=3.297%
Iter  11000: L=1.160e-01  L_data=6.413e-02  L_bcs=1.292e-02  L_res=1.972e-01  val_ARE=2.940%
Iter  12000: L=1.091e-01  L_data=5.755e-02  L_bcs=1.390e-02  L_res=1.953e-01  val_ARE=2.745%
Iter  13000: L=1.018e-01  L_data=5.315e-02  L_bcs=4.764e-03  L_res=1.890e-01  val_ARE=2.572% *
Iter  14000: L=9.825e-02  L_data=5.103e-02  L_bcs=1.892e-03  L_res=1.848e-01  val_ARE=2.462% *
Iter  15000: L=9.715e-02  L_data=4.883e-02  L_bcs=1.069e-02  L_res=1.844e-01  val_ARE=2.363% *
Iter  16000: L=1.008e-01  L_data=4.938e-02  L_bcs=2.721e-02  L_res=1.877e-01  val_ARE=2.340% *
Iter  17000: L=9.608e-02  L_data=4.792e-02  L_bcs=1.271e-02  L_res=1.827e-01  val_ARE=2.495%
Iter  18000: L=9.225e-02  L_data=4.482e-02  L_bcs=1.629e-02  L_res=1.779e-01  val_ARE=2.316% *
Iter  19000: L=9.865e-02  L_data=5.126e-02  L_bcs=3.221e-03  L_res=1.848e-01  val_ARE=2.657%
Iter  20000: L=9.455e-02  L_data=4.675e-02  L_bcs=8.576e-03  L_res=1.835e-01  val_ARE=2.342%
[I 2026-09-15 00:00:23,787] Trial 57 pruned. 
