
===== launch 2026-09-16 09:10:13: 4.0e-04 =====
Batch size 5000, 300000 iterations per trial, lambda_data = 0.0 (no data loss)
Architecture from pideeponet_angular_relu_tanh_arch_continued_annealed.pkl: branch [100, 128, 128, 128, 128, 128, 100], trunk [1, 256, 256, 256, 256, 256, 1600]
Branch input: (Q - 0.000000) / 1.000000
Worker on CUDA_VISIBLE_DEVICES=5: [0.0004]

Trial 3: warmup_cosine_4.0e-04_to_4.0e-06, lambda data/res/bcs = 0.0 / 0.4491 / 0.1762
Iter      0: L=3.408e+00  L_data=1.711e+01  L_bcs=5.357e-01  L_res=7.378e+00  val_ARE=100.503% *
Iter   3000: L=9.522e-02  L_data=2.793e-01  L_bcs=5.815e-03  L_res=2.097e-01  val_ARE=3.744% *
Iter   6000: L=9.221e-02  L_data=1.047e-02  L_bcs=1.275e-02  L_res=2.003e-01  val_ARE=4.464%
Iter   9000: L=7.932e-02  L_data=9.428e-02  L_bcs=2.647e-03  L_res=1.756e-01  val_ARE=6.621%
Iter  12000: L=1.137e-01  L_data=4.695e-02  L_bcs=1.874e-01  L_res=1.797e-01  val_ARE=9.360%
Iter  15000: L=7.820e-02  L_data=4.711e-02  L_bcs=2.433e-02  L_res=1.646e-01  val_ARE=10.267%
Iter  18000: L=5.942e-02  L_data=3.716e-02  L_bcs=9.116e-04  L_res=1.320e-01  val_ARE=11.957%
Iter  21000: L=5.054e-02  L_data=3.203e-02  L_bcs=7.432e-04  L_res=1.123e-01  val_ARE=12.732%
Iter  24000: L=4.488e-02  L_data=1.005e-02  L_bcs=1.210e-02  L_res=9.520e-02  val_ARE=13.350%
Iter  27000: L=3.363e-02  L_data=1.053e-02  L_bcs=7.886e-04  L_res=7.456e-02  val_ARE=13.926%
Iter  30000: L=3.358e-02  L_data=2.733e-02  L_bcs=2.073e-03  L_res=7.397e-02  val_ARE=14.349%
Iter  33000: L=2.695e-02  L_data=6.427e-03  L_bcs=1.700e-03  L_res=5.935e-02  val_ARE=14.192%
Iter  36000: L=3.871e-02  L_data=1.623e-02  L_bcs=1.452e-02  L_res=8.049e-02  val_ARE=14.560%
Iter  39000: L=2.768e-02  L_data=6.846e-03  L_bcs=4.228e-03  L_res=5.997e-02  val_ARE=15.307%
Iter  42000: L=1.788e-02  L_data=2.025e-03  L_bcs=3.117e-03  L_res=3.860e-02  val_ARE=14.842%
Iter  45000: L=1.484e-02  L_data=2.460e-02  L_bcs=8.328e-04  L_res=3.272e-02  val_ARE=14.833%
Iter  48000: L=1.418e-02  L_data=6.904e-03  L_bcs=5.950e-04  L_res=3.133e-02  val_ARE=14.936%
Iter  51000: L=1.285e-02  L_data=3.966e-03  L_bcs=5.071e-04  L_res=2.841e-02  val_ARE=14.941%
Iter  54000: L=1.263e-02  L_data=1.257e-03  L_bcs=4.432e-04  L_res=2.795e-02  val_ARE=15.212%
Iter  57000: L=1.168e-02  L_data=2.267e-03  L_bcs=3.347e-03  L_res=2.469e-02  val_ARE=14.944%
Iter  60000: L=1.250e-02  L_data=3.183e-03  L_bcs=7.785e-03  L_res=2.478e-02  val_ARE=15.023%
Iter  63000: L=4.896e-02  L_data=5.617e-02  L_bcs=6.733e-02  L_res=8.261e-02  val_ARE=16.290%
Iter  66000: L=9.044e-03  L_data=1.423e-03  L_bcs=1.579e-03  L_res=1.952e-02  val_ARE=14.958%
Iter  69000: L=8.388e-03  L_data=3.239e-03  L_bcs=1.636e-03  L_res=1.804e-02  val_ARE=15.450%
Iter  72000: L=8.179e-03  L_data=2.167e-03  L_bcs=6.124e-04  L_res=1.797e-02  val_ARE=15.257%
Iter  75000: L=8.144e-03  L_data=6.380e-03  L_bcs=2.479e-03  L_res=1.716e-02  val_ARE=15.654%
Iter  78000: L=7.390e-03  L_data=1.278e-03  L_bcs=1.203e-03  L_res=1.598e-02  val_ARE=15.425%
Iter  81000: L=7.019e-03  L_data=5.217e-03  L_bcs=4.480e-04  L_res=1.545e-02  val_ARE=15.870%
Iter  84000: L=7.079e-03  L_data=3.387e-03  L_bcs=2.756e-03  L_res=1.468e-02  val_ARE=15.682%
Iter  87000: L=6.689e-03  L_data=3.969e-03  L_bcs=2.989e-04  L_res=1.478e-02  val_ARE=15.685%
Iter  90000: L=1.395e-02  L_data=2.195e-03  L_bcs=2.665e-02  L_res=2.061e-02  val_ARE=16.319%
Iter  93000: L=6.253e-03  L_data=3.964e-03  L_bcs=1.098e-03  L_res=1.349e-02  val_ARE=16.427%
Iter  96000: L=6.940e-03  L_data=6.000e-03  L_bcs=1.012e-03  L_res=1.506e-02  val_ARE=16.447%
Iter  99000: L=6.073e-03  L_data=1.588e-03  L_bcs=6.987e-04  L_res=1.325e-02  val_ARE=16.140%
Iter 102000: L=6.593e-03  L_data=3.226e-03  L_bcs=4.117e-03  L_res=1.307e-02  val_ARE=16.378%
Iter 105000: L=5.990e-03  L_data=7.235e-04  L_bcs=3.634e-04  L_res=1.320e-02  val_ARE=16.350%
Iter 108000: L=6.040e-03  L_data=6.259e-03  L_bcs=9.074e-04  L_res=1.309e-02  val_ARE=16.749%
Iter 111000: L=5.579e-03  L_data=1.126e-03  L_bcs=3.415e-04  L_res=1.229e-02  val_ARE=16.806%
Iter 114000: L=5.276e-03  L_data=1.403e-03  L_bcs=6.936e-04  L_res=1.148e-02  val_ARE=16.663%
Iter 117000: L=5.451e-03  L_data=1.533e-03  L_bcs=3.663e-04  L_res=1.199e-02  val_ARE=16.997%
Iter 120000: L=6.108e-03  L_data=2.300e-03  L_bcs=1.708e-03  L_res=1.293e-02  val_ARE=17.002%
Iter 123000: L=5.087e-03  L_data=1.206e-03  L_bcs=4.307e-04  L_res=1.116e-02  val_ARE=16.969%
Iter 126000: L=5.000e-03  L_data=7.856e-04  L_bcs=1.701e-04  L_res=1.107e-02  val_ARE=16.751%
Iter 129000: L=5.007e-03  L_data=1.911e-03  L_bcs=3.056e-04  L_res=1.103e-02  val_ARE=16.718%
Iter 132000: L=4.799e-03  L_data=1.242e-03  L_bcs=2.701e-04  L_res=1.058e-02  val_ARE=16.824%
Iter 135000: L=4.865e-03  L_data=8.591e-03  L_bcs=1.197e-04  L_res=1.079e-02  val_ARE=16.589%
Iter 138000: L=6.342e-03  L_data=1.528e-03  L_bcs=5.199e-03  L_res=1.208e-02  val_ARE=16.784%
Iter 141000: L=4.948e-03  L_data=1.755e-03  L_bcs=1.567e-03  L_res=1.040e-02  val_ARE=16.776%
Iter 144000: L=1.415e-02  L_data=2.061e-03  L_bcs=4.570e-02  L_res=1.358e-02  val_ARE=16.585%
Iter 147000: L=4.478e-03  L_data=1.608e-03  L_bcs=1.098e-04  L_res=9.927e-03  val_ARE=16.968%
Iter 150000: L=4.654e-03  L_data=2.753e-03  L_bcs=6.173e-05  L_res=1.034e-02  val_ARE=16.754%
Iter 153000: L=4.656e-03  L_data=2.682e-03  L_bcs=8.862e-04  L_res=1.002e-02  val_ARE=16.731%
Iter 156000: L=5.571e-03  L_data=4.836e-03  L_bcs=3.699e-03  L_res=1.095e-02  val_ARE=16.947%
Iter 159000: L=4.432e-03  L_data=1.492e-03  L_bcs=3.172e-04  L_res=9.744e-03  val_ARE=16.522%
Iter 162000: L=4.297e-03  L_data=1.384e-03  L_bcs=2.194e-04  L_res=9.482e-03  val_ARE=16.739%
Iter 165000: L=4.048e-03  L_data=5.303e-04  L_bcs=9.809e-05  L_res=8.974e-03  val_ARE=16.665%
Iter 168000: L=4.467e-03  L_data=1.784e-03  L_bcs=3.069e-04  L_res=9.827e-03  val_ARE=16.793%
Iter 171000: L=4.405e-03  L_data=2.140e-03  L_bcs=9.074e-04  L_res=9.454e-03  val_ARE=16.780%
Iter 174000: L=3.986e-03  L_data=1.157e-03  L_bcs=5.722e-05  L_res=8.854e-03  val_ARE=16.741%
Iter 177000: L=4.034e-03  L_data=1.375e-03  L_bcs=1.129e-04  L_res=8.939e-03  val_ARE=16.688%
Iter 180000: L=4.078e-03  L_data=5.192e-03  L_bcs=9.652e-05  L_res=9.043e-03  val_ARE=16.592%
Iter 183000: L=4.063e-03  L_data=3.233e-03  L_bcs=2.117e-04  L_res=8.965e-03  val_ARE=16.600%
Iter 186000: L=3.744e-03  L_data=1.107e-03  L_bcs=6.868e-05  L_res=8.310e-03  val_ARE=16.743%
Iter 189000: L=6.931e-03  L_data=1.353e-03  L_bcs=3.074e-03  L_res=1.423e-02  val_ARE=16.762%
Iter 192000: L=3.878e-03  L_data=3.766e-04  L_bcs=2.982e-04  L_res=8.518e-03  val_ARE=16.772%
Iter 195000: L=3.758e-03  L_data=3.599e-03  L_bcs=3.660e-05  L_res=8.353e-03  val_ARE=16.670%
Iter 198000: L=3.863e-03  L_data=2.591e-03  L_bcs=6.670e-05  L_res=8.576e-03  val_ARE=16.718%
Iter 201000: L=3.956e-03  L_data=2.563e-03  L_bcs=2.076e-04  L_res=8.727e-03  val_ARE=16.712%
Iter 204000: L=3.814e-03  L_data=2.535e-03  L_bcs=3.980e-05  L_res=8.476e-03  val_ARE=16.672%
Iter 207000: L=3.703e-03  L_data=9.358e-04  L_bcs=5.001e-05  L_res=8.225e-03  val_ARE=16.605%
Iter 210000: L=3.679e-03  L_data=3.839e-03  L_bcs=1.965e-04  L_res=8.115e-03  val_ARE=16.524%
Iter 213000: L=3.823e-03  L_data=5.163e-03  L_bcs=6.895e-05  L_res=8.487e-03  val_ARE=16.511%
Iter 216000: L=3.761e-03  L_data=3.333e-03  L_bcs=7.399e-05  L_res=8.345e-03  val_ARE=16.741%
Iter 219000: L=3.511e-03  L_data=1.110e-03  L_bcs=3.013e-05  L_res=7.807e-03  val_ARE=16.463%
Iter 222000: L=3.674e-03  L_data=1.159e-03  L_bcs=2.278e-05  L_res=8.173e-03  val_ARE=16.602%
Iter 225000: L=3.615e-03  L_data=8.801e-04  L_bcs=9.790e-05  L_res=8.011e-03  val_ARE=16.453%
Iter 228000: L=3.613e-03  L_data=2.053e-03  L_bcs=1.029e-04  L_res=8.005e-03  val_ARE=16.441%
Iter 231000: L=3.692e-03  L_data=6.444e-04  L_bcs=2.329e-04  L_res=8.129e-03  val_ARE=16.380%
Iter 234000: L=3.728e-03  L_data=6.605e-04  L_bcs=2.912e-05  L_res=8.290e-03  val_ARE=16.492%
Iter 237000: L=3.653e-03  L_data=1.360e-03  L_bcs=8.882e-05  L_res=8.099e-03  val_ARE=16.368%
Iter 240000: L=3.618e-03  L_data=1.781e-03  L_bcs=1.883e-05  L_res=8.048e-03  val_ARE=16.473%
Iter 243000: L=3.522e-03  L_data=3.330e-03  L_bcs=5.762e-05  L_res=7.819e-03  val_ARE=16.517%
Iter 246000: L=3.564e-03  L_data=8.585e-03  L_bcs=1.889e-05  L_res=7.929e-03  val_ARE=16.403%
Iter 249000: L=3.622e-03  L_data=1.708e-03  L_bcs=2.924e-05  L_res=8.053e-03  val_ARE=16.445%
Iter 252000: L=3.494e-03  L_data=2.498e-03  L_bcs=1.928e-05  L_res=7.772e-03  val_ARE=16.517%
Iter 255000: L=3.632e-03  L_data=7.346e-04  L_bcs=1.192e-04  L_res=8.040e-03  val_ARE=16.394%
Iter 258000: L=3.611e-03  L_data=2.509e-03  L_bcs=8.227e-06  L_res=8.037e-03  val_ARE=16.471%
Iter 261000: L=3.488e-03  L_data=8.723e-04  L_bcs=2.443e-05  L_res=7.757e-03  val_ARE=16.328%
Iter 264000: L=3.464e-03  L_data=7.207e-04  L_bcs=4.200e-05  L_res=7.697e-03  val_ARE=16.371%
Iter 267000: L=3.421e-03  L_data=6.043e-04  L_bcs=6.940e-06  L_res=7.615e-03  val_ARE=16.407%
Iter 270000: L=3.501e-03  L_data=5.840e-04  L_bcs=1.462e-05  L_res=7.789e-03  val_ARE=16.399%
Iter 273000: L=3.530e-03  L_data=1.694e-03  L_bcs=1.352e-05  L_res=7.855e-03  val_ARE=16.411%
Iter 276000: L=3.413e-03  L_data=9.345e-04  L_bcs=4.224e-06  L_res=7.599e-03  val_ARE=16.406%
Iter 279000: L=3.489e-03  L_data=1.613e-03  L_bcs=4.968e-06  L_res=7.768e-03  val_ARE=16.382%
Iter 282000: L=3.493e-03  L_data=7.475e-04  L_bcs=5.570e-06  L_res=7.776e-03  val_ARE=16.354%
Iter 285000: L=3.508e-03  L_data=2.510e-03  L_bcs=9.634e-06  L_res=7.807e-03  val_ARE=16.344%
Iter 288000: L=3.477e-03  L_data=9.867e-04  L_bcs=1.044e-05  L_res=7.738e-03  val_ARE=16.373%
Iter 291000: L=3.333e-03  L_data=1.247e-03  L_bcs=3.602e-06  L_res=7.420e-03  val_ARE=16.361%
Iter 294000: L=3.553e-03  L_data=1.318e-03  L_bcs=5.774e-06  L_res=7.909e-03  val_ARE=16.329%
Iter 297000: L=3.528e-03  L_data=6.803e-04  L_bcs=1.652e-06  L_res=7.856e-03  val_ARE=16.353%

Best validation ARE = 3.744% at iter 3000; restoring those params.
  new best: trial 3 (warmup_cosine_4.0e-04_to_4.0e-06) at 3.744% -> saved trained_models/lr_search/large/pideeponet_angular_relu_tanh_nodata.pkl
[I 2026-09-16 10:22:18,891] Trial 3 finished with value: 16.366992950439453 and parameters: {}. Best is trial 3 with value: 16.366992950439453.
