
===== launch 2026-09-14 19:04:11: architecture search =====
Batch size 5000, 100000 iterations per trial
Branch input: (Q - 0.000000) / 1.000000
Search worker on CUDA_VISIBLE_DEVICES=7

Trial 2: 4 layers, branch 256, trunk 256, lr 6.50e-05, res/data 0.309, bcs/data 0.029, seed 1234
Iter      0: L=1.877e+01  L_data=1.694e+01  L_bcs=8.331e-01  L_res=5.867e+00  val_ARE=88.969% *
Iter   1000: L=2.884e-01  L_data=1.559e-01  L_bcs=1.458e+00  L_res=2.946e-01  val_ARE=5.238% *
Iter   2000: L=2.516e-01  L_data=1.330e-01  L_bcs=1.287e+00  L_res=2.650e-01  val_ARE=4.868% *
Iter   3000: L=2.450e-01  L_data=1.237e-01  L_bcs=1.289e+00  L_res=2.737e-01  val_ARE=4.642% *
Iter   4000: L=2.272e-01  L_data=1.234e-01  L_bcs=7.388e-01  L_res=2.678e-01  val_ARE=4.748%
Iter   5000: L=2.291e-01  L_data=1.238e-01  L_bcs=6.450e-01  L_res=2.816e-01  val_ARE=4.690%
Iter   6000: L=2.439e-01  L_data=1.282e-01  L_bcs=1.328e+00  L_res=2.517e-01  val_ARE=4.974%
Iter   7000: L=1.938e-01  L_data=9.436e-02  L_bcs=7.661e-01  L_res=2.512e-01  val_ARE=3.829% *
Iter   8000: L=1.809e-01  L_data=8.833e-02  L_bcs=7.114e-01  L_res=2.339e-01  val_ARE=3.624% *
Iter   9000: L=1.582e-01  L_data=8.167e-02  L_bcs=3.212e-01  L_res=2.180e-01  val_ARE=3.457% *
Iter  10000: L=1.397e-01  L_data=6.970e-02  L_bcs=2.586e-01  L_res=2.027e-01  val_ARE=2.957% *
Iter  11000: L=1.363e-01  L_data=6.594e-02  L_bcs=2.291e-01  L_res=2.066e-01  val_ARE=2.820% *
Iter  12000: L=1.375e-01  L_data=6.626e-02  L_bcs=2.646e-01  L_res=2.063e-01  val_ARE=2.969%
Iter  13000: L=1.310e-01  L_data=6.420e-02  L_bcs=1.491e-01  L_res=2.027e-01  val_ARE=2.884%
Iter  14000: L=1.283e-01  L_data=6.113e-02  L_bcs=1.881e-01  L_res=2.003e-01  val_ARE=2.648% *
Iter  15000: L=1.241e-01  L_data=5.896e-02  L_bcs=1.272e-01  L_res=1.992e-01  val_ARE=2.595% *
Iter  16000: L=1.272e-01  L_data=6.217e-02  L_bcs=8.024e-02  L_res=2.032e-01  val_ARE=2.876%
Iter  17000: L=1.193e-01  L_data=5.598e-02  L_bcs=1.073e-01  L_res=1.952e-01  val_ARE=2.445% *
Iter  18000: L=1.188e-01  L_data=5.585e-02  L_bcs=7.959e-02  L_res=1.967e-01  val_ARE=2.418% *
Iter  19000: L=1.139e-01  L_data=5.306e-02  L_bcs=7.642e-02  L_res=1.899e-01  val_ARE=2.364% *
Iter  20000: L=1.147e-01  L_data=5.205e-02  L_bcs=8.261e-02  L_res=1.954e-01  val_ARE=2.340% *
Iter  21000: L=1.131e-01  L_data=5.218e-02  L_bcs=8.132e-02  L_res=1.899e-01  val_ARE=2.308% *
Iter  22000: L=1.142e-01  L_data=5.225e-02  L_bcs=8.581e-02  L_res=1.928e-01  val_ARE=2.385%
Iter  23000: L=1.113e-01  L_data=5.056e-02  L_bcs=5.242e-02  L_res=1.919e-01  val_ARE=2.334%
Iter  24000: L=1.063e-01  L_data=4.823e-02  L_bcs=4.480e-02  L_res=1.841e-01  val_ARE=2.287% *
Iter  25000: L=1.060e-01  L_data=4.794e-02  L_bcs=5.197e-02  L_res=1.832e-01  val_ARE=2.166% *
Iter  26000: L=1.081e-01  L_data=4.858e-02  L_bcs=3.865e-02  L_res=1.892e-01  val_ARE=2.184%
Iter  27000: L=1.023e-01  L_data=4.625e-02  L_bcs=4.075e-02  L_res=1.778e-01  val_ARE=2.103% *
Iter  28000: L=1.072e-01  L_data=4.824e-02  L_bcs=6.586e-02  L_res=1.849e-01  val_ARE=2.202%
Iter  29000: L=1.057e-01  L_data=4.758e-02  L_bcs=2.730e-02  L_res=1.858e-01  val_ARE=2.167%
Iter  30000: L=1.053e-01  L_data=4.729e-02  L_bcs=3.393e-02  L_res=1.849e-01  val_ARE=2.126%
Iter  31000: L=1.031e-01  L_data=4.708e-02  L_bcs=1.944e-02  L_res=1.796e-01  val_ARE=2.183%
Iter  32000: L=1.044e-01  L_data=4.871e-02  L_bcs=2.120e-02  L_res=1.786e-01  val_ARE=2.337%
Iter  33000: L=9.950e-02  L_data=4.435e-02  L_bcs=3.102e-02  L_res=1.758e-01  val_ARE=2.033% *
Iter  34000: L=1.004e-01  L_data=4.510e-02  L_bcs=3.410e-02  L_res=1.760e-01  val_ARE=1.997% *
Iter  35000: L=9.798e-02  L_data=4.369e-02  L_bcs=3.497e-02  L_res=1.726e-01  val_ARE=1.973% *
Iter  36000: L=1.009e-01  L_data=4.389e-02  L_bcs=4.105e-02  L_res=1.809e-01  val_ARE=1.947% *
Iter  37000: L=9.971e-02  L_data=4.338e-02  L_bcs=3.758e-02  L_res=1.790e-01  val_ARE=1.948%
Iter  38000: L=9.849e-02  L_data=4.284e-02  L_bcs=2.019e-02  L_res=1.784e-01  val_ARE=1.925% *
Iter  39000: L=9.858e-02  L_data=4.334e-02  L_bcs=1.891e-02  L_res=1.772e-01  val_ARE=1.938%
Iter  40000: L=9.761e-02  L_data=4.341e-02  L_bcs=1.536e-02  L_res=1.742e-01  val_ARE=1.993%
Iter  41000: L=9.460e-02  L_data=4.104e-02  L_bcs=1.333e-02  L_res=1.723e-01  val_ARE=1.917% *
Iter  42000: L=9.771e-02  L_data=4.132e-02  L_bcs=3.340e-02  L_res=1.796e-01  val_ARE=1.911% *
Iter  43000: L=9.416e-02  L_data=4.029e-02  L_bcs=1.813e-02  L_res=1.728e-01  val_ARE=1.876% *
Iter  44000: L=9.321e-02  L_data=3.939e-02  L_bcs=1.190e-02  L_res=1.732e-01  val_ARE=1.906%
Iter  45000: L=9.387e-02  L_data=4.041e-02  L_bcs=1.039e-02  L_res=1.722e-01  val_ARE=1.975%
Iter  46000: L=9.618e-02  L_data=4.011e-02  L_bcs=2.171e-02  L_res=1.796e-01  val_ARE=1.856% *
Iter  47000: L=9.327e-02  L_data=4.058e-02  L_bcs=1.122e-02  L_res=1.696e-01  val_ARE=1.863%
Iter  48000: L=9.279e-02  L_data=3.986e-02  L_bcs=2.883e-02  L_res=1.688e-01  val_ARE=1.868%
Iter  49000: L=9.103e-02  L_data=3.891e-02  L_bcs=1.288e-02  L_res=1.676e-01  val_ARE=1.902%
Iter  50000: L=9.053e-02  L_data=3.768e-02  L_bcs=2.586e-02  L_res=1.688e-01  val_ARE=1.790% *
Iter  51000: L=9.056e-02  L_data=3.848e-02  L_bcs=1.491e-02  L_res=1.673e-01  val_ARE=1.795%
Iter  52000: L=9.087e-02  L_data=3.814e-02  L_bcs=1.907e-02  L_res=1.690e-01  val_ARE=1.770% *
Iter  53000: L=8.897e-02  L_data=3.702e-02  L_bcs=1.095e-02  L_res=1.673e-01  val_ARE=1.750% *
Iter  54000: L=9.042e-02  L_data=3.860e-02  L_bcs=9.933e-03  L_res=1.669e-01  val_ARE=1.829%
Iter  55000: L=8.605e-02  L_data=3.568e-02  L_bcs=1.392e-02  L_res=1.619e-01  val_ARE=1.716% *
Iter  56000: L=8.492e-02  L_data=3.579e-02  L_bcs=9.786e-03  L_res=1.583e-01  val_ARE=1.709% *
Iter  57000: L=8.494e-02  L_data=3.397e-02  L_bcs=6.979e-03  L_res=1.644e-01  val_ARE=1.703% *
Iter  58000: L=8.167e-02  L_data=3.414e-02  L_bcs=1.135e-02  L_res=1.529e-01  val_ARE=1.711%
Iter  59000: L=8.507e-02  L_data=3.469e-02  L_bcs=1.334e-02  L_res=1.620e-01  val_ARE=1.757%
Iter  60000: L=8.337e-02  L_data=3.327e-02  L_bcs=5.909e-03  L_res=1.617e-01  val_ARE=1.691% *
Iter  61000: L=8.136e-02  L_data=3.243e-02  L_bcs=7.954e-03  L_res=1.578e-01  val_ARE=1.669% *
Iter  62000: L=8.285e-02  L_data=3.215e-02  L_bcs=4.782e-03  L_res=1.638e-01  val_ARE=1.613% *
Iter  63000: L=8.204e-02  L_data=3.270e-02  L_bcs=6.819e-03  L_res=1.592e-01  val_ARE=1.619%
Iter  64000: L=7.908e-02  L_data=3.146e-02  L_bcs=7.580e-03  L_res=1.536e-01  val_ARE=1.595% *
Iter  65000: L=7.847e-02  L_data=3.105e-02  L_bcs=4.143e-03  L_res=1.532e-01  val_ARE=1.581% *
Iter  66000: L=8.004e-02  L_data=3.259e-02  L_bcs=8.846e-03  L_res=1.529e-01  val_ARE=1.603%
Iter  67000: L=7.772e-02  L_data=3.154e-02  L_bcs=4.694e-03  L_res=1.492e-01  val_ARE=1.601%
Iter  68000: L=7.468e-02  L_data=2.965e-02  L_bcs=4.395e-03  L_res=1.455e-01  val_ARE=1.509% *
Iter  69000: L=7.649e-02  L_data=3.116e-02  L_bcs=6.767e-03  L_res=1.462e-01  val_ARE=1.540%
Iter  70000: L=7.403e-02  L_data=2.842e-02  L_bcs=3.813e-03  L_res=1.474e-01  val_ARE=1.458% *
Iter  71000: L=7.476e-02  L_data=2.868e-02  L_bcs=5.221e-03  L_res=1.488e-01  val_ARE=1.488%
Iter  72000: L=7.381e-02  L_data=2.873e-02  L_bcs=7.042e-03  L_res=1.454e-01  val_ARE=1.464%
Iter  73000: L=7.443e-02  L_data=2.808e-02  L_bcs=3.221e-03  L_res=1.499e-01  val_ARE=1.435% *
Iter  74000: L=7.258e-02  L_data=2.795e-02  L_bcs=7.682e-03  L_res=1.439e-01  val_ARE=1.508%
Iter  75000: L=7.450e-02  L_data=2.884e-02  L_bcs=6.104e-03  L_res=1.473e-01  val_ARE=1.406% *
Iter  76000: L=7.004e-02  L_data=2.666e-02  L_bcs=3.001e-03  L_res=1.402e-01  val_ARE=1.373% *
Iter  77000: L=7.509e-02  L_data=2.815e-02  L_bcs=1.539e-02  L_res=1.506e-01  val_ARE=1.475%
Iter  78000: L=7.229e-02  L_data=2.671e-02  L_bcs=3.154e-03  L_res=1.473e-01  val_ARE=1.423%
Iter  79000: L=7.080e-02  L_data=2.648e-02  L_bcs=2.587e-03  L_res=1.433e-01  val_ARE=1.336% *
Iter  80000: L=7.196e-02  L_data=2.641e-02  L_bcs=3.375e-03  L_res=1.472e-01  val_ARE=1.342%
Iter  81000: L=6.920e-02  L_data=2.521e-02  L_bcs=2.001e-03  L_res=1.423e-01  val_ARE=1.350%
Iter  82000: L=6.922e-02  L_data=2.579e-02  L_bcs=5.672e-03  L_res=1.402e-01  val_ARE=1.405%
Iter  83000: L=6.770e-02  L_data=2.515e-02  L_bcs=2.827e-03  L_res=1.376e-01  val_ARE=1.290% *
Iter  84000: L=6.729e-02  L_data=2.441e-02  L_bcs=2.181e-03  L_res=1.387e-01  val_ARE=1.328%
Iter  85000: L=7.031e-02  L_data=2.561e-02  L_bcs=1.247e-02  L_res=1.436e-01  val_ARE=1.327%
Iter  86000: L=6.663e-02  L_data=2.516e-02  L_bcs=2.645e-03  L_res=1.341e-01  val_ARE=1.302%
Iter  87000: L=6.501e-02  L_data=2.411e-02  L_bcs=2.213e-03  L_res=1.323e-01  val_ARE=1.283% *
Iter  88000: L=6.703e-02  L_data=2.476e-02  L_bcs=2.964e-03  L_res=1.367e-01  val_ARE=1.290%
Iter  89000: L=6.713e-02  L_data=2.443e-02  L_bcs=3.414e-03  L_res=1.380e-01  val_ARE=1.297%
Iter  90000: L=6.457e-02  L_data=2.344e-02  L_bcs=1.990e-03  L_res=1.331e-01  val_ARE=1.218% *
Iter  91000: L=6.718e-02  L_data=2.520e-02  L_bcs=6.613e-03  L_res=1.354e-01  val_ARE=1.419%
Iter  92000: L=6.693e-02  L_data=2.353e-02  L_bcs=5.423e-03  L_res=1.401e-01  val_ARE=1.244%
Iter  93000: L=6.395e-02  L_data=2.271e-02  L_bcs=2.474e-03  L_res=1.334e-01  val_ARE=1.193% *
Iter  94000: L=6.226e-02  L_data=2.221e-02  L_bcs=2.246e-03  L_res=1.295e-01  val_ARE=1.210%
Iter  95000: L=6.399e-02  L_data=2.252e-02  L_bcs=4.787e-03  L_res=1.339e-01  val_ARE=1.253%
Iter  96000: L=6.222e-02  L_data=2.190e-02  L_bcs=2.231e-03  L_res=1.304e-01  val_ARE=1.250%
Iter  97000: L=6.253e-02  L_data=2.241e-02  L_bcs=2.025e-03  L_res=1.298e-01  val_ARE=1.176% *
Iter  98000: L=6.217e-02  L_data=2.133e-02  L_bcs=3.297e-03  L_res=1.320e-01  val_ARE=1.145% *
Iter  99000: L=5.873e-02  L_data=2.117e-02  L_bcs=2.720e-03  L_res=1.214e-01  val_ARE=1.154%

Best validation ARE = 1.145% at iter 98000; restoring those params.
  new best: trial 2 at 1.145% -> saved trained_models/lr_search/large/pideeponet_angular_relu_tanh_arch.pkl
[I 2026-09-14 19:53:23,137] Trial 2 finished with value: 1.2138201594352722 and parameters: {'n_layers': 4, 'branch_log2': 8, 'trunk_log2': 8, 'lr': 6.500555024288586e-05, 'res_over_data': 0.3087012549066275, 'bcs_over_data': 0.028568581789527252}. Best is trial 2 with value: 1.2138201594352722.

Trial 7: 3 layers, branch 128, trunk 256, lr 2.97e-04, res/data 0.201, bcs/data 0.227, seed 1234
Iter      0: L=1.006e+01  L_data=8.209e+00  L_bcs=4.462e+00  L_res=4.142e+00  val_ARE=50.437% *
Iter   1000: L=3.356e-01  L_data=2.113e-01  L_bcs=2.475e-01  L_res=3.383e-01  val_ARE=6.339% *
Iter   2000: L=2.404e-01  L_data=1.695e-01  L_bcs=4.899e-02  L_res=2.971e-01  val_ARE=5.604% *
Iter   3000: L=1.441e-01  L_data=9.394e-02  L_bcs=1.087e-02  L_res=2.367e-01  val_ARE=3.650% *
Iter   4000: L=1.265e-01  L_data=8.128e-02  L_bcs=5.752e-03  L_res=2.183e-01  val_ARE=3.314% *
Iter   5000: L=1.136e-01  L_data=6.704e-02  L_bcs=1.976e-02  L_res=2.088e-01  val_ARE=2.950% *
Iter   6000: L=1.017e-01  L_data=6.068e-02  L_bcs=3.170e-03  L_res=2.001e-01  val_ARE=2.810% *
Iter   7000: L=1.043e-01  L_data=6.136e-02  L_bcs=1.470e-02  L_res=1.965e-01  val_ARE=2.782% *
Iter   8000: L=1.932e-01  L_data=1.353e-01  L_bcs=2.516e-02  L_res=2.595e-01  val_ARE=4.819%
Iter   9000: L=1.158e-01  L_data=7.345e-02  L_bcs=7.523e-03  L_res=2.017e-01  val_ARE=3.355%
Iter  10000: L=1.107e-01  L_data=6.932e-02  L_bcs=9.660e-03  L_res=1.946e-01  val_ARE=3.236%
Iter  11000: L=1.026e-01  L_data=6.269e-02  L_bcs=1.353e-03  L_res=1.965e-01  val_ARE=2.931%
Iter  12000: L=9.937e-02  L_data=5.834e-02  L_bcs=2.099e-03  L_res=2.014e-01  val_ARE=2.755% *
Iter  13000: L=9.594e-02  L_data=5.687e-02  L_bcs=1.767e-03  L_res=1.921e-01  val_ARE=2.710% *
Iter  14000: L=9.577e-02  L_data=5.606e-02  L_bcs=4.123e-03  L_res=1.926e-01  val_ARE=2.586% *
Iter  15000: L=9.127e-02  L_data=5.269e-02  L_bcs=1.101e-03  L_res=1.904e-01  val_ARE=2.533% *
Iter  16000: L=1.081e-01  L_data=6.600e-02  L_bcs=2.661e-03  L_res=2.064e-01  val_ARE=3.204%
Iter  17000: L=9.455e-02  L_data=5.529e-02  L_bcs=8.848e-04  L_res=1.940e-01  val_ARE=2.708%
Iter  18000: L=9.176e-02  L_data=5.282e-02  L_bcs=2.624e-03  L_res=1.905e-01  val_ARE=2.501% *
Iter  19000: L=9.045e-02  L_data=5.105e-02  L_bcs=1.018e-02  L_res=1.842e-01  val_ARE=2.501% *
Iter  20000: L=8.745e-02  L_data=4.735e-02  L_bcs=1.138e-02  L_res=1.864e-01  val_ARE=2.360% *
Iter  21000: L=8.542e-02  L_data=4.744e-02  L_bcs=4.279e-03  L_res=1.839e-01  val_ARE=2.362%
Iter  22000: L=9.855e-02  L_data=5.805e-02  L_bcs=3.219e-03  L_res=1.975e-01  val_ARE=2.801%
Iter  23000: L=9.066e-02  L_data=5.186e-02  L_bcs=3.705e-03  L_res=1.886e-01  val_ARE=2.729%
Iter  24000: L=9.000e-02  L_data=4.626e-02  L_bcs=3.171e-02  L_res=1.815e-01  val_ARE=2.358% *
Iter  25000: L=8.228e-02  L_data=4.580e-02  L_bcs=9.063e-04  L_res=1.802e-01  val_ARE=2.243% *
Iter  26000: L=8.307e-02  L_data=4.502e-02  L_bcs=3.945e-03  L_res=1.846e-01  val_ARE=2.214% *
Iter  27000: L=7.705e-02  L_data=4.231e-02  L_bcs=4.937e-04  L_res=1.720e-01  val_ARE=2.125% *
Iter  28000: L=7.902e-02  L_data=4.251e-02  L_bcs=3.156e-03  L_res=1.778e-01  val_ARE=2.123% *
Iter  29000: L=7.649e-02  L_data=3.991e-02  L_bcs=3.075e-03  L_res=1.783e-01  val_ARE=2.081% *
Iter  30000: L=8.079e-02  L_data=4.029e-02  L_bcs=2.238e-02  L_res=1.759e-01  val_ARE=1.943% *
Iter  31000: L=8.441e-02  L_data=4.770e-02  L_bcs=9.180e-04  L_res=1.813e-01  val_ARE=2.398%
Iter  32000: L=7.632e-02  L_data=4.026e-02  L_bcs=6.310e-03  L_res=1.720e-01  val_ARE=2.040%
Iter  33000: L=7.200e-02  L_data=3.785e-02  L_bcs=8.308e-04  L_res=1.687e-01  val_ARE=2.018%
Iter  34000: L=7.425e-02  L_data=3.975e-02  L_bcs=2.111e-03  L_res=1.690e-01  val_ARE=2.115%
Iter  35000: L=7.154e-02  L_data=3.766e-02  L_bcs=3.715e-03  L_res=1.641e-01  val_ARE=1.884% *
Iter  36000: L=8.221e-02  L_data=3.676e-02  L_bcs=5.027e-02  L_res=1.691e-01  val_ARE=1.916%
Iter  37000: L=7.227e-02  L_data=3.614e-02  L_bcs=9.579e-03  L_res=1.687e-01  val_ARE=1.933%
Iter  38000: L=6.802e-02  L_data=3.464e-02  L_bcs=9.629e-04  L_res=1.647e-01  val_ARE=1.805% *
Iter  39000: L=6.538e-02  L_data=3.268e-02  L_bcs=4.046e-04  L_res=1.620e-01  val_ARE=1.753% *
Iter  40000: L=6.431e-02  L_data=3.153e-02  L_bcs=3.121e-03  L_res=1.593e-01  val_ARE=1.716% *
Iter  41000: L=6.137e-02  L_data=3.015e-02  L_bcs=6.136e-04  L_res=1.544e-01  val_ARE=1.635% *
Iter  42000: L=6.508e-02  L_data=3.130e-02  L_bcs=4.532e-03  L_res=1.627e-01  val_ARE=1.778%
Iter  43000: L=5.966e-02  L_data=2.865e-02  L_bcs=1.435e-03  L_res=1.524e-01  val_ARE=1.578% *
Iter  44000: L=5.961e-02  L_data=2.799e-02  L_bcs=3.525e-03  L_res=1.531e-01  val_ARE=1.606%
Iter  45000: L=6.000e-02  L_data=2.839e-02  L_bcs=7.734e-03  L_res=1.483e-01  val_ARE=1.680%
Iter  46000: L=5.956e-02  L_data=2.720e-02  L_bcs=2.490e-03  L_res=1.579e-01  val_ARE=1.537% *
Iter  47000: L=5.621e-02  L_data=2.648e-02  L_bcs=4.614e-04  L_res=1.471e-01  val_ARE=1.518% *
Iter  48000: L=5.979e-02  L_data=2.696e-02  L_bcs=1.330e-02  L_res=1.481e-01  val_ARE=1.565%
Iter  49000: L=8.156e-02  L_data=4.590e-02  L_bcs=3.467e-03  L_res=1.732e-01  val_ARE=2.700%
Iter  50000: L=5.817e-02  L_data=2.727e-02  L_bcs=8.804e-04  L_res=1.525e-01  val_ARE=1.787%
Iter  51000: L=5.577e-02  L_data=2.585e-02  L_bcs=6.156e-04  L_res=1.479e-01  val_ARE=1.688%
Iter  52000: L=6.060e-02  L_data=2.589e-02  L_bcs=1.948e-02  L_res=1.505e-01  val_ARE=1.540%
Iter  53000: L=5.599e-02  L_data=2.495e-02  L_bcs=4.613e-03  L_res=1.490e-01  val_ARE=1.541%
Iter  54000: L=5.472e-02  L_data=2.487e-02  L_bcs=9.109e-04  L_res=1.472e-01  val_ARE=1.464% *
Iter  55000: L=5.336e-02  L_data=2.419e-02  L_bcs=1.325e-03  L_res=1.434e-01  val_ARE=1.545%
Iter  56000: L=5.264e-02  L_data=2.423e-02  L_bcs=4.264e-04  L_res=1.406e-01  val_ARE=1.424% *
Iter  57000: L=5.434e-02  L_data=2.401e-02  L_bcs=5.038e-03  L_res=1.450e-01  val_ARE=1.367% *
Iter  58000: L=5.209e-02  L_data=2.358e-02  L_bcs=2.789e-03  L_res=1.385e-01  val_ARE=1.430%
Iter  59000: L=5.162e-02  L_data=2.295e-02  L_bcs=1.784e-03  L_res=1.404e-01  val_ARE=1.500%
Iter  60000: L=5.100e-02  L_data=2.261e-02  L_bcs=1.484e-03  L_res=1.394e-01  val_ARE=1.343% *
Iter  61000: L=5.208e-02  L_data=2.206e-02  L_bcs=1.454e-02  L_res=1.327e-01  val_ARE=1.429%
Iter  62000: L=4.882e-02  L_data=2.079e-02  L_bcs=6.153e-04  L_res=1.385e-01  val_ARE=1.330% *
Iter  63000: L=4.996e-02  L_data=2.187e-02  L_bcs=5.621e-03  L_res=1.332e-01  val_ARE=1.300% *
Iter  64000: L=4.740e-02  L_data=2.047e-02  L_bcs=1.782e-03  L_res=1.317e-01  val_ARE=1.239% *
Iter  65000: L=4.821e-02  L_data=2.043e-02  L_bcs=6.756e-03  L_res=1.304e-01  val_ARE=1.281%
Iter  66000: L=4.678e-02  L_data=2.021e-02  L_bcs=8.757e-04  L_res=1.310e-01  val_ARE=1.274%
Iter  67000: L=4.523e-02  L_data=1.979e-02  L_bcs=1.308e-03  L_res=1.249e-01  val_ARE=1.319%
Iter  68000: L=4.571e-02  L_data=1.976e-02  L_bcs=2.562e-03  L_res=1.260e-01  val_ARE=1.372%
Iter  69000: L=4.594e-02  L_data=1.988e-02  L_bcs=2.266e-03  L_res=1.269e-01  val_ARE=1.175% *
Iter  70000: L=4.520e-02  L_data=1.928e-02  L_bcs=2.271e-03  L_res=1.262e-01  val_ARE=1.221%
Iter  71000: L=4.376e-02  L_data=1.842e-02  L_bcs=9.215e-04  L_res=1.248e-01  val_ARE=1.141% *
Iter  72000: L=4.387e-02  L_data=1.887e-02  L_bcs=4.334e-03  L_res=1.193e-01  val_ARE=1.115% *
Iter  73000: L=4.319e-02  L_data=1.789e-02  L_bcs=1.103e-03  L_res=1.244e-01  val_ARE=1.075% *
Iter  74000: L=4.175e-02  L_data=1.734e-02  L_bcs=3.281e-03  L_res=1.176e-01  val_ARE=1.110%
Iter  75000: L=4.219e-02  L_data=1.752e-02  L_bcs=1.310e-03  L_res=1.211e-01  val_ARE=1.048% *
Iter  76000: L=5.095e-02  L_data=2.431e-02  L_bcs=5.038e-04  L_res=1.317e-01  val_ARE=1.727%
Iter  77000: L=4.471e-02  L_data=1.918e-02  L_bcs=2.479e-04  L_res=1.265e-01  val_ARE=1.342%
Iter  78000: L=4.211e-02  L_data=1.723e-02  L_bcs=6.224e-04  L_res=1.229e-01  val_ARE=1.123%
Iter  79000: L=4.577e-02  L_data=1.814e-02  L_bcs=1.353e-02  L_res=1.220e-01  val_ARE=1.262%
Iter  80000: L=4.259e-02  L_data=1.708e-02  L_bcs=5.824e-03  L_res=1.202e-01  val_ARE=1.077%
Iter  81000: L=3.966e-02  L_data=1.638e-02  L_bcs=1.008e-03  L_res=1.145e-01  val_ARE=1.125%
Iter  82000: L=3.953e-02  L_data=1.607e-02  L_bcs=6.365e-04  L_res=1.158e-01  val_ARE=1.003% *
Iter  83000: L=3.918e-02  L_data=1.571e-02  L_bcs=5.715e-04  L_res=1.160e-01  val_ARE=1.084%
Iter  84000: L=4.299e-02  L_data=1.657e-02  L_bcs=1.364e-02  L_res=1.158e-01  val_ARE=1.095%
Iter  85000: L=3.943e-02  L_data=1.567e-02  L_bcs=7.786e-04  L_res=1.171e-01  val_ARE=0.968% *
Iter  86000: L=3.872e-02  L_data=1.607e-02  L_bcs=1.640e-03  L_res=1.106e-01  val_ARE=0.981%
Iter  87000: L=4.004e-02  L_data=1.689e-02  L_bcs=4.306e-03  L_res=1.102e-01  val_ARE=1.301%
Iter  88000: L=3.956e-02  L_data=1.536e-02  L_bcs=6.783e-03  L_res=1.126e-01  val_ARE=0.994%
Iter  89000: L=3.783e-02  L_data=1.487e-02  L_bcs=1.849e-03  L_res=1.119e-01  val_ARE=0.952% *
Iter  90000: L=3.784e-02  L_data=1.494e-02  L_bcs=2.882e-03  L_res=1.105e-01  val_ARE=0.994%
Iter  91000: L=3.629e-02  L_data=1.469e-02  L_bcs=5.637e-04  L_res=1.066e-01  val_ARE=1.001%
Iter  92000: L=3.649e-02  L_data=1.392e-02  L_bcs=4.134e-04  L_res=1.116e-01  val_ARE=0.960%
Iter  93000: L=3.633e-02  L_data=1.404e-02  L_bcs=5.635e-03  L_res=1.044e-01  val_ARE=1.073%
Iter  94000: L=3.573e-02  L_data=1.361e-02  L_bcs=3.091e-03  L_res=1.064e-01  val_ARE=0.956%
Iter  95000: L=3.466e-02  L_data=1.329e-02  L_bcs=2.166e-03  L_res=1.037e-01  val_ARE=0.921% *
Iter  96000: L=3.374e-02  L_data=1.317e-02  L_bcs=6.982e-04  L_res=1.014e-01  val_ARE=0.900% *
Iter  97000: L=3.596e-02  L_data=1.354e-02  L_bcs=1.209e-02  L_res=9.774e-02  val_ARE=1.006%
Iter  98000: L=3.346e-02  L_data=1.281e-02  L_bcs=7.905e-04  L_res=1.017e-01  val_ARE=0.873% *
Iter  99000: L=3.265e-02  L_data=1.278e-02  L_bcs=7.983e-04  L_res=9.778e-02  val_ARE=0.862% *

Best validation ARE = 0.862% at iter 99000; restoring those params.
[I 2026-09-14 20:28:02,206] Trial 7 finished with value: 0.9575832784175873 and parameters: {'n_layers': 3, 'branch_log2': 7, 'trunk_log2': 8, 'lr': 0.00029732558995127124, 'res_over_data': 0.20132188339913257, 'bcs_over_data': 0.22704655300382373}. Best is trial 4 with value: 0.85297030210495.

Trial 10: 4 layers, branch 256, trunk 512, lr 3.91e-04, res/data 0.171, bcs/data 0.010, seed 1234
Iter      0: L=1.023e+01  L_data=8.957e+00  L_bcs=2.678e+01  L_res=5.837e+00  val_ARE=43.265% *
Iter   1000: L=1.344e-01  L_data=8.948e-02  L_bcs=6.932e-01  L_res=2.210e-01  val_ARE=3.674% *
Iter   2000: L=1.031e-01  L_data=6.656e-02  L_bcs=1.580e-01  L_res=2.042e-01  val_ARE=3.179% *
Iter   3000: L=9.467e-02  L_data=6.024e-02  L_bcs=7.999e-02  L_res=1.968e-01  val_ARE=3.317%
Iter   4000: L=1.457e-01  L_data=1.043e-01  L_bcs=3.612e-01  L_res=2.201e-01  val_ARE=5.176%
Iter   5000: L=1.297e-01  L_data=9.154e-02  L_bcs=1.397e-01  L_res=2.153e-01  val_ARE=5.332%
Iter   6000: L=1.108e-01  L_data=7.464e-02  L_bcs=1.098e-01  L_res=2.051e-01  val_ARE=5.182%
Iter   7000: L=1.102e-01  L_data=7.466e-02  L_bcs=7.023e-02  L_res=2.040e-01  val_ARE=5.262%
Iter   8000: L=9.546e-02  L_data=6.134e-02  L_bcs=3.412e-02  L_res=1.978e-01  val_ARE=4.751%
Iter   9000: L=9.012e-02  L_data=5.693e-02  L_bcs=6.121e-02  L_res=1.907e-01  val_ARE=4.574%
Iter  10000: L=7.783e-02  L_data=4.725e-02  L_bcs=3.301e-02  L_res=1.771e-01  val_ARE=4.109%
Iter  11000: L=7.114e-02  L_data=4.115e-02  L_bcs=5.714e-02  L_res=1.722e-01  val_ARE=3.746%
Iter  12000: L=6.435e-02  L_data=3.508e-02  L_bcs=5.631e-02  L_res=1.680e-01  val_ARE=3.510%
Iter  13000: L=5.529e-02  L_data=2.936e-02  L_bcs=1.043e-02  L_res=1.512e-01  val_ARE=3.344%
Iter  14000: L=1.003e-01  L_data=6.510e-02  L_bcs=9.824e-02  L_res=2.003e-01  val_ARE=7.137%
Iter  15000: L=8.290e-02  L_data=5.028e-02  L_bcs=2.943e-02  L_res=1.892e-01  val_ARE=5.511%
Iter  16000: L=7.601e-02  L_data=4.456e-02  L_bcs=1.913e-02  L_res=1.830e-01  val_ARE=5.000%
Iter  17000: L=6.554e-02  L_data=3.634e-02  L_bcs=4.340e-02  L_res=1.683e-01  val_ARE=3.939%
Iter  18000: L=5.929e-02  L_data=3.189e-02  L_bcs=9.650e-03  L_res=1.599e-01  val_ARE=3.554%
Iter  19000: L=5.944e-02  L_data=3.240e-02  L_bcs=1.447e-01  L_res=1.496e-01  val_ARE=3.196%
Iter  20000: L=5.215e-02  L_data=2.681e-02  L_bcs=5.709e-03  L_res=1.481e-01  val_ARE=2.862% *
[I 2026-09-14 20:45:19,264] Trial 10 pruned. 

Trial 19: 4 layers, branch 128, trunk 256, lr 9.69e-05, res/data 2.405, bcs/data 0.090, seed 1234
Iter      0: L=3.193e+01  L_data=1.667e+01  L_bcs=1.688e+00  L_res=6.286e+00  val_ARE=84.986% *
Iter   1000: L=9.567e-01  L_data=1.717e-01  L_bcs=1.083e+00  L_res=2.858e-01  val_ARE=5.627% *
Iter   2000: L=8.572e-01  L_data=1.397e-01  L_bcs=1.044e+00  L_res=2.592e-01  val_ARE=5.241% *
Iter   3000: L=8.243e-01  L_data=1.223e-01  L_bcs=7.510e-01  L_res=2.638e-01  val_ARE=4.778% *
Iter   4000: L=7.643e-01  L_data=1.212e-01  L_bcs=7.587e-01  L_res=2.389e-01  val_ARE=4.745% *
Iter   5000: L=7.050e-01  L_data=9.443e-02  L_bcs=5.023e-01  L_res=2.350e-01  val_ARE=3.919% *
Iter   6000: L=6.481e-01  L_data=9.116e-02  L_bcs=3.418e-01  L_res=2.188e-01  val_ARE=3.950%
Iter   7000: L=5.983e-01  L_data=7.758e-02  L_bcs=1.750e-01  L_res=2.100e-01  val_ARE=3.264% *
Iter   8000: L=5.725e-01  L_data=7.326e-02  L_bcs=9.249e-02  L_res=2.041e-01  val_ARE=3.076% *
Iter   9000: L=5.356e-01  L_data=6.439e-02  L_bcs=7.429e-02  L_res=1.932e-01  val_ARE=2.875% *
Iter  10000: L=5.155e-01  L_data=6.284e-02  L_bcs=3.022e-02  L_res=1.871e-01  val_ARE=2.744% *
Iter  11000: L=5.099e-01  L_data=5.925e-02  L_bcs=2.898e-02  L_res=1.863e-01  val_ARE=2.620% *
Iter  12000: L=5.201e-01  L_data=5.699e-02  L_bcs=2.756e-02  L_res=1.916e-01  val_ARE=2.580% *
Iter  13000: L=5.137e-01  L_data=5.803e-02  L_bcs=5.512e-02  L_res=1.874e-01  val_ARE=2.566% *
Iter  14000: L=4.991e-01  L_data=5.589e-02  L_bcs=1.221e-02  L_res=1.838e-01  val_ARE=2.480% *
Iter  15000: L=4.990e-01  L_data=5.351e-02  L_bcs=6.170e-03  L_res=1.850e-01  val_ARE=2.406% *
Iter  16000: L=5.050e-01  L_data=5.219e-02  L_bcs=7.934e-03  L_res=1.880e-01  val_ARE=2.439%
Iter  17000: L=4.837e-01  L_data=5.003e-02  L_bcs=4.461e-03  L_res=1.802e-01  val_ARE=2.302% *
Iter  18000: L=4.826e-01  L_data=4.876e-02  L_bcs=1.245e-02  L_res=1.799e-01  val_ARE=2.283% *
Iter  19000: L=4.623e-01  L_data=4.851e-02  L_bcs=5.187e-02  L_res=1.701e-01  val_ARE=2.324%
Iter  20000: L=4.686e-01  L_data=4.554e-02  L_bcs=6.312e-03  L_res=1.757e-01  val_ARE=2.198% *
Iter  21000: L=4.636e-01  L_data=4.499e-02  L_bcs=8.314e-03  L_res=1.738e-01  val_ARE=2.139% *
Iter  22000: L=4.549e-01  L_data=4.350e-02  L_bcs=7.166e-03  L_res=1.708e-01  val_ARE=2.062% *
Iter  23000: L=4.529e-01  L_data=4.265e-02  L_bcs=1.717e-02  L_res=1.699e-01  val_ARE=2.148%
Iter  24000: L=4.401e-01  L_data=4.005e-02  L_bcs=4.235e-03  L_res=1.662e-01  val_ARE=2.005% *
Iter  25000: L=4.345e-01  L_data=4.007e-02  L_bcs=1.210e-02  L_res=1.636e-01  val_ARE=1.968% *
Iter  26000: L=4.428e-01  L_data=4.057e-02  L_bcs=5.487e-03  L_res=1.671e-01  val_ARE=1.990%
Iter  27000: L=4.172e-01  L_data=3.729e-02  L_bcs=9.438e-03  L_res=1.577e-01  val_ARE=1.909% *
Iter  28000: L=4.302e-01  L_data=4.011e-02  L_bcs=1.852e-02  L_res=1.615e-01  val_ARE=2.222%
Iter  29000: L=4.314e-01  L_data=3.891e-02  L_bcs=5.503e-03  L_res=1.630e-01  val_ARE=2.016%
Iter  30000: L=4.283e-01  L_data=3.745e-02  L_bcs=1.092e-02  L_res=1.621e-01  val_ARE=1.876% *
Iter  31000: L=4.209e-01  L_data=3.763e-02  L_bcs=5.308e-03  L_res=1.592e-01  val_ARE=1.927%
Iter  32000: L=4.117e-01  L_data=3.489e-02  L_bcs=1.315e-02  L_res=1.562e-01  val_ARE=1.852% *
Iter  33000: L=3.998e-01  L_data=3.576e-02  L_bcs=5.632e-03  L_res=1.512e-01  val_ARE=1.850% *
Iter  34000: L=4.110e-01  L_data=3.563e-02  L_bcs=4.321e-03  L_res=1.560e-01  val_ARE=1.868%
Iter  35000: L=3.858e-01  L_data=3.332e-02  L_bcs=4.271e-03  L_res=1.464e-01  val_ARE=1.758% *
Iter  36000: L=4.038e-01  L_data=3.427e-02  L_bcs=6.639e-03  L_res=1.534e-01  val_ARE=1.756% *
Iter  37000: L=3.984e-01  L_data=3.328e-02  L_bcs=1.112e-02  L_res=1.514e-01  val_ARE=1.714% *
Iter  38000: L=3.972e-01  L_data=3.341e-02  L_bcs=4.817e-03  L_res=1.511e-01  val_ARE=1.758%
Iter  39000: L=3.800e-01  L_data=3.140e-02  L_bcs=9.077e-03  L_res=1.446e-01  val_ARE=1.684% *
Iter  40000: L=3.757e-01  L_data=3.213e-02  L_bcs=1.052e-02  L_res=1.425e-01  val_ARE=1.840%
Iter  41000: L=3.618e-01  L_data=2.864e-02  L_bcs=2.566e-03  L_res=1.385e-01  val_ARE=1.589% *
Iter  42000: L=3.685e-01  L_data=2.835e-02  L_bcs=3.011e-03  L_res=1.414e-01  val_ARE=1.543% *
Iter  43000: L=3.601e-01  L_data=2.772e-02  L_bcs=1.077e-02  L_res=1.378e-01  val_ARE=1.546%
Iter  44000: L=3.528e-01  L_data=2.704e-02  L_bcs=2.592e-03  L_res=1.354e-01  val_ARE=1.585%
Iter  45000: L=3.467e-01  L_data=2.804e-02  L_bcs=3.787e-03  L_res=1.324e-01  val_ARE=1.690%
Iter  46000: L=3.600e-01  L_data=2.654e-02  L_bcs=7.144e-03  L_res=1.384e-01  val_ARE=1.482% *
Iter  47000: L=3.443e-01  L_data=2.823e-02  L_bcs=1.174e-02  L_res=1.310e-01  val_ARE=1.802%
Iter  48000: L=3.493e-01  L_data=2.745e-02  L_bcs=5.044e-03  L_res=1.337e-01  val_ARE=1.591%
Iter  49000: L=3.410e-01  L_data=2.663e-02  L_bcs=4.188e-03  L_res=1.306e-01  val_ARE=1.505%
Iter  50000: L=3.500e-01  L_data=2.642e-02  L_bcs=2.600e-03  L_res=1.344e-01  val_ARE=1.648%
Iter  51000: L=3.462e-01  L_data=2.604e-02  L_bcs=1.020e-02  L_res=1.328e-01  val_ARE=1.502%
Iter  52000: L=3.530e-01  L_data=2.694e-02  L_bcs=5.996e-02  L_res=1.333e-01  val_ARE=1.574%
Iter  53000: L=3.378e-01  L_data=2.433e-02  L_bcs=8.659e-03  L_res=1.300e-01  val_ARE=1.421% *
Iter  54000: L=3.417e-01  L_data=2.495e-02  L_bcs=4.392e-03  L_res=1.315e-01  val_ARE=1.452%
Iter  55000: L=3.271e-01  L_data=2.370e-02  L_bcs=3.583e-03  L_res=1.260e-01  val_ARE=1.428%
Iter  56000: L=3.248e-01  L_data=2.519e-02  L_bcs=7.728e-03  L_res=1.243e-01  val_ARE=1.564%
Iter  57000: L=3.257e-01  L_data=2.374e-02  L_bcs=1.858e-02  L_res=1.249e-01  val_ARE=1.494%
[I 2026-09-14 21:08:29,665] Trial 19 pruned. 

Trial 21: 4 layers, branch 256, trunk 1024, lr 1.01e-04, res/data 0.191, bcs/data 0.090, seed 1234
Iter      0: L=7.358e+00  L_data=6.087e+00  L_bcs=8.600e+00  L_res=2.605e+00  val_ARE=45.151% *
Iter   1000: L=3.285e-01  L_data=1.993e-01  L_bcs=7.127e-01  L_res=3.414e-01  val_ARE=6.080% *
Iter   2000: L=2.743e-01  L_data=1.905e-01  L_bcs=2.539e-01  L_res=3.195e-01  val_ARE=6.053% *
Iter   3000: L=1.424e-01  L_data=9.416e-02  L_bcs=3.646e-02  L_res=2.352e-01  val_ARE=3.747% *
Iter   4000: L=1.228e-01  L_data=8.020e-02  L_bcs=1.645e-02  L_res=2.152e-01  val_ARE=3.481% *
Iter   5000: L=1.121e-01  L_data=6.500e-02  L_bcs=9.060e-02  L_res=2.038e-01  val_ARE=2.878% *
Iter   6000: L=9.635e-02  L_data=5.648e-02  L_bcs=2.518e-02  L_res=1.969e-01  val_ARE=2.661% *
Iter   7000: L=9.832e-02  L_data=5.969e-02  L_bcs=1.288e-02  L_res=1.962e-01  val_ARE=2.792%
Iter   8000: L=1.003e-01  L_data=6.151e-02  L_bcs=1.848e-02  L_res=1.943e-01  val_ARE=2.959%
Iter   9000: L=8.479e-02  L_data=4.823e-02  L_bcs=1.766e-02  L_res=1.831e-01  val_ARE=2.284% *
Iter  10000: L=8.132e-02  L_data=4.733e-02  L_bcs=5.078e-03  L_res=1.756e-01  val_ARE=2.281% *
Iter  11000: L=9.288e-02  L_data=5.198e-02  L_bcs=7.512e-02  L_res=1.788e-01  val_ARE=2.764%
Iter  12000: L=1.163e-01  L_data=7.329e-02  L_bcs=2.210e-02  L_res=2.146e-01  val_ARE=3.383%
Iter  13000: L=1.055e-01  L_data=6.317e-02  L_bcs=4.966e-02  L_res=1.983e-01  val_ARE=3.074%
Iter  14000: L=9.822e-02  L_data=5.943e-02  L_bcs=1.690e-02  L_res=1.952e-01  val_ARE=3.176%
Iter  15000: L=8.804e-02  L_data=5.153e-02  L_bcs=7.881e-03  L_res=1.874e-01  val_ARE=2.637%
Iter  16000: L=8.624e-02  L_data=4.975e-02  L_bcs=3.539e-03  L_res=1.894e-01  val_ARE=2.704%
Iter  17000: L=8.460e-02  L_data=4.845e-02  L_bcs=1.345e-02  L_res=1.830e-01  val_ARE=2.746%
Iter  18000: L=8.064e-02  L_data=4.495e-02  L_bcs=2.094e-02  L_res=1.770e-01  val_ARE=2.547%
Iter  19000: L=7.316e-02  L_data=3.973e-02  L_bcs=1.003e-02  L_res=1.703e-01  val_ARE=2.312%
Iter  20000: L=7.140e-02  L_data=3.780e-02  L_bcs=9.807e-03  L_res=1.713e-01  val_ARE=2.312%
Iter  21000: L=7.410e-02  L_data=3.959e-02  L_bcs=2.097e-02  L_res=1.709e-01  val_ARE=2.513%
Iter  22000: L=6.435e-02  L_data=3.355e-02  L_bcs=4.396e-03  L_res=1.592e-01  val_ARE=2.001% *
Iter  23000: L=6.997e-02  L_data=3.750e-02  L_bcs=1.987e-03  L_res=1.691e-01  val_ARE=2.312%
Iter  24000: L=7.106e-02  L_data=3.500e-02  L_bcs=5.474e-02  L_res=1.630e-01  val_ARE=2.189%
Iter  25000: L=6.497e-02  L_data=3.396e-02  L_bcs=5.275e-03  L_res=1.599e-01  val_ARE=2.082%
Iter  26000: L=6.394e-02  L_data=3.265e-02  L_bcs=1.001e-02  L_res=1.591e-01  val_ARE=2.109%
Iter  27000: L=5.907e-02  L_data=2.954e-02  L_bcs=1.763e-02  L_res=1.463e-01  val_ARE=1.843% *
Iter  28000: L=5.812e-02  L_data=2.858e-02  L_bcs=4.416e-03  L_res=1.526e-01  val_ARE=1.859%
Iter  29000: L=5.470e-02  L_data=2.612e-02  L_bcs=3.093e-03  L_res=1.482e-01  val_ARE=1.804% *
Iter  30000: L=9.982e-02  L_data=3.935e-02  L_bcs=3.556e-01  L_res=1.492e-01  val_ARE=2.403%
Iter  31000: L=5.163e-02  L_data=2.418e-02  L_bcs=1.283e-03  L_res=1.431e-01  val_ARE=1.655% *
Iter  32000: L=6.136e-02  L_data=2.992e-02  L_bcs=4.085e-02  L_res=1.454e-01  val_ARE=1.957%
Iter  33000: L=4.637e-02  L_data=2.135e-02  L_bcs=1.533e-03  L_res=1.303e-01  val_ARE=1.538% *
Iter  34000: L=4.778e-02  L_data=2.227e-02  L_bcs=6.966e-03  L_res=1.303e-01  val_ARE=1.612%
Iter  35000: L=4.427e-02  L_data=1.977e-02  L_bcs=1.627e-02  L_res=1.206e-01  val_ARE=1.411% *
Iter  36000: L=5.370e-02  L_data=2.621e-02  L_bcs=2.438e-03  L_res=1.428e-01  val_ARE=2.066%
Iter  37000: L=4.412e-02  L_data=1.997e-02  L_bcs=8.061e-04  L_res=1.260e-01  val_ARE=1.649%
Iter  38000: L=4.418e-02  L_data=1.912e-02  L_bcs=1.757e-02  L_res=1.229e-01  val_ARE=1.499%
Iter  39000: L=4.065e-02  L_data=1.797e-02  L_bcs=1.523e-03  L_res=1.180e-01  val_ARE=1.507%
Iter  40000: L=3.988e-02  L_data=1.725e-02  L_bcs=9.818e-03  L_res=1.139e-01  val_ARE=1.376% *
Iter  41000: L=5.288e-01  L_data=3.391e-01  L_bcs=1.214e+00  L_res=4.218e-01  val_ARE=5.961%
Iter  42000: L=4.277e-02  L_data=1.785e-02  L_bcs=8.498e-03  L_res=1.265e-01  val_ARE=1.457%
Iter  43000: L=3.895e-02  L_data=1.670e-02  L_bcs=3.758e-04  L_res=1.163e-01  val_ARE=1.403%
Iter  44000: L=8.355e-02  L_data=3.898e-02  L_bcs=2.235e-01  L_res=1.282e-01  val_ARE=3.013%
Iter  45000: L=3.706e-02  L_data=1.594e-02  L_bcs=1.565e-03  L_res=1.098e-01  val_ARE=1.329% *
Iter  46000: L=3.899e-02  L_data=1.566e-02  L_bcs=1.520e-02  L_res=1.150e-01  val_ARE=1.252% *
Iter  47000: L=3.966e-02  L_data=1.697e-02  L_bcs=1.898e-02  L_res=1.099e-01  val_ARE=1.507%
Iter  48000: L=3.628e-02  L_data=1.538e-02  L_bcs=6.927e-03  L_res=1.061e-01  val_ARE=1.194% *
Iter  49000: L=3.324e-02  L_data=1.390e-02  L_bcs=7.514e-03  L_res=9.777e-02  val_ARE=1.317%
Iter  50000: L=3.432e-02  L_data=1.389e-02  L_bcs=2.748e-03  L_res=1.057e-01  val_ARE=1.322%
Iter  51000: L=3.159e-02  L_data=1.285e-02  L_bcs=1.951e-03  L_res=9.717e-02  val_ARE=1.194%
Iter  52000: L=3.490e-02  L_data=1.308e-02  L_bcs=3.297e-02  L_res=9.873e-02  val_ARE=1.209%
Iter  53000: L=3.549e-02  L_data=1.494e-02  L_bcs=9.169e-03  L_res=1.033e-01  val_ARE=1.165% *
Iter  54000: L=3.100e-02  L_data=1.251e-02  L_bcs=9.983e-04  L_res=9.632e-02  val_ARE=1.233%
Iter  55000: L=2.862e-02  L_data=1.133e-02  L_bcs=6.141e-04  L_res=9.025e-02  val_ARE=0.986% *
Iter  56000: L=2.805e-02  L_data=1.121e-02  L_bcs=8.455e-04  L_res=8.779e-02  val_ARE=1.031%
Iter  57000: L=2.803e-02  L_data=1.069e-02  L_bcs=5.125e-03  L_res=8.838e-02  val_ARE=0.979% *
Iter  58000: L=2.643e-02  L_data=1.006e-02  L_bcs=1.030e-03  L_res=8.527e-02  val_ARE=0.949% *
Iter  59000: L=2.645e-02  L_data=9.990e-03  L_bcs=4.327e-03  L_res=8.415e-02  val_ARE=0.974%
Iter  60000: L=5.122e-02  L_data=2.399e-02  L_bcs=1.434e-02  L_res=1.358e-01  val_ARE=1.939%
Iter  61000: L=4.165e-02  L_data=1.870e-02  L_bcs=4.029e-03  L_res=1.182e-01  val_ARE=1.713%
Iter  62000: L=3.910e-02  L_data=1.675e-02  L_bcs=9.467e-03  L_res=1.126e-01  val_ARE=1.534%
Iter  63000: L=4.250e-02  L_data=1.788e-02  L_bcs=4.772e-02  L_res=1.064e-01  val_ARE=1.567%
Iter  64000: L=3.443e-02  L_data=1.420e-02  L_bcs=3.871e-03  L_res=1.041e-01  val_ARE=1.183%
Iter  65000: L=3.486e-02  L_data=1.378e-02  L_bcs=2.842e-02  L_res=9.702e-02  val_ARE=1.190%
Iter  66000: L=3.131e-02  L_data=1.267e-02  L_bcs=3.140e-03  L_res=9.611e-02  val_ARE=1.199%
Iter  67000: L=3.022e-02  L_data=1.218e-02  L_bcs=1.209e-03  L_res=9.386e-02  val_ARE=1.108%
Iter  68000: L=2.976e-02  L_data=1.209e-02  L_bcs=2.955e-03  L_res=9.115e-02  val_ARE=1.043%
Iter  69000: L=2.970e-02  L_data=1.168e-02  L_bcs=4.414e-03  L_res=9.226e-02  val_ARE=0.987%
Iter  70000: L=3.216e-02  L_data=1.267e-02  L_bcs=1.842e-02  L_res=9.341e-02  val_ARE=1.181%
Iter  71000: L=2.836e-02  L_data=1.090e-02  L_bcs=2.421e-03  L_res=9.030e-02  val_ARE=0.907% *
Iter  72000: L=2.731e-02  L_data=1.042e-02  L_bcs=7.902e-03  L_res=8.474e-02  val_ARE=0.911%
Iter  73000: L=2.710e-02  L_data=1.056e-02  L_bcs=5.822e-03  L_res=8.389e-02  val_ARE=0.868% *
Iter  74000: L=2.567e-02  L_data=9.726e-03  L_bcs=5.668e-04  L_res=8.320e-02  val_ARE=0.913%
Iter  75000: L=2.552e-02  L_data=9.553e-03  L_bcs=7.051e-04  L_res=8.330e-02  val_ARE=0.871%
Iter  76000: L=2.488e-02  L_data=9.203e-03  L_bcs=1.080e-02  L_res=7.699e-02  val_ARE=0.816% *
Iter  77000: L=2.556e-02  L_data=9.462e-03  L_bcs=6.770e-03  L_res=8.112e-02  val_ARE=0.885%
Iter  78000: L=2.564e-02  L_data=9.755e-03  L_bcs=7.580e-03  L_res=7.960e-02  val_ARE=0.863%
Iter  79000: L=2.416e-02  L_data=9.141e-03  L_bcs=1.532e-03  L_res=7.790e-02  val_ARE=0.958%
Iter  80000: L=2.525e-02  L_data=9.336e-03  L_bcs=8.735e-03  L_res=7.923e-02  val_ARE=0.843%
Iter  81000: L=2.637e-02  L_data=1.077e-02  L_bcs=1.340e-02  L_res=7.536e-02  val_ARE=1.269%
Iter  82000: L=2.331e-02  L_data=8.591e-03  L_bcs=5.341e-03  L_res=7.454e-02  val_ARE=0.868%
Iter  83000: L=2.237e-02  L_data=7.974e-03  L_bcs=2.349e-03  L_res=7.427e-02  val_ARE=0.746% *
Iter  84000: L=2.526e-02  L_data=9.397e-03  L_bcs=1.933e-02  L_res=7.397e-02  val_ARE=1.073%
Iter  85000: L=8.965e-02  L_data=5.210e-02  L_bcs=2.061e-02  L_res=1.869e-01  val_ARE=2.705%
Iter  86000: L=4.979e-02  L_data=2.464e-02  L_bcs=1.777e-02  L_res=1.233e-01  val_ARE=2.118%
Iter  87000: L=4.182e-02  L_data=1.784e-02  L_bcs=3.058e-02  L_res=1.112e-01  val_ARE=1.523%
Iter  88000: L=3.522e-02  L_data=1.516e-02  L_bcs=1.538e-03  L_res=1.043e-01  val_ARE=1.315%
Iter  89000: L=3.304e-02  L_data=1.373e-02  L_bcs=2.666e-03  L_res=9.988e-02  val_ARE=1.234%
Iter  90000: L=3.105e-02  L_data=1.261e-02  L_bcs=1.140e-03  L_res=9.601e-02  val_ARE=1.112%
Iter  91000: L=3.030e-02  L_data=1.243e-02  L_bcs=1.366e-03  L_res=9.292e-02  val_ARE=1.182%
Iter  92000: L=3.083e-02  L_data=1.231e-02  L_bcs=4.237e-03  L_res=9.497e-02  val_ARE=1.224%
Iter  93000: L=3.010e-02  L_data=1.137e-02  L_bcs=2.372e-02  L_res=8.688e-02  val_ARE=1.102%
Iter  94000: L=2.655e-02  L_data=1.011e-02  L_bcs=1.812e-03  L_res=8.520e-02  val_ARE=0.869%
Iter  95000: L=2.764e-02  L_data=1.041e-02  L_bcs=1.460e-02  L_res=8.335e-02  val_ARE=0.912%
Iter  96000: L=2.493e-02  L_data=9.494e-03  L_bcs=9.019e-04  L_res=8.042e-02  val_ARE=0.925%
Iter  97000: L=2.777e-02  L_data=1.123e-02  L_bcs=1.468e-02  L_res=7.969e-02  val_ARE=0.990%
Iter  98000: L=2.375e-02  L_data=8.640e-03  L_bcs=9.004e-04  L_res=7.870e-02  val_ARE=0.806%
Iter  99000: L=2.295e-02  L_data=8.425e-03  L_bcs=6.891e-04  L_res=7.572e-02  val_ARE=0.746% *

Best validation ARE = 0.746% at iter 99000; restoring those params.
[I 2026-09-15 00:03:11,769] Trial 21 finished with value: 0.9573739767074585 and parameters: {'n_layers': 4, 'branch_log2': 8, 'trunk_log2': 10, 'lr': 0.00010083528907139874, 'res_over_data': 0.19098176068579437, 'bcs_over_data': 0.0899148357317721}. Best is trial 44 with value: 0.7419216930866241.
