
===== launch 2026-09-14 19:04:11: architecture search =====
Batch size 5000, 100000 iterations per trial
Branch input: (Q - 0.000000) / 1.000000
Search worker on CUDA_VISIBLE_DEVICES=2

Trial 4: 6 layers, branch 128, trunk 256, lr 5.45e-05, res/data 0.540, bcs/data 0.161, seed 1234
Iter      0: L=2.400e+01  L_data=2.056e+01  L_bcs=1.468e-01  L_res=6.313e+00  val_ARE=98.945% *
Iter   1000: L=3.085e-01  L_data=1.475e-01  L_bcs=1.344e-01  L_res=2.583e-01  val_ARE=5.189% *
Iter   2000: L=2.388e-01  L_data=1.106e-01  L_bcs=1.782e-02  L_res=2.321e-01  val_ARE=4.328% *
Iter   3000: L=2.239e-01  L_data=9.587e-02  L_bcs=4.494e-02  L_res=2.237e-01  val_ARE=3.962% *
Iter   4000: L=2.048e-01  L_data=8.901e-02  L_bcs=6.050e-03  L_res=2.126e-01  val_ARE=3.809% *
Iter   5000: L=2.026e-01  L_data=8.574e-02  L_bcs=1.187e-02  L_res=2.130e-01  val_ARE=3.827%
Iter   6000: L=1.874e-01  L_data=7.307e-02  L_bcs=2.590e-02  L_res=2.040e-01  val_ARE=3.441% *
Iter   7000: L=1.829e-01  L_data=7.245e-02  L_bcs=6.852e-03  L_res=2.026e-01  val_ARE=3.316% *
Iter   8000: L=1.771e-01  L_data=6.831e-02  L_bcs=3.127e-03  L_res=2.005e-01  val_ARE=3.177% *
Iter   9000: L=1.662e-01  L_data=6.270e-02  L_bcs=3.966e-03  L_res=1.905e-01  val_ARE=3.075% *
Iter  10000: L=1.607e-01  L_data=5.954e-02  L_bcs=4.007e-03  L_res=1.863e-01  val_ARE=2.927% *
Iter  11000: L=1.577e-01  L_data=5.621e-02  L_bcs=1.721e-03  L_res=1.875e-01  val_ARE=2.835% *
Iter  12000: L=1.586e-01  L_data=5.498e-02  L_bcs=2.169e-03  L_res=1.913e-01  val_ARE=2.772% *
Iter  13000: L=1.572e-01  L_data=5.450e-02  L_bcs=8.627e-03  L_res=1.878e-01  val_ARE=2.676% *
Iter  14000: L=1.523e-01  L_data=5.251e-02  L_bcs=1.534e-03  L_res=1.845e-01  val_ARE=2.626% *
Iter  15000: L=1.536e-01  L_data=5.165e-02  L_bcs=9.568e-03  L_res=1.861e-01  val_ARE=2.636%
Iter  16000: L=1.513e-01  L_data=4.968e-02  L_bcs=1.571e-03  L_res=1.877e-01  val_ARE=2.508% *
Iter  17000: L=1.462e-01  L_data=4.758e-02  L_bcs=9.980e-04  L_res=1.823e-01  val_ARE=2.424% *
Iter  18000: L=1.486e-01  L_data=4.779e-02  L_bcs=2.458e-02  L_res=1.795e-01  val_ARE=2.559%
Iter  19000: L=1.357e-01  L_data=4.333e-02  L_bcs=3.050e-03  L_res=1.703e-01  val_ARE=2.322% *
Iter  20000: L=1.378e-01  L_data=4.235e-02  L_bcs=7.032e-03  L_res=1.747e-01  val_ARE=2.275% *
Iter  21000: L=1.332e-01  L_data=4.041e-02  L_bcs=1.574e-03  L_res=1.715e-01  val_ARE=2.173% *
Iter  22000: L=1.296e-01  L_data=3.906e-02  L_bcs=1.568e-03  L_res=1.673e-01  val_ARE=2.190%
Iter  23000: L=1.284e-01  L_data=3.778e-02  L_bcs=8.343e-04  L_res=1.676e-01  val_ARE=2.160% *
Iter  24000: L=1.239e-01  L_data=3.577e-02  L_bcs=1.011e-03  L_res=1.631e-01  val_ARE=2.085% *
Iter  25000: L=1.234e-01  L_data=3.538e-02  L_bcs=3.675e-03  L_res=1.621e-01  val_ARE=2.021% *
Iter  26000: L=1.245e-01  L_data=3.538e-02  L_bcs=1.738e-03  L_res=1.646e-01  val_ARE=2.039%
Iter  27000: L=1.167e-01  L_data=3.247e-02  L_bcs=2.122e-03  L_res=1.554e-01  val_ARE=1.942% *
Iter  28000: L=1.166e-01  L_data=3.166e-02  L_bcs=1.595e-03  L_res=1.569e-01  val_ARE=1.903% *
Iter  29000: L=1.136e-01  L_data=3.010e-02  L_bcs=1.154e-03  L_res=1.544e-01  val_ARE=1.825% *
Iter  30000: L=1.151e-01  L_data=3.045e-02  L_bcs=1.101e-02  L_res=1.536e-01  val_ARE=1.764% *
Iter  31000: L=1.092e-01  L_data=2.870e-02  L_bcs=2.406e-03  L_res=1.485e-01  val_ARE=1.712% *
Iter  32000: L=1.041e-01  L_data=2.671e-02  L_bcs=1.248e-03  L_res=1.430e-01  val_ARE=1.652% *
Iter  33000: L=1.008e-01  L_data=2.595e-02  L_bcs=1.704e-03  L_res=1.382e-01  val_ARE=1.615% *
Iter  34000: L=1.025e-01  L_data=2.668e-02  L_bcs=7.937e-04  L_res=1.402e-01  val_ARE=1.583% *
Iter  35000: L=9.787e-02  L_data=2.532e-02  L_bcs=2.053e-03  L_res=1.338e-01  val_ARE=1.526% *
Iter  36000: L=1.029e-01  L_data=2.568e-02  L_bcs=1.524e-02  L_res=1.385e-01  val_ARE=1.616%
Iter  37000: L=9.870e-02  L_data=2.429e-02  L_bcs=2.695e-03  L_res=1.371e-01  val_ARE=1.498% *
Iter  38000: L=9.982e-02  L_data=2.467e-02  L_bcs=7.712e-04  L_res=1.390e-01  val_ARE=1.490% *
Iter  39000: L=9.648e-02  L_data=2.372e-02  L_bcs=6.728e-04  L_res=1.346e-01  val_ARE=1.451% *
Iter  40000: L=9.287e-02  L_data=2.247e-02  L_bcs=9.088e-04  L_res=1.302e-01  val_ARE=1.466%
Iter  41000: L=9.293e-02  L_data=2.227e-02  L_bcs=2.039e-03  L_res=1.303e-01  val_ARE=1.396% *
Iter  42000: L=9.483e-02  L_data=2.187e-02  L_bcs=3.639e-03  L_res=1.341e-01  val_ARE=1.427%
Iter  43000: L=9.033e-02  L_data=2.088e-02  L_bcs=1.087e-03  L_res=1.283e-01  val_ARE=1.367% *
Iter  44000: L=8.854e-02  L_data=2.062e-02  L_bcs=1.281e-03  L_res=1.255e-01  val_ARE=1.347% *
Iter  45000: L=8.821e-02  L_data=2.084e-02  L_bcs=5.724e-04  L_res=1.246e-01  val_ARE=1.319% *
Iter  46000: L=9.153e-02  L_data=2.021e-02  L_bcs=4.755e-03  L_res=1.307e-01  val_ARE=1.313% *
Iter  47000: L=8.508e-02  L_data=2.009e-02  L_bcs=8.107e-04  L_res=1.202e-01  val_ARE=1.294% *
Iter  48000: L=8.684e-02  L_data=1.986e-02  L_bcs=4.473e-04  L_res=1.240e-01  val_ARE=1.275% *
Iter  49000: L=8.388e-02  L_data=1.947e-02  L_bcs=1.099e-03  L_res=1.190e-01  val_ARE=1.265% *
Iter  50000: L=8.574e-02  L_data=1.910e-02  L_bcs=9.812e-04  L_res=1.232e-01  val_ARE=1.275%
Iter  51000: L=8.339e-02  L_data=1.883e-02  L_bcs=3.474e-03  L_res=1.186e-01  val_ARE=1.235% *
Iter  52000: L=8.627e-02  L_data=1.944e-02  L_bcs=1.360e-02  L_res=1.198e-01  val_ARE=1.254%
Iter  53000: L=8.338e-02  L_data=1.836e-02  L_bcs=4.642e-03  L_res=1.191e-01  val_ARE=1.199% *
Iter  54000: L=8.233e-02  L_data=1.860e-02  L_bcs=5.364e-04  L_res=1.179e-01  val_ARE=1.195% *
Iter  55000: L=8.097e-02  L_data=1.833e-02  L_bcs=1.967e-03  L_res=1.155e-01  val_ARE=1.170% *
Iter  56000: L=8.030e-02  L_data=1.854e-02  L_bcs=5.383e-04  L_res=1.142e-01  val_ARE=1.172%
Iter  57000: L=8.074e-02  L_data=1.756e-02  L_bcs=3.813e-04  L_res=1.169e-01  val_ARE=1.144% *
Iter  58000: L=7.738e-02  L_data=1.774e-02  L_bcs=2.120e-03  L_res=1.099e-01  val_ARE=1.210%
Iter  59000: L=7.946e-02  L_data=1.781e-02  L_bcs=2.679e-03  L_res=1.134e-01  val_ARE=1.143% *
Iter  60000: L=7.864e-02  L_data=1.719e-02  L_bcs=4.079e-04  L_res=1.137e-01  val_ARE=1.119% *
Iter  61000: L=7.635e-02  L_data=1.674e-02  L_bcs=4.183e-04  L_res=1.103e-01  val_ARE=1.111% *
Iter  62000: L=7.744e-02  L_data=1.644e-02  L_bcs=1.508e-03  L_res=1.126e-01  val_ARE=1.073% *
Iter  63000: L=7.875e-02  L_data=1.709e-02  L_bcs=1.176e-02  L_res=1.107e-01  val_ARE=1.165%
Iter  64000: L=7.430e-02  L_data=1.599e-02  L_bcs=1.024e-03  L_res=1.077e-01  val_ARE=1.072% *
Iter  65000: L=7.380e-02  L_data=1.549e-02  L_bcs=3.372e-03  L_res=1.070e-01  val_ARE=1.052% *
Iter  66000: L=7.326e-02  L_data=1.548e-02  L_bcs=3.665e-03  L_res=1.060e-01  val_ARE=1.023% *
Iter  67000: L=7.031e-02  L_data=1.500e-02  L_bcs=6.345e-04  L_res=1.023e-01  val_ARE=1.010% *
Iter  68000: L=6.905e-02  L_data=1.478e-02  L_bcs=8.620e-04  L_res=1.003e-01  val_ARE=0.999% *
Iter  69000: L=7.052e-02  L_data=1.509e-02  L_bcs=6.941e-04  L_res=1.025e-01  val_ARE=0.982% *
Iter  70000: L=6.933e-02  L_data=1.444e-02  L_bcs=1.697e-03  L_res=1.012e-01  val_ARE=1.029%
Iter  71000: L=6.909e-02  L_data=1.434e-02  L_bcs=7.413e-04  L_res=1.012e-01  val_ARE=0.994%
Iter  72000: L=6.653e-02  L_data=1.416e-02  L_bcs=3.965e-04  L_res=9.690e-02  val_ARE=0.979% *
Iter  73000: L=6.953e-02  L_data=1.410e-02  L_bcs=7.658e-03  L_res=1.004e-01  val_ARE=1.013%
Iter  74000: L=6.625e-02  L_data=1.360e-02  L_bcs=9.073e-04  L_res=9.728e-02  val_ARE=0.966% *
Iter  75000: L=6.672e-02  L_data=1.368e-02  L_bcs=3.585e-04  L_res=9.817e-02  val_ARE=0.939% *
Iter  76000: L=6.464e-02  L_data=1.330e-02  L_bcs=8.953e-03  L_res=9.244e-02  val_ARE=0.991%
Iter  77000: L=6.413e-02  L_data=1.302e-02  L_bcs=2.047e-03  L_res=9.407e-02  val_ARE=0.970%
Iter  78000: L=6.317e-02  L_data=1.211e-02  L_bcs=7.035e-04  L_res=9.439e-02  val_ARE=0.911% *
Iter  79000: L=6.292e-02  L_data=1.239e-02  L_bcs=4.279e-04  L_res=9.348e-02  val_ARE=0.907% *
Iter  80000: L=6.238e-02  L_data=1.169e-02  L_bcs=4.377e-04  L_res=9.378e-02  val_ARE=0.882% *
Iter  81000: L=5.919e-02  L_data=1.145e-02  L_bcs=1.064e-03  L_res=8.814e-02  val_ARE=0.913%
Iter  82000: L=5.784e-02  L_data=1.119e-02  L_bcs=2.311e-03  L_res=8.573e-02  val_ARE=0.864% *
Iter  83000: L=5.874e-02  L_data=1.103e-02  L_bcs=3.805e-04  L_res=8.828e-02  val_ARE=0.862% *
Iter  84000: L=5.694e-02  L_data=1.077e-02  L_bcs=4.436e-04  L_res=8.541e-02  val_ARE=0.852% *
Iter  85000: L=5.834e-02  L_data=1.089e-02  L_bcs=1.258e-03  L_res=8.755e-02  val_ARE=0.873%
Iter  86000: L=5.525e-02  L_data=1.064e-02  L_bcs=3.413e-04  L_res=8.255e-02  val_ARE=0.866%
Iter  87000: L=5.544e-02  L_data=1.080e-02  L_bcs=6.404e-04  L_res=8.250e-02  val_ARE=0.845% *
Iter  88000: L=5.698e-02  L_data=1.068e-02  L_bcs=2.557e-03  L_res=8.501e-02  val_ARE=0.933%
Iter  89000: L=5.636e-02  L_data=1.065e-02  L_bcs=6.394e-03  L_res=8.278e-02  val_ARE=0.898%
Iter  90000: L=5.500e-02  L_data=1.040e-02  L_bcs=5.856e-04  L_res=8.245e-02  val_ARE=0.860%
Iter  91000: L=5.612e-02  L_data=1.053e-02  L_bcs=8.039e-03  L_res=8.208e-02  val_ARE=0.903%
Iter  92000: L=5.532e-02  L_data=1.006e-02  L_bcs=2.375e-03  L_res=8.316e-02  val_ARE=0.861%
Iter  93000: L=5.385e-02  L_data=9.955e-03  L_bcs=2.597e-03  L_res=8.054e-02  val_ARE=0.883%
Iter  94000: L=5.535e-02  L_data=1.021e-02  L_bcs=1.841e-02  L_res=7.814e-02  val_ARE=0.903%
Iter  95000: L=5.144e-02  L_data=9.690e-03  L_bcs=2.645e-04  L_res=7.727e-02  val_ARE=0.846%
Iter  96000: L=5.264e-02  L_data=9.340e-03  L_bcs=3.576e-04  L_res=8.011e-02  val_ARE=0.806% *
Iter  97000: L=4.987e-02  L_data=9.506e-03  L_bcs=1.872e-03  L_res=7.423e-02  val_ARE=0.836%
Iter  98000: L=5.165e-02  L_data=9.175e-03  L_bcs=2.299e-04  L_res=7.863e-02  val_ARE=0.821%
Iter  99000: L=4.889e-02  L_data=9.070e-03  L_bcs=3.233e-04  L_res=7.367e-02  val_ARE=0.795% *

Best validation ARE = 0.795% at iter 99000; restoring those params.
  new best: trial 4 at 0.795% -> saved trained_models/lr_search/large/pideeponet_angular_relu_tanh_arch.pkl
[I 2026-09-14 20:11:55,150] Trial 4 finished with value: 0.85297030210495 and parameters: {'n_layers': 6, 'branch_log2': 7, 'trunk_log2': 8, 'lr': 5.453601602550073e-05, 'res_over_data': 0.5397565802151115, 'bcs_over_data': 0.16065051607692765}. Best is trial 4 with value: 0.85297030210495.

Trial 9: 3 layers, branch 512, trunk 512, lr 1.03e-04, res/data 2.022, bcs/data 0.022, seed 1234
Iter      0: L=1.950e+01  L_data=1.081e+01  L_bcs=2.819e+00  L_res=4.265e+00  val_ARE=65.628% *
Iter   1000: L=7.632e-01  L_data=1.572e-01  L_bcs=2.701e+00  L_res=2.703e-01  val_ARE=5.039% *
Iter   2000: L=6.947e-01  L_data=1.318e-01  L_bcs=2.299e+00  L_res=2.534e-01  val_ARE=4.563% *
Iter   3000: L=6.692e-01  L_data=1.176e-01  L_bcs=2.452e+00  L_res=2.462e-01  val_ARE=4.231% *
Iter   4000: L=6.261e-01  L_data=1.100e-01  L_bcs=2.102e+00  L_res=2.324e-01  val_ARE=4.144% *
Iter   5000: L=6.357e-01  L_data=1.097e-01  L_bcs=2.178e+00  L_res=2.365e-01  val_ARE=3.939% *
Iter   6000: L=6.045e-01  L_data=1.087e-01  L_bcs=1.890e+00  L_res=2.246e-01  val_ARE=4.116%
Iter   7000: L=6.017e-01  L_data=9.705e-02  L_bcs=1.390e+00  L_res=2.344e-01  val_ARE=3.867% *
Iter   8000: L=5.037e-01  L_data=7.076e-02  L_bcs=7.942e-01  L_res=2.054e-01  val_ARE=2.933% *
Iter   9000: L=4.838e-01  L_data=6.567e-02  L_bcs=6.829e-01  L_res=1.994e-01  val_ARE=2.806% *
Iter  10000: L=4.698e-01  L_data=6.637e-02  L_bcs=5.424e-01  L_res=1.936e-01  val_ARE=2.782% *
Iter  11000: L=4.867e-01  L_data=7.122e-02  L_bcs=5.328e-01  L_res=1.997e-01  val_ARE=2.962%
Iter  12000: L=4.791e-01  L_data=6.291e-02  L_bcs=5.991e-01  L_res=1.993e-01  val_ARE=2.706% *
Iter  13000: L=4.708e-01  L_data=6.220e-02  L_bcs=5.429e-01  L_res=1.961e-01  val_ARE=2.699% *
Iter  14000: L=4.663e-01  L_data=6.695e-02  L_bcs=5.841e-01  L_res=1.911e-01  val_ARE=2.830%
Iter  15000: L=4.683e-01  L_data=6.405e-02  L_bcs=6.277e-01  L_res=1.931e-01  val_ARE=2.668% *
Iter  16000: L=4.697e-01  L_data=6.188e-02  L_bcs=4.324e-01  L_res=1.969e-01  val_ARE=2.649% *
Iter  17000: L=4.447e-01  L_data=5.836e-02  L_bcs=3.579e-01  L_res=1.871e-01  val_ARE=2.531% *
Iter  18000: L=4.471e-01  L_data=5.966e-02  L_bcs=3.459e-01  L_res=1.878e-01  val_ARE=2.662%
Iter  19000: L=4.267e-01  L_data=5.518e-02  L_bcs=3.977e-01  L_res=1.794e-01  val_ARE=2.465% *
Iter  20000: L=4.424e-01  L_data=5.685e-02  L_bcs=3.236e-01  L_res=1.871e-01  val_ARE=2.639%
Iter  21000: L=4.260e-01  L_data=5.500e-02  L_bcs=2.604e-01  L_res=1.806e-01  val_ARE=2.394% *
[I 2026-09-14 20:35:38,992] Trial 9 pruned. 

Trial 14: 6 layers, branch 512, trunk 256, lr 1.62e-04, res/data 0.757, bcs/data 0.020, seed 1234
2026-09-14 20:35:54.059282: W external/xla/xla/tsl/framework/bfc_allocator.cc:501] Allocator (GPU_0_bfc) ran out of memory trying to allocate 1.06GiB (rounded to 1141263360)requested by op 
If the cause is memory fragmentation maybe the environment variable 'TF_GPU_ALLOCATOR=cuda_malloc_async' will improve the situation. 
Current allocation summary follows.
Current allocation summary follows.
2026-09-14 20:35:54.059704: W external/xla/xla/tsl/framework/bfc_allocator.cc:512] __________________________________________________________________________________**______**********
E0914 20:35:54.059747 1216992 pjrt_stream_executor_client.cc:2916] Execution of replica 0 failed: RESOURCE_EXHAUSTED: Out of memory while trying to allocate 1141263248 bytes. [tf-allocator-allocation-error='']
[W 2026-09-14 20:35:54,094] Trial 14 failed with parameters: {'n_layers': 6, 'branch_log2': 9, 'trunk_log2': 8, 'lr': 0.00016188139271696805, 'res_over_data': 0.7568588497489457, 'bcs_over_data': 0.019581321757184175} because of the following error: XlaRuntimeError('RESOURCE_EXHAUSTED: Out of memory while trying to allocate 1141263248 bytes.').
jax.errors.SimplifiedTraceback: For simplicity, JAX has removed its internal frames from the traceback of the following exception. Set JAX_TRACEBACK_FILTERING=off to include these.

The above exception was the direct cause of the following exception:

Traceback (most recent call last):
  File "/itf-fi-ml/home/williaeo/PI-DeepONet/pinn/lib/python3.10/site-packages/optuna/study/_optimize.py", line 206, in _run_trial
    value_or_values = func(trial)
  File "/itf-fi-ml/home/williaeo/PI-DeepONet/angular_optimization.py", line 182, in objective
    model.train(
  File "/itf-fi-ml/home/williaeo/PI-DeepONet/model.py", line 367, in train
    self.params, self.opt_state = self.step(
jaxlib._jax.XlaRuntimeError: RESOURCE_EXHAUSTED: Out of memory while trying to allocate 1141263248 bytes.
[W 2026-09-14 20:35:54,095] Trial 14 failed with value None.

Trial 16: 5 layers, branch 512, trunk 512, lr 3.17e-04, res/data 0.244, bcs/data 0.053, seed 1234
2026-09-14 20:36:08.963391: W external/xla/xla/tsl/framework/bfc_allocator.cc:501] Allocator (GPU_0_bfc) ran out of memory trying to allocate 1.16GiB (rounded to 1249646848)requested by op 
If the cause is memory fragmentation maybe the environment variable 'TF_GPU_ALLOCATOR=cuda_malloc_async' will improve the situation. 
Current allocation summary follows.
Current allocation summary follows.
2026-09-14 20:36:08.963935: W external/xla/xla/tsl/framework/bfc_allocator.cc:512] __________________________________________________________________________________*******_**********
E0914 20:36:08.963970 1216992 pjrt_stream_executor_client.cc:2916] Execution of replica 0 failed: RESOURCE_EXHAUSTED: Out of memory while trying to allocate 1249646640 bytes. [tf-allocator-allocation-error='']
[W 2026-09-14 20:36:08,989] Trial 16 failed with parameters: {'n_layers': 5, 'branch_log2': 9, 'trunk_log2': 9, 'lr': 0.00031748449868074756, 'res_over_data': 0.24437004019325106, 'bcs_over_data': 0.05298417103916483} because of the following error: XlaRuntimeError('RESOURCE_EXHAUSTED: Out of memory while trying to allocate 1249646640 bytes.').
jax.errors.SimplifiedTraceback: For simplicity, JAX has removed its internal frames from the traceback of the following exception. Set JAX_TRACEBACK_FILTERING=off to include these.

The above exception was the direct cause of the following exception:

Traceback (most recent call last):
  File "/itf-fi-ml/home/williaeo/PI-DeepONet/pinn/lib/python3.10/site-packages/optuna/study/_optimize.py", line 206, in _run_trial
    value_or_values = func(trial)
  File "/itf-fi-ml/home/williaeo/PI-DeepONet/angular_optimization.py", line 182, in objective
    model.train(
  File "/itf-fi-ml/home/williaeo/PI-DeepONet/model.py", line 367, in train
    self.params, self.opt_state = self.step(
jaxlib._jax.XlaRuntimeError: RESOURCE_EXHAUSTED: Out of memory while trying to allocate 1249646640 bytes.
[W 2026-09-14 20:36:08,990] Trial 16 failed with value None.

Trial 17: 6 layers, branch 512, trunk 1024, lr 1.82e-04, res/data 0.642, bcs/data 0.100, seed 1234
2026-09-14 20:36:26.788550: W external/xla/xla/tsl/framework/bfc_allocator.cc:501] Allocator (GPU_0_bfc) ran out of memory trying to allocate 1.64GiB (rounded to 1757518848)requested by op 
If the cause is memory fragmentation maybe the environment variable 'TF_GPU_ALLOCATOR=cuda_malloc_async' will improve the situation. 
Current allocation summary follows.
Current allocation summary follows.
2026-09-14 20:36:26.789232: W external/xla/xla/tsl/framework/bfc_allocator.cc:512] __________________________________________________________________***********_____******************
E0914 20:36:26.789278 1216992 pjrt_stream_executor_client.cc:2916] Execution of replica 0 failed: RESOURCE_EXHAUSTED: Out of memory while trying to allocate 1757518736 bytes. [tf-allocator-allocation-error='']
[W 2026-09-14 20:36:26,813] Trial 17 failed with parameters: {'n_layers': 6, 'branch_log2': 9, 'trunk_log2': 10, 'lr': 0.00018206436817760628, 'res_over_data': 0.6422485112658488, 'bcs_over_data': 0.10026016583408844} because of the following error: XlaRuntimeError('RESOURCE_EXHAUSTED: Out of memory while trying to allocate 1757518736 bytes.').
jax.errors.SimplifiedTraceback: For simplicity, JAX has removed its internal frames from the traceback of the following exception. Set JAX_TRACEBACK_FILTERING=off to include these.

The above exception was the direct cause of the following exception:

Traceback (most recent call last):
  File "/itf-fi-ml/home/williaeo/PI-DeepONet/pinn/lib/python3.10/site-packages/optuna/study/_optimize.py", line 206, in _run_trial
    value_or_values = func(trial)
  File "/itf-fi-ml/home/williaeo/PI-DeepONet/angular_optimization.py", line 182, in objective
    model.train(
  File "/itf-fi-ml/home/williaeo/PI-DeepONet/model.py", line 367, in train
    self.params, self.opt_state = self.step(
jaxlib._jax.XlaRuntimeError: RESOURCE_EXHAUSTED: Out of memory while trying to allocate 1757518736 bytes.
[W 2026-09-14 20:36:26,814] Trial 17 failed with value None.

Trial 18: 3 layers, branch 512, trunk 256, lr 4.30e-04, res/data 1.109, bcs/data 0.029, seed 1234
Iter      0: L=7.771e+00  L_data=4.248e+00  L_bcs=1.697e+01  L_res=2.736e+00  val_ARE=31.303% *
Iter   1000: L=5.075e-01  L_data=1.529e-01  L_bcs=2.380e+00  L_res=2.579e-01  val_ARE=4.954% *
Iter   2000: L=3.704e-01  L_data=9.139e-02  L_bcs=8.162e-01  L_res=2.303e-01  val_ARE=3.540% *
Iter   3000: L=3.082e-01  L_data=6.963e-02  L_bcs=3.724e-01  L_res=2.054e-01  val_ARE=2.867% *
Iter   4000: L=2.822e-01  L_data=6.295e-02  L_bcs=2.342e-01  L_res=1.916e-01  val_ARE=2.631% *
Iter   5000: L=2.683e-01  L_data=5.648e-02  L_bcs=9.416e-02  L_res=1.885e-01  val_ARE=2.569% *
Iter   6000: L=3.251e-01  L_data=8.799e-02  L_bcs=1.312e-01  L_res=2.104e-01  val_ARE=4.145%
Iter   7000: L=3.063e-01  L_data=7.545e-02  L_bcs=6.775e-02  L_res=2.064e-01  val_ARE=3.681%
Iter   8000: L=2.939e-01  L_data=6.961e-02  L_bcs=6.795e-02  L_res=2.005e-01  val_ARE=3.326%
Iter   9000: L=2.706e-01  L_data=6.017e-02  L_bcs=4.546e-02  L_res=1.885e-01  val_ARE=2.977%
Iter  10000: L=2.623e-01  L_data=5.778e-02  L_bcs=2.876e-02  L_res=1.836e-01  val_ARE=2.925%
Iter  11000: L=2.594e-01  L_data=5.480e-02  L_bcs=2.205e-02  L_res=1.839e-01  val_ARE=3.009%
Iter  12000: L=3.013e-01  L_data=7.495e-02  L_bcs=3.792e-01  L_res=1.942e-01  val_ARE=3.648%
Iter  13000: L=2.470e-01  L_data=5.005e-02  L_bcs=1.226e-02  L_res=1.772e-01  val_ARE=2.958%
Iter  14000: L=2.364e-01  L_data=4.549e-02  L_bcs=2.265e-02  L_res=1.715e-01  val_ARE=2.371% *
Iter  15000: L=2.359e-01  L_data=4.441e-02  L_bcs=5.378e-02  L_res=1.712e-01  val_ARE=2.714%
Iter  16000: L=2.342e-01  L_data=4.193e-02  L_bcs=6.857e-02  L_res=1.716e-01  val_ARE=2.768%
Iter  17000: L=2.114e-01  L_data=3.494e-02  L_bcs=2.087e-02  L_res=1.586e-01  val_ARE=2.156% *
Iter  18000: L=2.105e-01  L_data=3.548e-02  L_bcs=2.574e-02  L_res=1.571e-01  val_ARE=2.559%
Iter  19000: L=1.936e-01  L_data=3.059e-02  L_bcs=8.232e-03  L_res=1.467e-01  val_ARE=2.121% *
Iter  20000: L=1.962e-01  L_data=3.066e-02  L_bcs=1.198e-02  L_res=1.489e-01  val_ARE=2.197%
Iter  21000: L=1.909e-01  L_data=2.846e-02  L_bcs=1.032e-02  L_res=1.462e-01  val_ARE=2.018% *
Iter  22000: L=1.852e-01  L_data=2.836e-02  L_bcs=1.427e-02  L_res=1.410e-01  val_ARE=2.047%
Iter  23000: L=1.912e-01  L_data=2.821e-02  L_bcs=5.648e-02  L_res=1.455e-01  val_ARE=1.883% *
Iter  24000: L=1.797e-01  L_data=2.592e-02  L_bcs=2.793e-02  L_res=1.379e-01  val_ARE=1.803% *
Iter  25000: L=1.890e-01  L_data=3.160e-02  L_bcs=2.387e-01  L_res=1.357e-01  val_ARE=2.270%
Iter  26000: L=1.780e-01  L_data=2.684e-02  L_bcs=9.626e-03  L_res=1.361e-01  val_ARE=2.172%
Iter  27000: L=1.689e-01  L_data=2.508e-02  L_bcs=2.063e-02  L_res=1.292e-01  val_ARE=1.909%
Iter  28000: L=1.717e-01  L_data=2.442e-02  L_bcs=1.625e-02  L_res=1.323e-01  val_ARE=1.703% *
Iter  29000: L=1.693e-01  L_data=2.422e-02  L_bcs=6.083e-02  L_res=1.292e-01  val_ARE=1.838%
Iter  30000: L=1.665e-01  L_data=2.425e-02  L_bcs=7.156e-02  L_res=1.264e-01  val_ARE=1.736%
Iter  31000: L=1.665e-01  L_data=2.321e-02  L_bcs=2.093e-02  L_res=1.287e-01  val_ARE=1.693% *
Iter  32000: L=1.630e-01  L_data=2.280e-02  L_bcs=1.114e-02  L_res=1.261e-01  val_ARE=1.869%
Iter  33000: L=1.534e-01  L_data=2.147e-02  L_bcs=1.863e-02  L_res=1.184e-01  val_ARE=1.862%
Iter  34000: L=1.502e-01  L_data=2.045e-02  L_bcs=1.017e-02  L_res=1.167e-01  val_ARE=1.584% *
Iter  35000: L=1.458e-01  L_data=2.027e-02  L_bcs=1.864e-02  L_res=1.127e-01  val_ARE=1.538% *
Iter  36000: L=1.467e-01  L_data=1.846e-02  L_bcs=4.430e-03  L_res=1.155e-01  val_ARE=1.630%
Iter  37000: L=1.418e-01  L_data=1.855e-02  L_bcs=1.347e-02  L_res=1.108e-01  val_ARE=1.601%
Iter  38000: L=1.402e-01  L_data=1.939e-02  L_bcs=1.661e-02  L_res=1.085e-01  val_ARE=1.472% *
Iter  39000: L=1.365e-01  L_data=1.855e-02  L_bcs=1.257e-02  L_res=1.060e-01  val_ARE=1.479%
Iter  40000: L=1.326e-01  L_data=1.719e-02  L_bcs=7.546e-03  L_res=1.039e-01  val_ARE=1.600%
Iter  41000: L=1.336e-01  L_data=1.864e-02  L_bcs=2.767e-02  L_res=1.029e-01  val_ARE=1.818%
Iter  42000: L=1.356e-01  L_data=1.724e-02  L_bcs=6.972e-03  L_res=1.065e-01  val_ARE=1.654%
Iter  43000: L=1.235e-01  L_data=1.633e-02  L_bcs=6.051e-03  L_res=9.646e-02  val_ARE=1.483%
Iter  44000: L=1.207e-01  L_data=1.474e-02  L_bcs=5.911e-03  L_res=9.534e-02  val_ARE=1.339% *
Iter  45000: L=1.160e-01  L_data=1.511e-02  L_bcs=3.369e-03  L_res=9.083e-02  val_ARE=1.354%
Iter  46000: L=1.241e-01  L_data=1.592e-02  L_bcs=4.077e-03  L_res=9.742e-02  val_ARE=1.350%
Iter  47000: L=1.201e-01  L_data=1.647e-02  L_bcs=3.994e-03  L_res=9.336e-02  val_ARE=1.879%
Iter  48000: L=1.176e-01  L_data=1.502e-02  L_bcs=7.351e-03  L_res=9.233e-02  val_ARE=1.348%
Iter  49000: L=1.151e-01  L_data=1.517e-02  L_bcs=4.187e-03  L_res=8.999e-02  val_ARE=1.384%
Iter  50000: L=1.141e-01  L_data=1.381e-02  L_bcs=3.635e-02  L_res=8.952e-02  val_ARE=1.349%
Iter  51000: L=1.117e-01  L_data=1.366e-02  L_bcs=4.640e-03  L_res=8.831e-02  val_ARE=1.375%
Iter  52000: L=1.180e-01  L_data=1.537e-02  L_bcs=7.243e-03  L_res=9.234e-02  val_ARE=1.736%
Iter  53000: L=1.152e-01  L_data=1.357e-02  L_bcs=2.071e-02  L_res=9.110e-02  val_ARE=1.436%
Iter  54000: L=1.108e-01  L_data=1.361e-02  L_bcs=1.222e-02  L_res=8.732e-02  val_ARE=1.282% *
Iter  55000: L=1.118e-01  L_data=1.298e-02  L_bcs=1.261e-02  L_res=8.876e-02  val_ARE=1.281% *
Iter  56000: L=1.103e-01  L_data=1.439e-02  L_bcs=1.755e-02  L_res=8.601e-02  val_ARE=1.296%
Iter  57000: L=1.114e-01  L_data=1.303e-02  L_bcs=1.616e-02  L_res=8.828e-02  val_ARE=1.298%
Iter  58000: L=1.087e-01  L_data=1.313e-02  L_bcs=1.639e-02  L_res=8.575e-02  val_ARE=1.276% *
Iter  59000: L=1.149e-01  L_data=1.312e-02  L_bcs=5.945e-02  L_res=9.025e-02  val_ARE=1.406%
Iter  60000: L=1.110e-01  L_data=1.389e-02  L_bcs=1.108e-02  L_res=8.726e-02  val_ARE=1.470%
Iter  61000: L=1.072e-01  L_data=1.252e-02  L_bcs=3.585e-03  L_res=8.529e-02  val_ARE=1.347%
Iter  62000: L=1.116e-01  L_data=1.292e-02  L_bcs=4.558e-03  L_res=8.890e-02  val_ARE=1.408%
Iter  63000: L=1.073e-01  L_data=1.436e-02  L_bcs=4.523e-03  L_res=8.371e-02  val_ARE=1.628%
[I 2026-09-14 21:22:46,847] Trial 18 pruned. 

Trial 25: 6 layers, branch 128, trunk 256, lr 6.86e-05, res/data 1.200, bcs/data 0.270, seed 1234
Iter      0: L=2.768e+01  L_data=2.020e+01  L_bcs=1.386e-01  L_res=6.200e+00  val_ARE=98.103% *
Iter   1000: L=4.409e-01  L_data=1.295e-01  L_bcs=8.596e-02  L_res=2.402e-01  val_ARE=4.668% *
Iter   2000: L=3.903e-01  L_data=1.104e-01  L_bcs=1.323e-02  L_res=2.302e-01  val_ARE=4.348% *
Iter   3000: L=3.571e-01  L_data=8.998e-02  L_bcs=2.827e-02  L_res=2.163e-01  val_ARE=3.820% *
Iter   4000: L=3.347e-01  L_data=8.483e-02  L_bcs=3.274e-03  L_res=2.074e-01  val_ARE=3.660% *
Iter   5000: L=3.233e-01  L_data=7.546e-02  L_bcs=5.781e-03  L_res=2.053e-01  val_ARE=3.407% *
Iter   6000: L=3.136e-01  L_data=6.929e-02  L_bcs=1.178e-02  L_res=2.009e-01  val_ARE=3.369% *
Iter   7000: L=3.027e-01  L_data=6.591e-02  L_bcs=7.687e-03  L_res=1.956e-01  val_ARE=3.198% *
Iter   8000: L=2.927e-01  L_data=6.154e-02  L_bcs=3.215e-03  L_res=1.919e-01  val_ARE=3.010% *
Iter   9000: L=2.774e-01  L_data=5.561e-02  L_bcs=4.198e-03  L_res=1.838e-01  val_ARE=2.872% *
Iter  10000: L=2.716e-01  L_data=5.515e-02  L_bcs=6.902e-03  L_res=1.789e-01  val_ARE=2.747% *
Iter  11000: L=2.679e-01  L_data=5.284e-02  L_bcs=1.304e-03  L_res=1.789e-01  val_ARE=2.643% *
Iter  12000: L=2.711e-01  L_data=5.091e-02  L_bcs=8.973e-03  L_res=1.815e-01  val_ARE=2.621% *
Iter  13000: L=2.656e-01  L_data=4.943e-02  L_bcs=1.609e-02  L_res=1.765e-01  val_ARE=2.539% *
Iter  14000: L=2.551e-01  L_data=4.753e-02  L_bcs=1.930e-03  L_res=1.725e-01  val_ARE=2.462% *
Iter  15000: L=2.566e-01  L_data=4.582e-02  L_bcs=6.098e-03  L_res=1.743e-01  val_ARE=2.450% *
Iter  16000: L=2.546e-01  L_data=4.453e-02  L_bcs=8.882e-04  L_res=1.749e-01  val_ARE=2.388% *
Iter  17000: L=2.452e-01  L_data=4.243e-02  L_bcs=4.177e-03  L_res=1.681e-01  val_ARE=2.406%
Iter  18000: L=2.407e-01  L_data=4.056e-02  L_bcs=2.038e-03  L_res=1.663e-01  val_ARE=2.340% *
Iter  19000: L=2.339e-01  L_data=3.949e-02  L_bcs=1.057e-02  L_res=1.596e-01  val_ARE=2.306% *
Iter  20000: L=2.341e-01  L_data=3.826e-02  L_bcs=6.213e-03  L_res=1.618e-01  val_ARE=2.250% *
Iter  21000: L=2.295e-01  L_data=3.666e-02  L_bcs=1.338e-03  L_res=1.604e-01  val_ARE=2.159% *
Iter  22000: L=2.218e-01  L_data=3.538e-02  L_bcs=1.286e-03  L_res=1.551e-01  val_ARE=2.117% *
Iter  23000: L=2.230e-01  L_data=3.427e-02  L_bcs=6.871e-03  L_res=1.557e-01  val_ARE=2.125%
Iter  24000: L=2.137e-01  L_data=3.174e-02  L_bcs=4.205e-03  L_res=1.506e-01  val_ARE=2.079% *
Iter  25000: L=2.084e-01  L_data=3.131e-02  L_bcs=1.839e-03  L_res=1.472e-01  val_ARE=1.998% *
Iter  26000: L=2.112e-01  L_data=3.141e-02  L_bcs=4.336e-03  L_res=1.488e-01  val_ARE=1.991% *
Iter  27000: L=1.966e-01  L_data=2.856e-02  L_bcs=3.520e-03  L_res=1.392e-01  val_ARE=1.878% *
Iter  28000: L=2.001e-01  L_data=2.873e-02  L_bcs=1.019e-03  L_res=1.426e-01  val_ARE=1.914%
Iter  29000: L=1.972e-01  L_data=2.681e-02  L_bcs=6.601e-04  L_res=1.418e-01  val_ARE=1.806% *
Iter  30000: L=1.970e-01  L_data=2.726e-02  L_bcs=8.814e-04  L_res=1.412e-01  val_ARE=1.765% *
Iter  31000: L=1.908e-01  L_data=2.629e-02  L_bcs=4.163e-03  L_res=1.362e-01  val_ARE=1.771%
Iter  32000: L=1.859e-01  L_data=2.563e-02  L_bcs=2.643e-03  L_res=1.330e-01  val_ARE=1.763% *
Iter  33000: L=1.778e-01  L_data=2.459e-02  L_bcs=6.173e-04  L_res=1.276e-01  val_ARE=1.743% *
Iter  34000: L=1.899e-01  L_data=2.630e-02  L_bcs=2.786e-02  L_res=1.300e-01  val_ARE=1.897%
Iter  35000: L=1.723e-01  L_data=2.354e-02  L_bcs=2.013e-03  L_res=1.235e-01  val_ARE=1.669% *
Iter  36000: L=1.758e-01  L_data=2.413e-02  L_bcs=7.621e-03  L_res=1.247e-01  val_ARE=1.785%
Iter  37000: L=1.742e-01  L_data=2.298e-02  L_bcs=1.107e-03  L_res=1.258e-01  val_ARE=1.632% *
Iter  38000: L=1.760e-01  L_data=2.285e-02  L_bcs=9.644e-04  L_res=1.274e-01  val_ARE=1.605% *
Iter  39000: L=1.713e-01  L_data=2.221e-02  L_bcs=1.141e-02  L_res=1.217e-01  val_ARE=1.617%
Iter  40000: L=1.647e-01  L_data=2.158e-02  L_bcs=6.187e-04  L_res=1.192e-01  val_ARE=1.679%
[I 2026-09-14 21:49:50,674] Trial 25 pruned. 

Trial 32: 6 layers, branch 128, trunk 256, lr 8.68e-05, res/data 0.382, bcs/data 0.152, seed 1234
Iter      0: L=2.204e+01  L_data=1.970e+01  L_bcs=1.485e-01  L_res=6.077e+00  val_ARE=96.741% *
Iter   1000: L=2.158e-01  L_data=1.207e-01  L_bcs=3.755e-02  L_res=2.343e-01  val_ARE=4.473% *
Iter   2000: L=1.863e-01  L_data=9.737e-02  L_bcs=3.447e-02  L_res=2.194e-01  val_ARE=4.019% *
Iter   3000: L=1.675e-01  L_data=8.306e-02  L_bcs=1.160e-02  L_res=2.167e-01  val_ARE=3.755% *
Iter   4000: L=1.584e-01  L_data=7.820e-02  L_bcs=6.916e-03  L_res=2.074e-01  val_ARE=3.572% *
Iter   5000: L=1.480e-01  L_data=6.976e-02  L_bcs=4.714e-03  L_res=2.032e-01  val_ARE=3.307% *
Iter   6000: L=1.390e-01  L_data=5.955e-02  L_bcs=3.139e-02  L_res=1.957e-01  val_ARE=3.142% *
Iter   7000: L=1.400e-01  L_data=6.276e-02  L_bcs=2.168e-02  L_res=1.937e-01  val_ARE=3.259%
Iter   8000: L=1.343e-01  L_data=5.819e-02  L_bcs=2.086e-02  L_res=1.912e-01  val_ARE=3.123% *
Iter   9000: L=1.234e-01  L_data=5.312e-02  L_bcs=1.304e-03  L_res=1.836e-01  val_ARE=2.791% *
Iter  10000: L=1.211e-01  L_data=5.190e-02  L_bcs=8.592e-03  L_res=1.778e-01  val_ARE=2.762% *
Iter  11000: L=1.180e-01  L_data=4.820e-02  L_bcs=1.098e-02  L_res=1.784e-01  val_ARE=2.654% *
Iter  12000: L=1.143e-01  L_data=4.529e-02  L_bcs=1.358e-03  L_res=1.804e-01  val_ARE=2.588% *
Iter  13000: L=1.106e-01  L_data=4.268e-02  L_bcs=7.121e-03  L_res=1.753e-01  val_ARE=2.451% *
Iter  14000: L=1.063e-01  L_data=4.120e-02  L_bcs=2.292e-03  L_res=1.697e-01  val_ARE=2.429% *
Iter  15000: L=1.056e-01  L_data=3.898e-02  L_bcs=8.193e-03  L_res=1.713e-01  val_ARE=2.298% *
Iter  16000: L=1.032e-01  L_data=3.791e-02  L_bcs=1.137e-03  L_res=1.707e-01  val_ARE=2.312%
Iter  17000: L=1.002e-01  L_data=3.547e-02  L_bcs=1.121e-02  L_res=1.652e-01  val_ARE=2.246% *
Iter  18000: L=9.565e-02  L_data=3.400e-02  L_bcs=1.046e-03  L_res=1.611e-01  val_ARE=2.197% *
Iter  19000: L=8.957e-02  L_data=3.193e-02  L_bcs=1.164e-03  L_res=1.506e-01  val_ARE=2.176% *
Iter  20000: L=8.909e-02  L_data=3.003e-02  L_bcs=5.298e-03  L_res=1.526e-01  val_ARE=2.016% *
Iter  21000: L=8.662e-02  L_data=2.903e-02  L_bcs=7.103e-04  L_res=1.506e-01  val_ARE=2.019%
Iter  22000: L=8.332e-02  L_data=2.770e-02  L_bcs=1.346e-03  L_res=1.452e-01  val_ARE=1.957% *
Iter  23000: L=8.325e-02  L_data=2.719e-02  L_bcs=6.800e-04  L_res=1.466e-01  val_ARE=1.901% *
Iter  24000: L=7.983e-02  L_data=2.542e-02  L_bcs=1.263e-03  L_res=1.421e-01  val_ARE=1.859% *
Iter  25000: L=7.772e-02  L_data=2.520e-02  L_bcs=7.581e-04  L_res=1.373e-01  val_ARE=1.789% *
Iter  26000: L=7.836e-02  L_data=2.460e-02  L_bcs=5.659e-04  L_res=1.406e-01  val_ARE=1.778% *
Iter  27000: L=7.684e-02  L_data=2.373e-02  L_bcs=1.896e-02  L_res=1.316e-01  val_ARE=1.781%
Iter  28000: L=7.447e-02  L_data=2.292e-02  L_bcs=6.770e-04  L_res=1.348e-01  val_ARE=1.712% *
Iter  29000: L=7.452e-02  L_data=2.263e-02  L_bcs=6.970e-04  L_res=1.357e-01  val_ARE=1.674% *
Iter  30000: L=8.281e-02  L_data=2.588e-02  L_bcs=3.338e-02  L_res=1.359e-01  val_ARE=2.033%
Iter  31000: L=7.077e-02  L_data=2.116e-02  L_bcs=6.793e-04  L_res=1.297e-01  val_ARE=1.649% *
Iter  32000: L=6.924e-02  L_data=1.997e-02  L_bcs=1.112e-02  L_res=1.247e-01  val_ARE=1.622% *
Iter  33000: L=6.560e-02  L_data=1.932e-02  L_bcs=5.453e-04  L_res=1.210e-01  val_ARE=1.497% *
Iter  34000: L=6.672e-02  L_data=2.026e-02  L_bcs=1.074e-03  L_res=1.213e-01  val_ARE=1.562%
Iter  35000: L=6.451e-02  L_data=1.948e-02  L_bcs=1.340e-03  L_res=1.174e-01  val_ARE=1.502%
Iter  36000: L=6.722e-02  L_data=1.962e-02  L_bcs=1.086e-02  L_res=1.204e-01  val_ARE=1.662%
Iter  37000: L=6.258e-02  L_data=1.781e-02  L_bcs=3.624e-03  L_res=1.159e-01  val_ARE=1.433% *
Iter  38000: L=6.224e-02  L_data=1.769e-02  L_bcs=2.436e-03  L_res=1.158e-01  val_ARE=1.409% *
Iter  39000: L=6.003e-02  L_data=1.706e-02  L_bcs=2.824e-03  L_res=1.114e-01  val_ARE=1.406% *
Iter  40000: L=5.619e-02  L_data=1.576e-02  L_bcs=8.114e-04  L_res=1.056e-01  val_ARE=1.352% *
Iter  41000: L=5.760e-02  L_data=1.562e-02  L_bcs=4.473e-03  L_res=1.082e-01  val_ARE=1.358%
Iter  42000: L=5.870e-02  L_data=1.557e-02  L_bcs=4.977e-03  L_res=1.110e-01  val_ARE=1.434%
Iter  43000: L=5.543e-02  L_data=1.497e-02  L_bcs=3.160e-03  L_res=1.048e-01  val_ARE=1.310% *
Iter  44000: L=5.258e-02  L_data=1.421e-02  L_bcs=4.237e-04  L_res=1.004e-01  val_ARE=1.286% *
Iter  45000: L=5.097e-02  L_data=1.383e-02  L_bcs=5.114e-04  L_res=9.709e-02  val_ARE=1.286%
Iter  46000: L=5.242e-02  L_data=1.339e-02  L_bcs=4.118e-04  L_res=1.021e-01  val_ARE=1.315%
Iter  47000: L=4.944e-02  L_data=1.280e-02  L_bcs=2.737e-03  L_res=9.491e-02  val_ARE=1.249% *
Iter  48000: L=4.984e-02  L_data=1.312e-02  L_bcs=2.170e-03  L_res=9.534e-02  val_ARE=1.221% *
Iter  49000: L=4.672e-02  L_data=1.217e-02  L_bcs=7.139e-04  L_res=9.026e-02  val_ARE=1.211% *
Iter  50000: L=4.978e-02  L_data=1.261e-02  L_bcs=8.533e-03  L_res=9.400e-02  val_ARE=1.227%
Iter  51000: L=4.593e-02  L_data=1.149e-02  L_bcs=4.133e-04  L_res=9.009e-02  val_ARE=1.215%
Iter  52000: L=4.561e-02  L_data=1.095e-02  L_bcs=6.348e-03  L_res=8.828e-02  val_ARE=1.163% *
Iter  53000: L=4.396e-02  L_data=1.032e-02  L_bcs=1.415e-03  L_res=8.756e-02  val_ARE=1.083% *
Iter  54000: L=4.332e-02  L_data=1.093e-02  L_bcs=1.593e-03  L_res=8.423e-02  val_ARE=1.091%
Iter  55000: L=4.323e-02  L_data=1.004e-02  L_bcs=5.832e-03  L_res=8.465e-02  val_ARE=1.061% *
Iter  56000: L=4.199e-02  L_data=1.012e-02  L_bcs=3.325e-03  L_res=8.218e-02  val_ARE=1.055% *
Iter  57000: L=4.119e-02  L_data=9.677e-03  L_bcs=7.556e-04  L_res=8.228e-02  val_ARE=1.130%
Iter  58000: L=3.979e-02  L_data=9.542e-03  L_bcs=6.328e-04  L_res=7.900e-02  val_ARE=1.027% *
Iter  59000: L=3.933e-02  L_data=9.317e-03  L_bcs=9.907e-04  L_res=7.825e-02  val_ARE=1.082%
Iter  60000: L=3.887e-02  L_data=8.965e-03  L_bcs=4.407e-04  L_res=7.819e-02  val_ARE=1.054%
Iter  61000: L=3.813e-02  L_data=9.026e-03  L_bcs=1.925e-03  L_res=7.549e-02  val_ARE=1.108%
Iter  62000: L=3.930e-02  L_data=8.779e-03  L_bcs=1.105e-02  L_res=7.559e-02  val_ARE=1.062%
Iter  63000: L=4.480e-02  L_data=1.082e-02  L_bcs=3.899e-02  L_res=7.353e-02  val_ARE=1.277%
Iter  64000: L=3.586e-02  L_data=8.020e-03  L_bcs=6.054e-04  L_res=7.271e-02  val_ARE=1.013% *
Iter  65000: L=3.488e-02  L_data=7.822e-03  L_bcs=4.077e-04  L_res=7.072e-02  val_ARE=0.961% *
Iter  66000: L=3.439e-02  L_data=7.767e-03  L_bcs=9.042e-04  L_res=6.940e-02  val_ARE=0.952% *
Iter  67000: L=4.114e-02  L_data=1.029e-02  L_bcs=2.959e-02  L_res=6.907e-02  val_ARE=1.227%
Iter  68000: L=3.354e-02  L_data=7.645e-03  L_bcs=5.888e-03  L_res=6.552e-02  val_ARE=0.956%
Iter  69000: L=3.225e-02  L_data=7.718e-03  L_bcs=1.595e-03  L_res=6.364e-02  val_ARE=0.952%
Iter  70000: L=3.391e-02  L_data=7.430e-03  L_bcs=9.290e-03  L_res=6.568e-02  val_ARE=1.026%
Iter  71000: L=3.127e-02  L_data=6.895e-03  L_bcs=1.190e-03  L_res=6.339e-02  val_ARE=0.942% *
Iter  72000: L=2.980e-02  L_data=6.635e-03  L_bcs=1.271e-03  L_res=6.019e-02  val_ARE=0.881% *
Iter  73000: L=2.970e-02  L_data=6.534e-03  L_bcs=6.745e-04  L_res=6.044e-02  val_ARE=0.905%
Iter  74000: L=3.021e-02  L_data=6.415e-03  L_bcs=1.456e-03  L_res=6.176e-02  val_ARE=0.849% *
Iter  75000: L=3.000e-02  L_data=6.154e-03  L_bcs=3.465e-04  L_res=6.235e-02  val_ARE=0.836% *
Iter  76000: L=2.927e-02  L_data=6.218e-03  L_bcs=9.777e-03  L_res=5.653e-02  val_ARE=0.866%
Iter  77000: L=2.922e-02  L_data=6.218e-03  L_bcs=1.995e-03  L_res=5.948e-02  val_ARE=0.945%
Iter  78000: L=2.871e-02  L_data=5.705e-03  L_bcs=1.725e-03  L_res=5.958e-02  val_ARE=0.826% *
Iter  79000: L=2.714e-02  L_data=6.004e-03  L_bcs=3.146e-04  L_res=5.525e-02  val_ARE=0.874%
Iter  80000: L=2.776e-02  L_data=5.795e-03  L_bcs=1.186e-03  L_res=5.709e-02  val_ARE=0.834%
Iter  81000: L=2.701e-02  L_data=5.713e-03  L_bcs=1.614e-03  L_res=5.515e-02  val_ARE=0.881%
Iter  82000: L=2.634e-02  L_data=5.517e-03  L_bcs=2.918e-03  L_res=5.341e-02  val_ARE=0.814% *
Iter  83000: L=2.631e-02  L_data=5.244e-03  L_bcs=2.957e-03  L_res=5.402e-02  val_ARE=0.822%
Iter  84000: L=2.617e-02  L_data=5.405e-03  L_bcs=5.779e-03  L_res=5.210e-02  val_ARE=0.847%
Iter  85000: L=2.590e-02  L_data=5.105e-03  L_bcs=4.830e-03  L_res=5.257e-02  val_ARE=0.774% *
Iter  86000: L=2.454e-02  L_data=5.041e-03  L_bcs=3.294e-03  L_res=4.977e-02  val_ARE=0.793%
Iter  87000: L=2.300e-02  L_data=4.800e-03  L_bcs=5.065e-04  L_res=4.748e-02  val_ARE=0.779%
Iter  88000: L=2.695e-02  L_data=5.623e-03  L_bcs=1.565e-02  L_res=4.966e-02  val_ARE=0.895%
Iter  89000: L=2.253e-02  L_data=4.757e-03  L_bcs=5.303e-04  L_res=4.635e-02  val_ARE=0.748% *
Iter  90000: L=3.122e-02  L_data=8.986e-03  L_bcs=7.760e-03  L_res=5.518e-02  val_ARE=1.149%
Iter  91000: L=2.165e-02  L_data=4.551e-03  L_bcs=1.163e-03  L_res=4.434e-02  val_ARE=0.802%
Iter  92000: L=2.177e-02  L_data=4.294e-03  L_bcs=2.004e-04  L_res=4.571e-02  val_ARE=0.758%
Iter  93000: L=2.423e-02  L_data=6.149e-03  L_bcs=5.131e-03  L_res=4.534e-02  val_ARE=1.126%
Iter  94000: L=2.159e-02  L_data=4.198e-03  L_bcs=4.115e-03  L_res=4.393e-02  val_ARE=0.716% *
Iter  95000: L=2.005e-02  L_data=4.147e-03  L_bcs=4.066e-04  L_res=4.149e-02  val_ARE=0.696% *
Iter  96000: L=2.100e-02  L_data=4.100e-03  L_bcs=2.739e-03  L_res=4.320e-02  val_ARE=0.741%
Iter  97000: L=2.256e-02  L_data=4.694e-03  L_bcs=1.122e-02  L_res=4.236e-02  val_ARE=0.869%
Iter  98000: L=2.048e-02  L_data=3.873e-03  L_bcs=8.059e-04  L_res=4.319e-02  val_ARE=0.696% *
Iter  99000: L=1.965e-02  L_data=3.969e-03  L_bcs=2.031e-03  L_res=4.026e-02  val_ARE=0.728%

Best validation ARE = 0.696% at iter 98000; restoring those params.
  new best: trial 32 at 0.696% -> saved trained_models/lr_search/large/pideeponet_angular_relu_tanh_arch.pkl
[I 2026-09-14 22:56:52,250] Trial 32 finished with value: 0.7493669092655182 and parameters: {'n_layers': 6, 'branch_log2': 7, 'trunk_log2': 8, 'lr': 8.676991919847445e-05, 'res_over_data': 0.38166871917305606, 'bcs_over_data': 0.15152248864511916}. Best is trial 32 with value: 0.7493669092655182.

Trial 43: 6 layers, branch 512, trunk 256, lr 5.20e-05, res/data 0.851, bcs/data 0.262, seed 1234
2026-09-14 22:57:06.813983: W external/xla/xla/tsl/framework/bfc_allocator.cc:501] Allocator (GPU_0_bfc) ran out of memory trying to allocate 1.06GiB (rounded to 1141263360)requested by op 
If the cause is memory fragmentation maybe the environment variable 'TF_GPU_ALLOCATOR=cuda_malloc_async' will improve the situation. 
Current allocation summary follows.
Current allocation summary follows.
2026-09-14 22:57:06.814971: W external/xla/xla/tsl/framework/bfc_allocator.cc:512] __________________________________________________________________**********************************
E0914 22:57:06.815019 1216992 pjrt_stream_executor_client.cc:2916] Execution of replica 0 failed: RESOURCE_EXHAUSTED: Out of memory while trying to allocate 1141263248 bytes. [tf-allocator-allocation-error='']
[W 2026-09-14 22:57:06,849] Trial 43 failed with parameters: {'n_layers': 6, 'branch_log2': 9, 'trunk_log2': 8, 'lr': 5.204923781880662e-05, 'res_over_data': 0.8507982998476271, 'bcs_over_data': 0.261814720373899} because of the following error: XlaRuntimeError('RESOURCE_EXHAUSTED: Out of memory while trying to allocate 1141263248 bytes.').
jax.errors.SimplifiedTraceback: For simplicity, JAX has removed its internal frames from the traceback of the following exception. Set JAX_TRACEBACK_FILTERING=off to include these.

The above exception was the direct cause of the following exception:

Traceback (most recent call last):
  File "/itf-fi-ml/home/williaeo/PI-DeepONet/pinn/lib/python3.10/site-packages/optuna/study/_optimize.py", line 206, in _run_trial
    value_or_values = func(trial)
  File "/itf-fi-ml/home/williaeo/PI-DeepONet/angular_optimization.py", line 182, in objective
    model.train(
  File "/itf-fi-ml/home/williaeo/PI-DeepONet/model.py", line 367, in train
    self.params, self.opt_state = self.step(
jaxlib._jax.XlaRuntimeError: RESOURCE_EXHAUSTED: Out of memory while trying to allocate 1141263248 bytes.
[W 2026-09-14 22:57:06,850] Trial 43 failed with value None.

Trial 44: 5 layers, branch 128, trunk 256, lr 1.19e-04, res/data 0.449, bcs/data 0.176, seed 1234
Iter      0: L=2.040e+01  L_data=1.765e+01  L_bcs=4.874e-01  L_res=5.943e+00  val_ARE=89.224% *
Iter   1000: L=3.116e-01  L_data=1.697e-01  L_bcs=1.012e-01  L_res=2.763e-01  val_ARE=5.680% *
Iter   2000: L=2.199e-01  L_data=1.051e-01  L_bcs=6.681e-02  L_res=2.293e-01  val_ARE=4.141% *
Iter   3000: L=1.866e-01  L_data=8.504e-02  L_bcs=1.785e-02  L_res=2.191e-01  val_ARE=3.705% *
Iter   4000: L=1.756e-01  L_data=7.935e-02  L_bcs=9.082e-03  L_res=2.108e-01  val_ARE=3.493% *
Iter   5000: L=1.655e-01  L_data=7.169e-02  L_bcs=7.723e-03  L_res=2.058e-01  val_ARE=3.169% *
Iter   6000: L=1.551e-01  L_data=6.150e-02  L_bcs=2.593e-02  L_res=1.982e-01  val_ARE=3.025% *
Iter   7000: L=1.492e-01  L_data=6.073e-02  L_bcs=9.381e-03  L_res=1.932e-01  val_ARE=3.031%
Iter   8000: L=1.417e-01  L_data=5.585e-02  L_bcs=1.593e-03  L_res=1.905e-01  val_ARE=2.826% *
Iter   9000: L=1.369e-01  L_data=5.355e-02  L_bcs=2.062e-03  L_res=1.847e-01  val_ARE=2.698% *
Iter  10000: L=1.325e-01  L_data=5.186e-02  L_bcs=3.858e-03  L_res=1.781e-01  val_ARE=2.637% *
Iter  11000: L=1.291e-01  L_data=4.929e-02  L_bcs=1.042e-03  L_res=1.774e-01  val_ARE=2.631% *
Iter  12000: L=1.282e-01  L_data=4.617e-02  L_bcs=7.720e-03  L_res=1.796e-01  val_ARE=2.481% *
Iter  13000: L=1.222e-01  L_data=4.387e-02  L_bcs=1.416e-03  L_res=1.739e-01  val_ARE=2.310% *
Iter  14000: L=1.168e-01  L_data=4.095e-02  L_bcs=9.853e-04  L_res=1.685e-01  val_ARE=2.250% *
Iter  15000: L=1.177e-01  L_data=3.856e-02  L_bcs=1.830e-02  L_res=1.690e-01  val_ARE=2.158% *
Iter  16000: L=1.129e-01  L_data=3.722e-02  L_bcs=1.091e-03  L_res=1.680e-01  val_ARE=2.150% *
Iter  17000: L=1.078e-01  L_data=3.465e-02  L_bcs=6.808e-04  L_res=1.627e-01  val_ARE=2.133% *
Iter  18000: L=1.069e-01  L_data=3.415e-02  L_bcs=5.898e-03  L_res=1.596e-01  val_ARE=1.967% *
Iter  19000: L=9.982e-02  L_data=3.201e-02  L_bcs=1.872e-03  L_res=1.503e-01  val_ARE=1.969%
Iter  20000: L=9.947e-02  L_data=2.995e-02  L_bcs=1.117e-02  L_res=1.504e-01  val_ARE=1.875% *
Iter  21000: L=9.489e-02  L_data=2.789e-02  L_bcs=1.113e-03  L_res=1.488e-01  val_ARE=1.798% *
Iter  22000: L=9.117e-02  L_data=2.664e-02  L_bcs=6.620e-03  L_res=1.411e-01  val_ARE=1.770% *
Iter  23000: L=8.920e-02  L_data=2.516e-02  L_bcs=5.123e-04  L_res=1.424e-01  val_ARE=1.564% *
Iter  24000: L=8.709e-02  L_data=2.460e-02  L_bcs=9.278e-03  L_res=1.355e-01  val_ARE=1.579%
Iter  25000: L=8.364e-02  L_data=2.374e-02  L_bcs=7.624e-04  L_res=1.331e-01  val_ARE=1.557% *
Iter  26000: L=8.751e-02  L_data=2.426e-02  L_bcs=1.590e-02  L_res=1.346e-01  val_ARE=1.642%
Iter  27000: L=7.938e-02  L_data=2.220e-02  L_bcs=2.536e-03  L_res=1.263e-01  val_ARE=1.431% *
Iter  28000: L=7.960e-02  L_data=2.140e-02  L_bcs=5.110e-04  L_res=1.294e-01  val_ARE=1.440%
Iter  29000: L=8.070e-02  L_data=2.107e-02  L_bcs=2.961e-03  L_res=1.316e-01  val_ARE=1.406% *
Iter  30000: L=8.096e-02  L_data=2.148e-02  L_bcs=1.276e-03  L_res=1.319e-01  val_ARE=1.420%
Iter  31000: L=7.909e-02  L_data=2.164e-02  L_bcs=6.632e-04  L_res=1.277e-01  val_ARE=1.655%
Iter  32000: L=7.773e-02  L_data=1.954e-02  L_bcs=2.278e-02  L_res=1.206e-01  val_ARE=1.436%
Iter  33000: L=7.121e-02  L_data=1.836e-02  L_bcs=8.216e-04  L_res=1.174e-01  val_ARE=1.305% *
Iter  34000: L=7.045e-02  L_data=1.839e-02  L_bcs=7.775e-04  L_res=1.156e-01  val_ARE=1.285% *
Iter  35000: L=6.761e-02  L_data=1.729e-02  L_bcs=5.493e-03  L_res=1.099e-01  val_ARE=1.216% *
Iter  36000: L=6.865e-02  L_data=1.634e-02  L_bcs=1.021e-02  L_res=1.125e-01  val_ARE=1.200% *
Iter  37000: L=6.613e-02  L_data=1.627e-02  L_bcs=2.584e-03  L_res=1.100e-01  val_ARE=1.147% *
Iter  38000: L=6.745e-02  L_data=1.666e-02  L_bcs=7.109e-03  L_res=1.103e-01  val_ARE=1.159%
Iter  39000: L=6.360e-02  L_data=1.560e-02  L_bcs=2.398e-03  L_res=1.060e-01  val_ARE=1.121% *
Iter  40000: L=6.119e-02  L_data=1.504e-02  L_bcs=9.188e-04  L_res=1.024e-01  val_ARE=1.161%
Iter  41000: L=6.312e-02  L_data=1.461e-02  L_bcs=5.762e-03  L_res=1.058e-01  val_ARE=1.056% *
Iter  42000: L=6.463e-02  L_data=1.549e-02  L_bcs=8.149e-04  L_res=1.091e-01  val_ARE=1.178%
Iter  43000: L=6.014e-02  L_data=1.406e-02  L_bcs=5.008e-03  L_res=1.006e-01  val_ARE=1.046% *
Iter  44000: L=5.787e-02  L_data=1.349e-02  L_bcs=4.896e-03  L_res=9.692e-02  val_ARE=1.004% *
Iter  45000: L=5.462e-02  L_data=1.318e-02  L_bcs=1.029e-03  L_res=9.187e-02  val_ARE=0.971% *
Iter  46000: L=5.691e-02  L_data=1.261e-02  L_bcs=2.229e-03  L_res=9.776e-02  val_ARE=0.950% *
Iter  47000: L=5.431e-02  L_data=1.243e-02  L_bcs=3.563e-03  L_res=9.188e-02  val_ARE=1.069%
Iter  48000: L=5.327e-02  L_data=1.251e-02  L_bcs=7.930e-04  L_res=9.043e-02  val_ARE=0.964%
Iter  49000: L=5.389e-02  L_data=1.215e-02  L_bcs=1.134e-02  L_res=8.849e-02  val_ARE=1.036%
Iter  50000: L=5.280e-02  L_data=1.176e-02  L_bcs=4.169e-04  L_res=9.124e-02  val_ARE=0.937% *
Iter  51000: L=5.179e-02  L_data=1.114e-02  L_bcs=2.559e-03  L_res=8.950e-02  val_ARE=0.933% *
Iter  52000: L=5.069e-02  L_data=1.074e-02  L_bcs=1.830e-03  L_res=8.824e-02  val_ARE=0.905% *
Iter  53000: L=5.099e-02  L_data=1.075e-02  L_bcs=1.292e-03  L_res=8.909e-02  val_ARE=0.893% *
Iter  54000: L=5.051e-02  L_data=1.175e-02  L_bcs=5.294e-04  L_res=8.610e-02  val_ARE=0.982%
Iter  55000: L=4.795e-02  L_data=1.024e-02  L_bcs=4.970e-04  L_res=8.377e-02  val_ARE=0.866% *
Iter  56000: L=4.793e-02  L_data=1.042e-02  L_bcs=4.215e-03  L_res=8.188e-02  val_ARE=0.879%
Iter  57000: L=4.651e-02  L_data=1.003e-02  L_bcs=3.440e-04  L_res=8.110e-02  val_ARE=0.880%
Iter  58000: L=4.594e-02  L_data=1.006e-02  L_bcs=5.711e-04  L_res=7.967e-02  val_ARE=0.879%
Iter  59000: L=4.667e-02  L_data=1.002e-02  L_bcs=4.831e-03  L_res=7.970e-02  val_ARE=1.027%
Iter  60000: L=4.932e-02  L_data=9.860e-03  L_bcs=1.762e-02  L_res=8.095e-02  val_ARE=0.897%
Iter  61000: L=4.438e-02  L_data=9.567e-03  L_bcs=1.048e-03  L_res=7.711e-02  val_ARE=0.987%
Iter  62000: L=4.611e-02  L_data=9.205e-03  L_bcs=6.415e-03  L_res=7.965e-02  val_ARE=0.861% *
Iter  63000: L=4.368e-02  L_data=9.314e-03  L_bcs=1.685e-03  L_res=7.587e-02  val_ARE=0.812% *
Iter  64000: L=4.465e-02  L_data=9.244e-03  L_bcs=4.380e-04  L_res=7.866e-02  val_ARE=0.810% *
Iter  65000: L=4.281e-02  L_data=8.772e-03  L_bcs=1.741e-03  L_res=7.511e-02  val_ARE=0.785% *
Iter  66000: L=4.454e-02  L_data=9.391e-03  L_bcs=7.967e-03  L_res=7.514e-02  val_ARE=0.926%
Iter  67000: L=4.128e-02  L_data=8.503e-03  L_bcs=6.682e-04  L_res=7.272e-02  val_ARE=0.798%
Iter  68000: L=4.295e-02  L_data=8.836e-03  L_bcs=7.684e-03  L_res=7.295e-02  val_ARE=0.798%
Iter  69000: L=4.110e-02  L_data=8.591e-03  L_bcs=9.726e-04  L_res=7.200e-02  val_ARE=0.754% *
Iter  70000: L=4.258e-02  L_data=8.645e-03  L_bcs=6.593e-03  L_res=7.298e-02  val_ARE=0.944%
Iter  71000: L=4.140e-02  L_data=8.170e-03  L_bcs=4.130e-03  L_res=7.238e-02  val_ARE=0.864%
Iter  72000: L=3.930e-02  L_data=8.077e-03  L_bcs=1.304e-03  L_res=6.902e-02  val_ARE=0.805%
Iter  73000: L=3.913e-02  L_data=8.330e-03  L_bcs=2.634e-03  L_res=6.756e-02  val_ARE=0.798%
Iter  74000: L=3.986e-02  L_data=7.690e-03  L_bcs=3.456e-03  L_res=7.027e-02  val_ARE=0.770%
Iter  75000: L=4.108e-02  L_data=7.762e-03  L_bcs=1.237e-02  L_res=6.934e-02  val_ARE=0.781%
Iter  76000: L=3.756e-02  L_data=7.406e-03  L_bcs=8.657e-03  L_res=6.374e-02  val_ARE=0.791%
Iter  77000: L=3.698e-02  L_data=7.220e-03  L_bcs=3.986e-04  L_res=6.611e-02  val_ARE=0.764%
Iter  78000: L=3.721e-02  L_data=7.189e-03  L_bcs=1.506e-03  L_res=6.625e-02  val_ARE=0.774%
Iter  79000: L=3.571e-02  L_data=7.177e-03  L_bcs=1.964e-03  L_res=6.276e-02  val_ARE=0.863%
Iter  80000: L=3.800e-02  L_data=7.498e-03  L_bcs=9.301e-03  L_res=6.427e-02  val_ARE=0.815%
Iter  81000: L=3.571e-02  L_data=6.682e-03  L_bcs=6.648e-03  L_res=6.203e-02  val_ARE=0.775%
Iter  82000: L=3.399e-02  L_data=6.575e-03  L_bcs=1.386e-03  L_res=6.051e-02  val_ARE=0.712% *
Iter  83000: L=3.343e-02  L_data=6.239e-03  L_bcs=3.422e-04  L_res=6.041e-02  val_ARE=0.691% *
Iter  84000: L=3.310e-02  L_data=6.295e-03  L_bcs=2.702e-03  L_res=5.863e-02  val_ARE=0.735%
Iter  85000: L=3.321e-02  L_data=6.087e-03  L_bcs=3.383e-04  L_res=6.027e-02  val_ARE=0.702%
Iter  86000: L=3.226e-02  L_data=6.091e-03  L_bcs=3.957e-03  L_res=5.672e-02  val_ARE=0.682% *
Iter  87000: L=3.088e-02  L_data=6.088e-03  L_bcs=7.527e-04  L_res=5.492e-02  val_ARE=0.780%
Iter  88000: L=3.260e-02  L_data=6.178e-03  L_bcs=9.033e-03  L_res=5.530e-02  val_ARE=0.742%
Iter  89000: L=3.093e-02  L_data=6.128e-03  L_bcs=1.250e-03  L_res=5.474e-02  val_ARE=0.842%
Iter  90000: L=2.980e-02  L_data=5.480e-03  L_bcs=2.632e-04  L_res=5.406e-02  val_ARE=0.673% *
Iter  91000: L=2.873e-02  L_data=5.530e-03  L_bcs=7.371e-04  L_res=5.137e-02  val_ARE=0.739%
Iter  92000: L=3.210e-02  L_data=6.147e-03  L_bcs=9.090e-03  L_res=5.422e-02  val_ARE=0.881%
Iter  93000: L=2.806e-02  L_data=5.200e-03  L_bcs=9.518e-04  L_res=5.053e-02  val_ARE=0.753%
Iter  94000: L=2.868e-02  L_data=5.053e-03  L_bcs=4.059e-03  L_res=5.103e-02  val_ARE=0.677%
Iter  95000: L=2.676e-02  L_data=5.125e-03  L_bcs=6.183e-04  L_res=4.793e-02  val_ARE=0.672% *
Iter  96000: L=2.770e-02  L_data=5.326e-03  L_bcs=3.408e-04  L_res=4.969e-02  val_ARE=0.825%
Iter  97000: L=2.803e-02  L_data=5.342e-03  L_bcs=5.848e-03  L_res=4.824e-02  val_ARE=0.779%
Iter  98000: L=2.803e-02  L_data=5.035e-03  L_bcs=2.572e-03  L_res=5.020e-02  val_ARE=0.745%
Iter  99000: L=2.618e-02  L_data=4.704e-03  L_bcs=1.417e-03  L_res=4.727e-02  val_ARE=0.663% *

Best validation ARE = 0.663% at iter 99000; restoring those params.
  new best: trial 44 at 0.663% -> saved trained_models/lr_search/large/pideeponet_angular_relu_tanh_arch.pkl
[I 2026-09-14 23:43:04,326] Trial 44 finished with value: 0.7419216930866241 and parameters: {'n_layers': 5, 'branch_log2': 7, 'trunk_log2': 8, 'lr': 0.00011884449635690355, 'res_over_data': 0.44909096847768554, 'bcs_over_data': 0.17615305893015992}. Best is trial 44 with value: 0.7419216930866241.

Trial 51: 4 layers, branch 128, trunk 256, lr 9.58e-05, res/data 0.532, bcs/data 0.192, seed 1234
Iter      0: L=2.031e+01  L_data=1.656e+01  L_bcs=1.859e+00  L_res=6.367e+00  val_ARE=84.131% *
Iter   1000: L=4.422e-01  L_data=2.139e-01  L_bcs=2.874e-01  L_res=3.257e-01  val_ARE=6.430% *
Iter   2000: L=3.648e-01  L_data=1.813e-01  L_bcs=1.329e-01  L_res=2.971e-01  val_ARE=6.036% *
Iter   3000: L=3.195e-01  L_data=1.474e-01  L_bcs=9.873e-02  L_res=2.882e-01  val_ARE=5.300% *
Iter   4000: L=2.632e-01  L_data=1.225e-01  L_bcs=4.257e-02  L_res=2.493e-01  val_ARE=4.570% *
Iter   5000: L=2.110e-01  L_data=8.763e-02  L_bcs=1.865e-02  L_res=2.253e-01  val_ARE=3.603% *
Iter   6000: L=1.962e-01  L_data=7.808e-02  L_bcs=3.078e-02  L_res=2.111e-01  val_ARE=3.404% *
Iter   7000: L=2.130e-01  L_data=8.818e-02  L_bcs=5.913e-02  L_res=2.135e-01  val_ARE=3.809%
Iter   8000: L=1.813e-01  L_data=7.159e-02  L_bcs=7.768e-03  L_res=2.035e-01  val_ARE=3.123% *
Iter   9000: L=1.690e-01  L_data=6.462e-02  L_bcs=3.918e-03  L_res=1.949e-01  val_ARE=2.851% *
Iter  10000: L=1.626e-01  L_data=6.121e-02  L_bcs=4.185e-03  L_res=1.892e-01  val_ARE=2.749% *
Iter  11000: L=1.598e-01  L_data=5.780e-02  L_bcs=2.032e-03  L_res=1.912e-01  val_ARE=2.701% *
Iter  12000: L=1.599e-01  L_data=5.592e-02  L_bcs=2.562e-03  L_res=1.947e-01  val_ARE=2.558% *
Iter  13000: L=1.552e-01  L_data=5.427e-02  L_bcs=5.443e-03  L_res=1.879e-01  val_ARE=2.470% *
Iter  14000: L=1.568e-01  L_data=5.372e-02  L_bcs=2.402e-02  L_res=1.853e-01  val_ARE=2.461% *
Iter  15000: L=1.512e-01  L_data=5.178e-02  L_bcs=4.312e-03  L_res=1.854e-01  val_ARE=2.394% *
Iter  16000: L=1.512e-01  L_data=5.005e-02  L_bcs=5.052e-03  L_res=1.885e-01  val_ARE=2.309% *
Iter  17000: L=1.479e-01  L_data=4.936e-02  L_bcs=9.694e-03  L_res=1.819e-01  val_ARE=2.293% *
Iter  18000: L=1.472e-01  L_data=4.850e-02  L_bcs=1.334e-02  L_res=1.808e-01  val_ARE=2.376%
Iter  19000: L=1.360e-01  L_data=4.427e-02  L_bcs=9.755e-04  L_res=1.721e-01  val_ARE=2.129% *
Iter  20000: L=1.414e-01  L_data=4.534e-02  L_bcs=7.694e-03  L_res=1.780e-01  val_ARE=2.127% *
Iter  21000: L=1.386e-01  L_data=4.416e-02  L_bcs=1.521e-03  L_res=1.770e-01  val_ARE=2.050% *
Iter  22000: L=1.351e-01  L_data=4.257e-02  L_bcs=2.683e-03  L_res=1.731e-01  val_ARE=2.019% *
Iter  23000: L=1.335e-01  L_data=4.161e-02  L_bcs=3.664e-03  L_res=1.715e-01  val_ARE=1.975% *
Iter  24000: L=1.306e-01  L_data=3.946e-02  L_bcs=7.974e-03  L_res=1.685e-01  val_ARE=1.920% *
Iter  25000: L=1.309e-01  L_data=4.036e-02  L_bcs=2.625e-03  L_res=1.694e-01  val_ARE=1.882% *
Iter  26000: L=1.394e-01  L_data=4.115e-02  L_bcs=3.057e-02  L_res=1.738e-01  val_ARE=1.940%
Iter  27000: L=1.275e-01  L_data=3.940e-02  L_bcs=2.305e-03  L_res=1.648e-01  val_ARE=1.872% *
Iter  28000: L=1.285e-01  L_data=3.838e-02  L_bcs=9.472e-04  L_res=1.692e-01  val_ARE=1.823% *
Iter  29000: L=1.288e-01  L_data=3.783e-02  L_bcs=1.266e-03  L_res=1.707e-01  val_ARE=1.812% *
Iter  30000: L=1.328e-01  L_data=3.861e-02  L_bcs=1.586e-02  L_res=1.714e-01  val_ARE=1.819%
Iter  31000: L=1.255e-01  L_data=3.757e-02  L_bcs=8.728e-04  L_res=1.650e-01  val_ARE=1.789% *
Iter  32000: L=1.235e-01  L_data=3.697e-02  L_bcs=2.618e-03  L_res=1.619e-01  val_ARE=1.790%
Iter  33000: L=1.185e-01  L_data=3.490e-02  L_bcs=2.290e-03  L_res=1.564e-01  val_ARE=1.735% *
Iter  34000: L=1.222e-01  L_data=3.629e-02  L_bcs=6.761e-03  L_res=1.591e-01  val_ARE=1.744%
Iter  35000: L=1.179e-01  L_data=3.423e-02  L_bcs=1.208e-02  L_res=1.530e-01  val_ARE=1.750%
[I 2026-09-14 23:56:00,774] Trial 51 pruned. 

Trial 58: 6 layers, branch 128, trunk 512, lr 1.16e-04, res/data 0.645, bcs/data 0.124, seed 1234
Iter      0: L=1.935e+01  L_data=1.599e+01  L_bcs=4.158e-01  L_res=5.121e+00  val_ARE=85.368% *
Iter   1000: L=2.585e-01  L_data=1.100e-01  L_bcs=2.811e-02  L_res=2.249e-01  val_ARE=4.499% *
Iter   2000: L=2.243e-01  L_data=8.311e-02  L_bcs=3.963e-02  L_res=2.114e-01  val_ARE=3.964% *
Iter   3000: L=2.033e-01  L_data=6.801e-02  L_bcs=2.518e-02  L_res=2.050e-01  val_ARE=3.623% *
Iter   4000: L=1.933e-01  L_data=6.633e-02  L_bcs=1.415e-02  L_res=1.942e-01  val_ARE=3.811%
Iter   5000: L=1.864e-01  L_data=5.871e-02  L_bcs=4.326e-02  L_res=1.897e-01  val_ARE=3.504% *
Iter   6000: L=1.707e-01  L_data=5.160e-02  L_bcs=2.715e-03  L_res=1.841e-01  val_ARE=3.183% *
Iter   7000: L=1.599e-01  L_data=4.714e-02  L_bcs=3.546e-03  L_res=1.741e-01  val_ARE=3.039% *
Iter   8000: L=1.649e-01  L_data=5.014e-02  L_bcs=3.071e-02  L_res=1.721e-01  val_ARE=3.356%
Iter   9000: L=2.046e-01  L_data=7.148e-02  L_bcs=5.072e-02  L_res=1.967e-01  val_ARE=4.153%
Iter  10000: L=1.338e-01  L_data=3.553e-02  L_bcs=7.801e-03  L_res=1.509e-01  val_ARE=2.850% *
Iter  11000: L=1.444e-01  L_data=3.486e-02  L_bcs=9.791e-02  L_res=1.511e-01  val_ARE=2.898%
Iter  12000: L=1.154e-01  L_data=2.609e-02  L_bcs=1.161e-02  L_res=1.363e-01  val_ARE=2.574% *
Iter  13000: L=1.119e-01  L_data=2.594e-02  L_bcs=1.599e-02  L_res=1.302e-01  val_ARE=2.737%
Iter  14000: L=1.023e-01  L_data=2.373e-02  L_bcs=1.626e-03  L_res=1.215e-01  val_ARE=2.662%
Iter  15000: L=1.028e-01  L_data=2.335e-02  L_bcs=3.659e-03  L_res=1.226e-01  val_ARE=2.785%
Iter  16000: L=9.100e-02  L_data=1.925e-02  L_bcs=3.980e-03  L_res=1.105e-01  val_ARE=2.565% *
Iter  17000: L=8.319e-02  L_data=1.703e-02  L_bcs=1.138e-03  L_res=1.024e-01  val_ARE=2.645%
Iter  18000: L=7.923e-02  L_data=1.604e-02  L_bcs=1.103e-02  L_res=9.587e-02  val_ARE=2.598%
Iter  19000: L=7.312e-02  L_data=1.466e-02  L_bcs=1.066e-02  L_res=8.861e-02  val_ARE=2.484% *
Iter  20000: L=7.387e-02  L_data=1.539e-02  L_bcs=2.586e-02  L_res=8.573e-02  val_ARE=2.536%
[I 2026-09-15 00:15:43,227] Trial 58 pruned. 
