
===== launch 2026-09-14 19:04:11: architecture search =====
Batch size 5000, 100000 iterations per trial
Branch input: (Q - 0.000000) / 1.000000
Search worker on CUDA_VISIBLE_DEVICES=5

Trial 3: 5 layers, branch 256, trunk 256, lr 3.35e-04, res/data 0.421, bcs/data 0.112, seed 1234
Iter      0: L=1.015e+01  L_data=8.400e+00  L_bcs=3.084e+00  L_res=3.337e+00  val_ARE=57.202% *
Iter   1000: L=1.983e-01  L_data=1.002e-01  L_bcs=2.412e-02  L_res=2.267e-01  val_ARE=3.897% *
Iter   2000: L=1.583e-01  L_data=7.038e-02  L_bcs=2.060e-02  L_res=2.034e-01  val_ARE=3.041% *
Iter   3000: L=1.444e-01  L_data=5.769e-02  L_bcs=3.970e-02  L_res=1.954e-01  val_ARE=2.653% *
Iter   4000: L=1.038e+00  L_data=3.943e-01  L_bcs=3.723e+00  L_res=5.358e-01  val_ARE=8.313%
Iter   5000: L=1.967e-01  L_data=9.993e-02  L_bcs=2.976e-02  L_res=2.221e-01  val_ARE=5.398%
Iter   6000: L=1.717e-01  L_data=8.287e-02  L_bcs=1.098e-02  L_res=2.081e-01  val_ARE=4.986%
Iter   7000: L=1.631e-01  L_data=7.587e-02  L_bcs=6.963e-03  L_res=2.054e-01  val_ARE=4.753%
Iter   8000: L=1.552e-01  L_data=7.020e-02  L_bcs=5.369e-03  L_res=2.005e-01  val_ARE=4.617%
Iter   9000: L=1.512e-01  L_data=6.462e-02  L_bcs=5.178e-02  L_res=1.920e-01  val_ARE=4.414%
Iter  10000: L=1.295e-01  L_data=5.249e-02  L_bcs=1.229e-02  L_res=1.797e-01  val_ARE=3.554%
Iter  11000: L=1.284e-01  L_data=5.213e-02  L_bcs=1.457e-03  L_res=1.809e-01  val_ARE=3.910%
Iter  12000: L=1.933e-01  L_data=9.483e-02  L_bcs=4.760e-02  L_res=2.213e-01  val_ARE=4.498%
Iter  13000: L=1.078e-01  L_data=3.744e-02  L_bcs=1.145e-03  L_res=1.669e-01  val_ARE=3.322%
Iter  14000: L=9.870e-02  L_data=3.321e-02  L_bcs=1.461e-03  L_res=1.552e-01  val_ARE=3.481%
Iter  15000: L=9.661e-02  L_data=2.905e-02  L_bcs=4.499e-02  L_res=1.485e-01  val_ARE=3.413%
Iter  16000: L=8.106e-02  L_data=2.416e-02  L_bcs=9.029e-04  L_res=1.350e-01  val_ARE=2.949%
Iter  17000: L=8.480e-02  L_data=2.409e-02  L_bcs=8.217e-02  L_res=1.223e-01  val_ARE=3.123%
Iter  18000: L=6.496e-02  L_data=1.733e-02  L_bcs=9.906e-03  L_res=1.106e-01  val_ARE=2.928%
Iter  19000: L=8.764e-02  L_data=2.869e-02  L_bcs=1.347e-03  L_res=1.397e-01  val_ARE=4.602%
Iter  20000: L=7.409e-02  L_data=2.107e-02  L_bcs=1.964e-02  L_res=1.208e-01  val_ARE=3.798%
Iter  21000: L=5.791e-02  L_data=1.494e-02  L_bcs=2.737e-03  L_res=1.014e-01  val_ARE=3.082%
Iter  22000: L=6.497e-02  L_data=1.871e-02  L_bcs=2.555e-02  L_res=1.031e-01  val_ARE=3.329%
Iter  23000: L=5.065e-02  L_data=1.215e-02  L_bcs=6.929e-04  L_res=9.129e-02  val_ARE=2.289% *
Iter  24000: L=7.152e-02  L_data=2.584e-02  L_bcs=2.182e-02  L_res=1.027e-01  val_ARE=2.556%
Iter  25000: L=6.752e-02  L_data=2.311e-02  L_bcs=1.771e-02  L_res=1.008e-01  val_ARE=3.161%
Iter  26000: L=4.112e-02  L_data=9.301e-03  L_bcs=1.167e-03  L_res=7.530e-02  val_ARE=1.962% *
Iter  27000: L=3.933e-02  L_data=9.047e-03  L_bcs=2.153e-03  L_res=7.140e-02  val_ARE=1.930% *
Iter  28000: L=4.132e-02  L_data=1.055e-02  L_bcs=1.692e-03  L_res=7.265e-02  val_ARE=1.934%
Iter  29000: L=3.781e-02  L_data=8.063e-03  L_bcs=2.329e-02  L_res=6.447e-02  val_ARE=1.804% *
Iter  30000: L=6.724e-02  L_data=2.083e-02  L_bcs=2.972e-03  L_res=1.095e-01  val_ARE=3.795%
Iter  31000: L=5.068e-02  L_data=1.253e-02  L_bcs=3.525e-02  L_res=8.124e-02  val_ARE=2.877%
Iter  32000: L=4.354e-02  L_data=9.708e-03  L_bcs=3.638e-02  L_res=7.070e-02  val_ARE=2.539%
Iter  33000: L=3.450e-02  L_data=7.548e-03  L_bcs=2.118e-03  L_res=6.348e-02  val_ARE=2.071%
Iter  34000: L=3.236e-02  L_data=7.067e-03  L_bcs=1.899e-03  L_res=5.961e-02  val_ARE=1.884%
Iter  35000: L=5.206e-02  L_data=1.838e-02  L_bcs=1.706e-02  L_res=7.549e-02  val_ARE=2.684%
Iter  36000: L=3.579e-02  L_data=8.892e-03  L_bcs=9.701e-03  L_res=6.133e-02  val_ARE=1.906%
Iter  37000: L=2.825e-02  L_data=5.816e-03  L_bcs=3.026e-03  L_res=5.251e-02  val_ARE=1.484% *
Iter  38000: L=2.839e-02  L_data=6.055e-03  L_bcs=9.782e-04  L_res=5.282e-02  val_ARE=1.315% *
Iter  39000: L=2.593e-02  L_data=5.324e-03  L_bcs=3.640e-04  L_res=4.887e-02  val_ARE=1.308% *
Iter  40000: L=2.389e-02  L_data=4.708e-03  L_bcs=5.642e-04  L_res=4.542e-02  val_ARE=1.280% *
Iter  41000: L=3.033e-02  L_data=6.602e-03  L_bcs=3.068e-04  L_res=5.632e-02  val_ARE=2.031%
Iter  42000: L=2.745e-02  L_data=5.321e-03  L_bcs=2.544e-03  L_res=5.190e-02  val_ARE=1.688%
Iter  43000: L=2.493e-02  L_data=4.852e-03  L_bcs=7.052e-04  L_res=4.753e-02  val_ARE=1.357%
Iter  44000: L=2.324e-02  L_data=4.520e-03  L_bcs=1.295e-03  L_res=4.413e-02  val_ARE=1.239% *
Iter  45000: L=3.061e-02  L_data=8.571e-03  L_bcs=3.281e-03  L_res=5.151e-02  val_ARE=1.488%
Iter  46000: L=2.348e-02  L_data=4.236e-03  L_bcs=7.566e-04  L_res=4.554e-02  val_ARE=1.209% *
Iter  47000: L=5.362e-02  L_data=1.545e-02  L_bcs=3.301e-03  L_res=8.983e-02  val_ARE=2.840%
Iter  48000: L=4.472e-02  L_data=1.281e-02  L_bcs=6.613e-03  L_res=7.408e-02  val_ARE=2.230%
Iter  49000: L=3.705e-02  L_data=9.658e-03  L_bcs=1.137e-02  L_res=6.207e-02  val_ARE=1.954%
Iter  50000: L=3.083e-02  L_data=6.174e-03  L_bcs=2.354e-04  L_res=5.853e-02  val_ARE=1.262%
Iter  51000: L=2.897e-02  L_data=6.121e-03  L_bcs=1.298e-03  L_res=5.396e-02  val_ARE=1.169% *
Iter  52000: L=2.874e-02  L_data=6.002e-03  L_bcs=8.908e-03  L_res=5.166e-02  val_ARE=1.354%
Iter  53000: L=2.557e-02  L_data=4.796e-03  L_bcs=1.243e-03  L_res=4.904e-02  val_ARE=1.169% *
Iter  54000: L=2.562e-02  L_data=4.699e-03  L_bcs=1.333e-03  L_res=4.936e-02  val_ARE=1.204%
Iter  55000: L=2.290e-02  L_data=4.408e-03  L_bcs=1.243e-03  L_res=4.360e-02  val_ARE=1.146% *
Iter  56000: L=2.313e-02  L_data=4.881e-03  L_bcs=9.332e-04  L_res=4.311e-02  val_ARE=1.032% *
Iter  57000: L=2.430e-02  L_data=4.816e-03  L_bcs=5.707e-03  L_res=4.479e-02  val_ARE=1.220%
Iter  58000: L=2.234e-02  L_data=4.051e-03  L_bcs=4.117e-04  L_res=4.336e-02  val_ARE=1.176%
Iter  59000: L=8.297e-02  L_data=1.867e-02  L_bcs=2.965e-01  L_res=7.368e-02  val_ARE=1.904%
Iter  60000: L=3.163e-02  L_data=7.561e-03  L_bcs=2.289e-02  L_res=5.108e-02  val_ARE=1.389%
Iter  61000: L=2.717e-02  L_data=7.240e-03  L_bcs=1.635e-02  L_res=4.301e-02  val_ARE=1.668%
Iter  62000: L=2.128e-02  L_data=3.699e-03  L_bcs=2.615e-03  L_res=4.108e-02  val_ARE=1.013% *
Iter  63000: L=2.154e-02  L_data=3.940e-03  L_bcs=4.051e-03  L_res=4.075e-02  val_ARE=1.060%
Iter  64000: L=2.046e-02  L_data=3.703e-03  L_bcs=4.420e-03  L_res=3.865e-02  val_ARE=1.073%
Iter  65000: L=2.208e-02  L_data=4.894e-03  L_bcs=4.397e-03  L_res=3.966e-02  val_ARE=1.335%
Iter  66000: L=3.508e-02  L_data=8.131e-03  L_bcs=5.523e-02  L_res=4.931e-02  val_ARE=1.382%
Iter  67000: L=2.010e-02  L_data=3.724e-03  L_bcs=1.430e-03  L_res=3.854e-02  val_ARE=1.019%
Iter  68000: L=2.738e-02  L_data=6.957e-03  L_bcs=7.364e-03  L_res=4.657e-02  val_ARE=1.216%
Iter  69000: L=1.857e-02  L_data=3.292e-03  L_bcs=2.002e-03  L_res=3.577e-02  val_ARE=1.100%
Iter  70000: L=1.904e-02  L_data=3.541e-03  L_bcs=4.790e-04  L_res=3.670e-02  val_ARE=1.056%
Iter  71000: L=5.322e-02  L_data=1.809e-02  L_bcs=4.163e-02  L_res=7.239e-02  val_ARE=1.816%
Iter  72000: L=1.855e-02  L_data=3.299e-03  L_bcs=1.424e-03  L_res=3.586e-02  val_ARE=1.052%
Iter  73000: L=3.006e-02  L_data=1.042e-02  L_bcs=4.981e-03  L_res=4.535e-02  val_ARE=1.558%
Iter  74000: L=2.069e-02  L_data=4.135e-03  L_bcs=9.450e-03  L_res=3.683e-02  val_ARE=1.111%
Iter  75000: L=1.810e-02  L_data=3.054e-03  L_bcs=2.840e-03  L_res=3.500e-02  val_ARE=0.895% *
Iter  76000: L=1.997e-02  L_data=4.641e-03  L_bcs=2.927e-03  L_res=3.565e-02  val_ARE=1.083%
Iter  77000: L=2.195e-02  L_data=5.615e-03  L_bcs=3.156e-03  L_res=3.797e-02  val_ARE=1.091%
Iter  78000: L=1.708e-02  L_data=2.996e-03  L_bcs=1.435e-03  L_res=3.309e-02  val_ARE=0.920%
Iter  79000: L=1.667e-02  L_data=2.962e-03  L_bcs=9.692e-04  L_res=3.232e-02  val_ARE=0.956%
Iter  80000: L=1.711e-02  L_data=3.224e-03  L_bcs=5.098e-04  L_res=3.287e-02  val_ARE=0.981%
Iter  81000: L=1.652e-02  L_data=2.983e-03  L_bcs=2.216e-03  L_res=3.157e-02  val_ARE=0.832% *
Iter  82000: L=1.735e-02  L_data=3.453e-03  L_bcs=3.021e-03  L_res=3.223e-02  val_ARE=1.096%
Iter  83000: L=1.618e-02  L_data=2.843e-03  L_bcs=2.575e-03  L_res=3.100e-02  val_ARE=1.042%
Iter  84000: L=1.500e-02  L_data=2.528e-03  L_bcs=5.379e-04  L_res=2.949e-02  val_ARE=0.987%
Iter  85000: L=1.531e-02  L_data=3.392e-03  L_bcs=1.698e-04  L_res=2.827e-02  val_ARE=1.175%
Iter  86000: L=1.473e-02  L_data=2.762e-03  L_bcs=6.518e-04  L_res=2.826e-02  val_ARE=0.969%
Iter  87000: L=1.463e-02  L_data=2.556e-03  L_bcs=5.148e-04  L_res=2.855e-02  val_ARE=1.105%
Iter  88000: L=1.736e-02  L_data=4.843e-03  L_bcs=2.739e-03  L_res=2.902e-02  val_ARE=1.181%
Iter  89000: L=1.637e-02  L_data=2.930e-03  L_bcs=1.027e-02  L_res=2.921e-02  val_ARE=0.970%
Iter  90000: L=1.636e-02  L_data=3.523e-03  L_bcs=3.572e-03  L_res=2.955e-02  val_ARE=1.031%
Iter  91000: L=1.406e-02  L_data=2.451e-03  L_bcs=3.013e-04  L_res=2.751e-02  val_ARE=0.918%
Iter  92000: L=2.136e-02  L_data=4.984e-03  L_bcs=2.979e-02  L_res=3.097e-02  val_ARE=1.442%
Iter  93000: L=8.766e-02  L_data=2.887e-02  L_bcs=3.754e-03  L_res=1.387e-01  val_ARE=5.220%
Iter  94000: L=5.234e-02  L_data=1.306e-02  L_bcs=4.839e-03  L_res=9.205e-02  val_ARE=2.312%
Iter  95000: L=4.862e-02  L_data=1.275e-02  L_bcs=9.862e-03  L_res=8.262e-02  val_ARE=2.052%
Iter  96000: L=4.179e-02  L_data=8.876e-03  L_bcs=1.314e-03  L_res=7.787e-02  val_ARE=1.354%
Iter  97000: L=3.877e-02  L_data=8.963e-03  L_bcs=6.672e-03  L_res=6.904e-02  val_ARE=1.550%
Iter  98000: L=3.746e-02  L_data=8.341e-03  L_bcs=6.300e-03  L_res=6.752e-02  val_ARE=1.469%
Iter  99000: L=3.356e-02  L_data=7.117e-03  L_bcs=4.653e-03  L_res=6.159e-02  val_ARE=1.171%

Best validation ARE = 0.832% at iter 81000; restoring those params.
  new best: trial 3 at 0.832% -> saved trained_models/lr_search/large/pideeponet_angular_relu_tanh_arch.pkl
[I 2026-09-14 20:01:36,335] Trial 3 finished with value: 1.455754041671753 and parameters: {'n_layers': 5, 'branch_log2': 8, 'trunk_log2': 8, 'lr': 0.00033526476306606324, 'res_over_data': 0.4207867150390737, 'bcs_over_data': 0.11231754618040929}. Best is trial 2 with value: 1.2138201594352722.

Trial 8: 6 layers, branch 128, trunk 512, lr 2.36e-04, res/data 0.273, bcs/data 0.241, seed 1234
Iter      0: L=1.265e+01  L_data=1.117e+01  L_bcs=1.826e+00  L_res=3.795e+00  val_ARE=70.142% *
Iter   1000: L=1.553e-01  L_data=9.306e-02  L_bcs=7.887e-03  L_res=2.205e-01  val_ARE=4.158% *
Iter   2000: L=1.328e-01  L_data=7.330e-02  L_bcs=7.198e-03  L_res=2.111e-01  val_ARE=4.010% *
Iter   3000: L=1.468e-01  L_data=7.133e-02  L_bcs=7.222e-02  L_res=2.122e-01  val_ARE=4.231%
Iter   4000: L=1.274e-01  L_data=6.899e-02  L_bcs=6.849e-03  L_res=2.074e-01  val_ARE=4.603%
Iter   5000: L=1.083e-01  L_data=5.573e-02  L_bcs=2.278e-03  L_res=1.902e-01  val_ARE=4.957%
Iter   6000: L=9.994e-02  L_data=4.902e-02  L_bcs=1.537e-03  L_res=1.849e-01  val_ARE=5.499%
Iter   7000: L=3.569e-01  L_data=2.407e-01  L_bcs=1.285e-02  L_res=4.135e-01  val_ARE=9.111%
Iter   8000: L=8.937e-02  L_data=4.107e-02  L_bcs=2.896e-03  L_res=1.741e-01  val_ARE=7.006%
Iter   9000: L=9.406e-02  L_data=4.454e-02  L_bcs=7.550e-03  L_res=1.745e-01  val_ARE=8.088%
Iter  10000: L=1.011e-01  L_data=5.180e-02  L_bcs=3.543e-03  L_res=1.771e-01  val_ARE=9.674%
Iter  11000: L=8.114e-02  L_data=3.512e-02  L_bcs=1.136e-02  L_res=1.583e-01  val_ARE=9.083%
Iter  12000: L=6.918e-02  L_data=2.743e-02  L_bcs=4.397e-03  L_res=1.488e-01  val_ARE=9.065%
Iter  13000: L=6.384e-02  L_data=2.490e-02  L_bcs=7.401e-03  L_res=1.359e-01  val_ARE=9.478%
Iter  14000: L=5.784e-02  L_data=2.271e-02  L_bcs=6.934e-04  L_res=1.279e-01  val_ARE=9.991%
Iter  15000: L=5.358e-02  L_data=1.953e-02  L_bcs=2.370e-03  L_res=1.224e-01  val_ARE=10.183%
Iter  16000: L=7.150e-02  L_data=2.628e-02  L_bcs=4.441e-02  L_res=1.263e-01  val_ARE=10.866%
Iter  17000: L=8.176e-02  L_data=3.566e-02  L_bcs=2.134e-02  L_res=1.498e-01  val_ARE=11.692%
Iter  18000: L=3.888e-02  L_data=1.323e-02  L_bcs=3.142e-04  L_res=9.353e-02  val_ARE=11.478%
Iter  19000: L=3.693e-02  L_data=1.225e-02  L_bcs=2.389e-03  L_res=8.817e-02  val_ARE=11.959%
Iter  20000: L=3.933e-02  L_data=1.398e-02  L_bcs=5.476e-03  L_res=8.790e-02  val_ARE=12.850%
Iter  21000: L=3.572e-02  L_data=1.178e-02  L_bcs=6.029e-04  L_res=8.702e-02  val_ARE=13.689%
Iter  22000: L=3.040e-01  L_data=1.810e-01  L_bcs=6.478e-02  L_res=3.928e-01  val_ARE=15.667%
Iter  23000: L=2.832e-02  L_data=8.934e-03  L_bcs=2.753e-04  L_res=7.064e-02  val_ARE=14.381%
Iter  24000: L=5.097e-02  L_data=2.013e-02  L_bcs=2.170e-02  L_res=9.369e-02  val_ARE=15.683%
Iter  25000: L=3.012e-02  L_data=9.546e-03  L_bcs=2.926e-03  L_res=7.265e-02  val_ARE=14.960%
Iter  26000: L=2.440e-02  L_data=7.391e-03  L_bcs=7.921e-04  L_res=6.151e-02  val_ARE=15.460%
Iter  27000: L=1.169e-01  L_data=6.545e-02  L_bcs=2.126e-02  L_res=1.694e-01  val_ARE=17.313%
Iter  28000: L=6.937e-02  L_data=3.136e-02  L_bcs=1.927e-03  L_res=1.373e-01  val_ARE=19.267%
Iter  29000: L=3.816e-02  L_data=1.380e-02  L_bcs=7.807e-04  L_res=8.839e-02  val_ARE=17.672%
Iter  30000: L=2.990e-02  L_data=1.011e-02  L_bcs=2.533e-03  L_res=7.014e-02  val_ARE=16.652%
Iter  31000: L=4.004e-02  L_data=1.258e-02  L_bcs=3.002e-02  L_res=7.399e-02  val_ARE=16.865%
Iter  32000: L=4.317e-02  L_data=1.458e-02  L_bcs=2.955e-02  L_res=7.853e-02  val_ARE=16.903%
[I 2026-09-14 20:35:45,090] Trial 8 pruned. 

Trial 15: 3 layers, branch 256, trunk 1024, lr 3.44e-04, res/data 0.113, bcs/data 0.057, seed 1234
Iter      0: L=1.052e+02  L_data=8.950e+01  L_bcs=1.673e+02  L_res=5.507e+01  val_ARE=136.947% *
Iter   1000: L=4.588e-01  L_data=2.967e-01  L_bcs=2.118e+00  L_res=3.731e-01  val_ARE=8.430% *
Iter   2000: L=2.603e-01  L_data=1.622e-01  L_bcs=1.216e+00  L_res=2.586e-01  val_ARE=5.024% *
Iter   3000: L=1.088e-01  L_data=7.651e-02  L_bcs=1.261e-01  L_res=2.225e-01  val_ARE=3.256% *
Iter   4000: L=1.038e-01  L_data=6.863e-02  L_bcs=2.143e-01  L_res=2.039e-01  val_ARE=3.002% *
Iter   5000: L=8.701e-02  L_data=5.812e-02  L_bcs=1.130e-01  L_res=1.991e-01  val_ARE=2.721% *
Iter   6000: L=3.086e-01  L_data=1.982e-01  L_bcs=1.280e+00  L_res=3.352e-01  val_ARE=6.048%
Iter   7000: L=2.253e-01  L_data=1.606e-01  L_bcs=5.430e-01  L_res=3.001e-01  val_ARE=5.909%
Iter   8000: L=1.372e-01  L_data=1.039e-01  L_bcs=1.247e-01  L_res=2.327e-01  val_ARE=4.721%
Iter   9000: L=1.187e-01  L_data=8.969e-02  L_bcs=7.671e-02  L_res=2.180e-01  val_ARE=4.564%
Iter  10000: L=1.136e-01  L_data=8.668e-02  L_bcs=5.791e-02  L_res=2.092e-01  val_ARE=4.134%
Iter  11000: L=9.839e-02  L_data=7.317e-02  L_bcs=3.609e-02  L_res=2.052e-01  val_ARE=4.487%
Iter  12000: L=8.758e-02  L_data=6.241e-02  L_bcs=3.648e-02  L_res=2.046e-01  val_ARE=3.765%
Iter  13000: L=8.949e-02  L_data=6.182e-02  L_bcs=9.699e-02  L_res=1.963e-01  val_ARE=3.681%
Iter  14000: L=7.612e-02  L_data=5.381e-02  L_bcs=1.364e-02  L_res=1.907e-01  val_ARE=3.744%
Iter  15000: L=7.097e-02  L_data=4.892e-02  L_bcs=1.463e-02  L_res=1.879e-01  val_ARE=3.473%
Iter  16000: L=7.357e-02  L_data=4.673e-02  L_bcs=1.144e-01  L_res=1.803e-01  val_ARE=3.044%
Iter  17000: L=5.422e-02  L_data=3.496e-02  L_bcs=6.539e-03  L_res=1.672e-01  val_ARE=2.717% *
Iter  18000: L=6.332e-02  L_data=4.086e-02  L_bcs=8.476e-02  L_res=1.563e-01  val_ARE=3.461%
Iter  19000: L=4.081e-02  L_data=2.453e-02  L_bcs=1.167e-02  L_res=1.383e-01  val_ARE=2.296% *
Iter  20000: L=3.706e-02  L_data=2.248e-02  L_bcs=2.148e-03  L_res=1.280e-01  val_ARE=2.368%
Iter  21000: L=1.405e-01  L_data=1.106e-01  L_bcs=7.805e-02  L_res=2.253e-01  val_ARE=6.988%
Iter  22000: L=1.020e-01  L_data=7.682e-02  L_bcs=2.259e-02  L_res=2.116e-01  val_ARE=6.465%
Iter  23000: L=8.885e-02  L_data=6.511e-02  L_bcs=2.472e-02  L_res=1.978e-01  val_ARE=6.273%
[I 2026-09-14 21:09:48,450] Trial 15 pruned. 

Trial 22: 5 layers, branch 128, trunk 256, lr 5.35e-05, res/data 0.280, bcs/data 0.044, seed 1234
Iter      0: L=2.197e+01  L_data=2.007e+01  L_bcs=4.674e-01  L_res=6.699e+00  val_ARE=95.271% *
Iter   1000: L=3.081e-01  L_data=1.719e-01  L_bcs=1.137e+00  L_res=3.075e-01  val_ARE=5.629% *
Iter   2000: L=2.528e-01  L_data=1.422e-01  L_bcs=7.839e-01  L_res=2.712e-01  val_ARE=5.300% *
Iter   3000: L=2.130e-01  L_data=1.174e-01  L_bcs=5.085e-01  L_res=2.609e-01  val_ARE=4.710% *
Iter   4000: L=1.854e-01  L_data=1.130e-01  L_bcs=1.683e-01  L_res=2.317e-01  val_ARE=4.446% *
Iter   5000: L=1.542e-01  L_data=8.645e-02  L_bcs=1.190e-01  L_res=2.228e-01  val_ARE=3.704% *
Iter   6000: L=1.399e-01  L_data=7.615e-02  L_bcs=9.755e-02  L_res=2.119e-01  val_ARE=3.413% *
Iter   7000: L=1.355e-01  L_data=7.384e-02  L_bcs=7.589e-02  L_res=2.081e-01  val_ARE=3.255% *
Iter   8000: L=1.319e-01  L_data=7.213e-02  L_bcs=3.980e-02  L_res=2.069e-01  val_ARE=3.174% *
Iter   9000: L=1.246e-01  L_data=6.752e-02  L_bcs=3.660e-02  L_res=1.978e-01  val_ARE=3.064% *
Iter  10000: L=1.230e-01  L_data=6.772e-02  L_bcs=2.067e-02  L_res=1.937e-01  val_ARE=3.100%
Iter  11000: L=1.201e-01  L_data=6.349e-02  L_bcs=2.520e-02  L_res=1.978e-01  val_ARE=2.943% *
Iter  12000: L=1.188e-01  L_data=6.115e-02  L_bcs=1.938e-02  L_res=2.025e-01  val_ARE=2.884% *
Iter  13000: L=1.141e-01  L_data=5.840e-02  L_bcs=2.360e-02  L_res=1.950e-01  val_ARE=2.814% *
Iter  14000: L=1.116e-01  L_data=5.655e-02  L_bcs=2.161e-02  L_res=1.927e-01  val_ARE=2.706% *
Iter  15000: L=1.095e-01  L_data=5.473e-02  L_bcs=9.216e-03  L_res=1.938e-01  val_ARE=2.638% *
Iter  16000: L=1.087e-01  L_data=5.321e-02  L_bcs=1.312e-02  L_res=1.957e-01  val_ARE=2.570% *
Iter  17000: L=1.065e-01  L_data=5.207e-02  L_bcs=2.156e-02  L_res=1.907e-01  val_ARE=2.502% *
Iter  18000: L=1.039e-01  L_data=5.069e-02  L_bcs=9.725e-03  L_res=1.883e-01  val_ARE=2.437% *
Iter  19000: L=9.899e-02  L_data=4.800e-02  L_bcs=1.130e-02  L_res=1.800e-01  val_ARE=2.378% *
Iter  20000: L=9.876e-02  L_data=4.668e-02  L_bcs=5.793e-03  L_res=1.848e-01  val_ARE=2.320% *
Iter  21000: L=9.675e-02  L_data=4.543e-02  L_bcs=6.551e-03  L_res=1.819e-01  val_ARE=2.233% *
Iter  22000: L=9.452e-02  L_data=4.431e-02  L_bcs=4.091e-03  L_res=1.784e-01  val_ARE=2.236%
Iter  23000: L=9.243e-02  L_data=4.254e-02  L_bcs=4.870e-03  L_res=1.771e-01  val_ARE=2.138% *
Iter  24000: L=8.859e-02  L_data=3.993e-02  L_bcs=3.359e-03  L_res=1.730e-01  val_ARE=2.070% *
Iter  25000: L=8.922e-02  L_data=4.043e-02  L_bcs=3.482e-03  L_res=1.734e-01  val_ARE=2.066% *
Iter  26000: L=8.954e-02  L_data=3.965e-02  L_bcs=3.775e-03  L_res=1.773e-01  val_ARE=2.024% *
Iter  27000: L=8.576e-02  L_data=3.855e-02  L_bcs=4.080e-03  L_res=1.677e-01  val_ARE=2.035%
Iter  28000: L=8.774e-02  L_data=3.867e-02  L_bcs=5.901e-03  L_res=1.740e-01  val_ARE=2.028%
Iter  29000: L=8.645e-02  L_data=3.777e-02  L_bcs=3.007e-03  L_res=1.731e-01  val_ARE=1.963% *
Iter  30000: L=8.792e-02  L_data=3.887e-02  L_bcs=3.884e-03  L_res=1.743e-01  val_ARE=1.974%
Iter  31000: L=8.415e-02  L_data=3.722e-02  L_bcs=5.291e-03  L_res=1.665e-01  val_ARE=1.935% *
Iter  32000: L=8.079e-02  L_data=3.489e-02  L_bcs=6.374e-03  L_res=1.627e-01  val_ARE=1.889% *
Iter  33000: L=7.784e-02  L_data=3.359e-02  L_bcs=3.528e-03  L_res=1.572e-01  val_ARE=1.815% *
Iter  34000: L=7.999e-02  L_data=3.436e-02  L_bcs=1.925e-03  L_res=1.624e-01  val_ARE=1.783% *
Iter  35000: L=7.605e-02  L_data=3.251e-02  L_bcs=3.903e-03  L_res=1.546e-01  val_ARE=1.776% *
Iter  36000: L=7.796e-02  L_data=3.240e-02  L_bcs=2.778e-03  L_res=1.620e-01  val_ARE=1.746% *
Iter  37000: L=7.693e-02  L_data=3.164e-02  L_bcs=3.069e-03  L_res=1.610e-01  val_ARE=1.709% *
Iter  38000: L=7.740e-02  L_data=3.207e-02  L_bcs=6.018e-03  L_res=1.607e-01  val_ARE=1.711%
[I 2026-09-14 21:27:23,420] Trial 22 pruned. 

Trial 27: 4 layers, branch 256, trunk 256, lr 1.25e-04, res/data 0.138, bcs/data 0.133, seed 1234
Iter      0: L=1.360e+01  L_data=1.282e+01  L_bcs=1.041e+00  L_res=4.656e+00  val_ARE=76.335% *
Iter   1000: L=4.374e-01  L_data=2.534e-01  L_bcs=1.026e+00  L_res=3.399e-01  val_ARE=7.282% *
Iter   2000: L=2.698e-01  L_data=2.139e-01  L_bcs=7.676e-02  L_res=3.298e-01  val_ARE=6.375% *
Iter   3000: L=1.676e-01  L_data=1.155e-01  L_bcs=1.105e-01  L_res=2.699e-01  val_ARE=4.265% *
Iter   4000: L=1.155e-01  L_data=8.297e-02  L_bcs=1.502e-02  L_res=2.207e-01  val_ARE=3.115% *
Iter   5000: L=1.075e-01  L_data=7.443e-02  L_bcs=2.273e-02  L_res=2.169e-01  val_ARE=2.950% *
Iter   6000: L=9.597e-02  L_data=6.552e-02  L_bcs=1.401e-02  L_res=2.067e-01  val_ARE=2.787% *
Iter   7000: L=1.057e-01  L_data=7.053e-02  L_bcs=4.942e-02  L_res=2.065e-01  val_ARE=2.979%
Iter   8000: L=8.922e-02  L_data=6.058e-02  L_bcs=6.448e-03  L_res=2.008e-01  val_ARE=2.706% *
Iter   9000: L=8.322e-02  L_data=5.621e-02  L_bcs=4.561e-03  L_res=1.909e-01  val_ARE=2.475% *
Iter  10000: L=8.442e-02  L_data=5.763e-02  L_bcs=6.369e-03  L_res=1.876e-01  val_ARE=2.554%
Iter  11000: L=7.887e-02  L_data=5.167e-02  L_bcs=9.248e-03  L_res=1.878e-01  val_ARE=2.269% *
Iter  12000: L=9.492e-02  L_data=6.550e-02  L_bcs=5.485e-03  L_res=2.074e-01  val_ARE=2.972%
Iter  13000: L=8.686e-02  L_data=5.892e-02  L_bcs=3.416e-03  L_res=1.988e-01  val_ARE=2.704%
Iter  14000: L=8.309e-02  L_data=5.606e-02  L_bcs=3.104e-03  L_res=1.925e-01  val_ARE=2.561%
Iter  15000: L=8.094e-02  L_data=5.356e-02  L_bcs=5.871e-03  L_res=1.923e-01  val_ARE=2.465%
Iter  16000: L=7.909e-02  L_data=5.173e-02  L_bcs=2.257e-03  L_res=1.957e-01  val_ARE=2.347%
Iter  17000: L=7.677e-02  L_data=5.024e-02  L_bcs=2.474e-03  L_res=1.895e-01  val_ARE=2.311%
Iter  18000: L=7.659e-02  L_data=4.942e-02  L_bcs=1.060e-02  L_res=1.862e-01  val_ARE=2.254% *
Iter  19000: L=7.350e-02  L_data=4.632e-02  L_bcs=1.600e-02  L_res=1.811e-01  val_ARE=2.176% *
Iter  20000: L=7.873e-02  L_data=5.181e-02  L_bcs=1.988e-03  L_res=1.927e-01  val_ARE=2.390%
Iter  21000: L=7.429e-02  L_data=4.777e-02  L_bcs=4.383e-03  L_res=1.876e-01  val_ARE=2.199%
Iter  22000: L=7.139e-02  L_data=4.527e-02  L_bcs=4.140e-03  L_res=1.849e-01  val_ARE=2.089% *
Iter  23000: L=7.055e-02  L_data=4.513e-02  L_bcs=9.341e-04  L_res=1.829e-01  val_ARE=2.053% *
Iter  24000: L=6.813e-02  L_data=4.319e-02  L_bcs=1.242e-03  L_res=1.791e-01  val_ARE=2.134%
Iter  25000: L=6.909e-02  L_data=4.312e-02  L_bcs=1.174e-02  L_res=1.765e-01  val_ARE=2.023% *
Iter  26000: L=8.304e-02  L_data=5.520e-02  L_bcs=3.117e-03  L_res=1.983e-01  val_ARE=2.534%
Iter  27000: L=7.256e-02  L_data=4.722e-02  L_bcs=2.602e-03  L_res=1.807e-01  val_ARE=2.220%
Iter  28000: L=7.199e-02  L_data=4.629e-02  L_bcs=7.820e-04  L_res=1.851e-01  val_ARE=2.145%
Iter  29000: L=6.908e-02  L_data=4.358e-02  L_bcs=9.003e-04  L_res=1.835e-01  val_ARE=2.091%
Iter  30000: L=6.898e-02  L_data=4.365e-02  L_bcs=1.624e-03  L_res=1.816e-01  val_ARE=2.029%
Iter  31000: L=6.847e-02  L_data=4.270e-02  L_bcs=9.393e-03  L_res=1.773e-01  val_ARE=2.073%
Iter  32000: L=8.328e-02  L_data=5.645e-02  L_bcs=2.844e-03  L_res=1.913e-01  val_ARE=2.662%
Iter  33000: L=6.853e-02  L_data=4.387e-02  L_bcs=1.404e-03  L_res=1.770e-01  val_ARE=2.209%
Iter  34000: L=6.683e-02  L_data=4.223e-02  L_bcs=3.765e-03  L_res=1.743e-01  val_ARE=2.033%
[I 2026-09-14 21:43:54,704] Trial 27 pruned. 

Trial 30: 3 layers, branch 256, trunk 256, lr 1.04e-04, res/data 0.101, bcs/data 0.017, seed 1234
Iter      0: L=2.003e+01  L_data=1.910e+01  L_bcs=3.683e+00  L_res=8.600e+00  val_ARE=80.033% *
Iter   1000: L=2.098e-01  L_data=1.470e-01  L_bcs=2.012e+00  L_res=2.874e-01  val_ARE=4.994% *
Iter   2000: L=1.799e-01  L_data=1.279e-01  L_bcs=1.475e+00  L_res=2.695e-01  val_ARE=4.720% *
Iter   3000: L=1.657e-01  L_data=1.146e-01  L_bcs=1.369e+00  L_res=2.775e-01  val_ARE=4.439% *
Iter   4000: L=1.505e-01  L_data=1.067e-01  L_bcs=1.014e+00  L_res=2.648e-01  val_ARE=4.202% *
Iter   5000: L=2.027e-01  L_data=1.598e-01  L_bcs=6.252e-01  L_res=3.219e-01  val_ARE=5.223%
Iter   6000: L=1.540e-01  L_data=1.054e-01  L_bcs=1.384e+00  L_res=2.502e-01  val_ARE=4.227%
Iter   7000: L=1.416e-01  L_data=9.587e-02  L_bcs=1.196e+00  L_res=2.543e-01  val_ARE=3.736% *
Iter   8000: L=1.078e-01  L_data=7.548e-02  L_bcs=5.629e-01  L_res=2.266e-01  val_ARE=3.156% *
Iter   9000: L=1.023e-01  L_data=7.178e-02  L_bcs=4.988e-01  L_res=2.192e-01  val_ARE=3.101% *
Iter  10000: L=9.534e-02  L_data=6.912e-02  L_bcs=3.281e-01  L_res=2.056e-01  val_ARE=2.968% *
Iter  11000: L=9.360e-02  L_data=6.642e-02  L_bcs=3.673e-01  L_res=2.085e-01  val_ARE=2.879% *
Iter  12000: L=9.014e-02  L_data=6.276e-02  L_bcs=3.729e-01  L_res=2.096e-01  val_ARE=2.778% *
Iter  13000: L=8.786e-02  L_data=6.104e-02  L_bcs=3.372e-01  L_res=2.100e-01  val_ARE=2.726% *
Iter  14000: L=9.009e-02  L_data=6.467e-02  L_bcs=2.549e-01  L_res=2.099e-01  val_ARE=2.803%
Iter  15000: L=8.282e-02  L_data=5.782e-02  L_bcs=2.659e-01  L_res=2.039e-01  val_ARE=2.540% *
Iter  16000: L=8.470e-02  L_data=5.937e-02  L_bcs=2.429e-01  L_res=2.111e-01  val_ARE=2.570%
Iter  17000: L=8.304e-02  L_data=5.829e-02  L_bcs=2.616e-01  L_res=2.021e-01  val_ARE=2.615%
Iter  18000: L=7.981e-02  L_data=5.645e-02  L_bcs=1.872e-01  L_res=2.007e-01  val_ARE=2.424% *
Iter  19000: L=7.692e-02  L_data=5.384e-02  L_bcs=2.053e-01  L_res=1.949e-01  val_ARE=2.503%
Iter  20000: L=7.448e-02  L_data=5.227e-02  L_bcs=1.321e-01  L_res=1.986e-01  val_ARE=2.398% *
[I 2026-09-14 21:52:18,738] Trial 30 pruned. 

Trial 33: 3 layers, branch 128, trunk 256, lr 7.11e-05, res/data 0.480, bcs/data 0.044, seed 1234
Iter      0: L=2.727e+01  L_data=2.281e+01  L_bcs=2.624e+00  L_res=9.027e+00  val_ARE=95.514% *
Iter   1000: L=3.790e-01  L_data=1.700e-01  L_bcs=1.409e+00  L_res=3.066e-01  val_ARE=5.499% *
Iter   2000: L=3.319e-01  L_data=1.512e-01  L_bcs=1.044e+00  L_res=2.811e-01  val_ARE=5.358% *
Iter   3000: L=3.355e-01  L_data=1.445e-01  L_bcs=1.290e+00  L_res=2.800e-01  val_ARE=5.317% *
Iter   4000: L=2.901e-01  L_data=1.321e-01  L_bcs=6.445e-01  L_res=2.703e-01  val_ARE=4.964% *
Iter   5000: L=2.934e-01  L_data=1.322e-01  L_bcs=5.520e-01  L_res=2.852e-01  val_ARE=4.966%
Iter   6000: L=2.898e-01  L_data=1.253e-01  L_bcs=9.594e-01  L_res=2.550e-01  val_ARE=4.866% *
Iter   7000: L=2.983e-01  L_data=1.451e-01  L_bcs=3.978e-01  L_res=2.828e-01  val_ARE=5.242%
Iter   8000: L=2.533e-01  L_data=1.086e-01  L_bcs=5.241e-01  L_res=2.535e-01  val_ARE=4.282% *
Iter   9000: L=2.449e-01  L_data=1.010e-01  L_bcs=6.018e-01  L_res=2.447e-01  val_ARE=4.103% *
Iter  10000: L=2.440e-01  L_data=1.016e-01  L_bcs=6.449e-01  L_res=2.376e-01  val_ARE=4.028% *
Iter  11000: L=2.404e-01  L_data=9.697e-02  L_bcs=5.903e-01  L_res=2.447e-01  val_ARE=3.943% *
Iter  12000: L=2.364e-01  L_data=9.060e-02  L_bcs=6.030e-01  L_res=2.486e-01  val_ARE=3.855% *
Iter  13000: L=2.310e-01  L_data=9.496e-02  L_bcs=4.258e-01  L_res=2.443e-01  val_ARE=3.877%
Iter  14000: L=2.412e-01  L_data=1.069e-01  L_bcs=3.160e-01  L_res=2.506e-01  val_ARE=4.242%
Iter  15000: L=2.503e-01  L_data=1.172e-01  L_bcs=2.845e-01  L_res=2.511e-01  val_ARE=4.475%
Iter  16000: L=2.177e-01  L_data=8.433e-02  L_bcs=5.369e-01  L_res=2.286e-01  val_ARE=3.541% *
Iter  17000: L=1.982e-01  L_data=7.659e-02  L_bcs=3.805e-01  L_res=2.184e-01  val_ARE=3.344% *
Iter  18000: L=1.876e-01  L_data=7.342e-02  L_bcs=2.632e-01  L_res=2.136e-01  val_ARE=3.230% *
Iter  19000: L=1.752e-01  L_data=6.520e-02  L_bcs=2.279e-01  L_res=2.082e-01  val_ARE=2.988% *
Iter  20000: L=1.797e-01  L_data=7.100e-02  L_bcs=1.419e-01  L_res=2.133e-01  val_ARE=3.297%
[I 2026-09-14 21:59:14,153] Trial 33 pruned. 

Trial 34: 3 layers, branch 256, trunk 512, lr 5.55e-05, res/data 0.280, bcs/data 0.013, seed 1234
Iter      0: L=1.767e+01  L_data=1.572e+01  L_bcs=2.634e+00  L_res=6.816e+00  val_ARE=74.365% *
Iter   1000: L=2.992e-01  L_data=1.705e-01  L_bcs=3.012e+00  L_res=3.150e-01  val_ARE=5.884% *
Iter   2000: L=2.339e-01  L_data=1.336e-01  L_bcs=1.836e+00  L_res=2.701e-01  val_ARE=4.780% *
Iter   3000: L=2.257e-01  L_data=1.237e-01  L_bcs=1.833e+00  L_res=2.761e-01  val_ARE=4.608% *
Iter   4000: L=2.228e-01  L_data=1.303e-01  L_bcs=1.137e+00  L_res=2.756e-01  val_ARE=4.846%
Iter   5000: L=2.191e-01  L_data=1.239e-01  L_bcs=1.040e+00  L_res=2.901e-01  val_ARE=4.491% *
Iter   6000: L=2.255e-01  L_data=1.309e-01  L_bcs=1.849e+00  L_res=2.490e-01  val_ARE=4.857%
Iter   7000: L=1.980e-01  L_data=1.091e-01  L_bcs=1.105e+00  L_res=2.644e-01  val_ARE=4.255% *
Iter   8000: L=1.842e-01  L_data=9.955e-02  L_bcs=1.028e+00  L_res=2.528e-01  val_ARE=3.950% *
Iter   9000: L=1.812e-01  L_data=9.922e-02  L_bcs=9.558e-01  L_res=2.469e-01  val_ARE=3.962%
Iter  10000: L=1.813e-01  L_data=1.014e-01  L_bcs=8.980e-01  L_res=2.424e-01  val_ARE=4.012%
Iter  11000: L=1.930e-01  L_data=1.110e-01  L_bcs=8.014e-01  L_res=2.544e-01  val_ARE=4.408%
Iter  12000: L=1.994e-01  L_data=1.105e-01  L_bcs=9.513e-01  L_res=2.716e-01  val_ARE=4.123%
Iter  13000: L=1.619e-01  L_data=8.184e-02  L_bcs=1.006e+00  L_res=2.377e-01  val_ARE=3.492% *
Iter  14000: L=1.578e-01  L_data=8.009e-02  L_bcs=1.011e+00  L_res=2.290e-01  val_ARE=3.399% *
Iter  15000: L=1.823e-01  L_data=1.050e-01  L_bcs=6.499e-01  L_res=2.450e-01  val_ARE=4.291%
Iter  16000: L=1.496e-01  L_data=7.451e-02  L_bcs=9.840e-01  L_res=2.211e-01  val_ARE=3.181% *
Iter  17000: L=1.292e-01  L_data=6.411e-02  L_bcs=5.368e-01  L_res=2.066e-01  val_ARE=2.857% *
Iter  18000: L=1.271e-01  L_data=6.494e-02  L_bcs=3.659e-01  L_res=2.045e-01  val_ARE=2.861%
Iter  19000: L=1.178e-01  L_data=5.755e-02  L_bcs=3.648e-01  L_res=1.979e-01  val_ARE=2.678% *
Iter  20000: L=1.216e-01  L_data=6.060e-02  L_bcs=2.922e-01  L_res=2.040e-01  val_ARE=2.856%
[I 2026-09-14 22:13:43,702] Trial 34 pruned. 

Trial 37: 5 layers, branch 256, trunk 512, lr 7.99e-05, res/data 0.335, bcs/data 0.011, seed 1234
Iter      0: L=1.513e+01  L_data=1.343e+01  L_bcs=1.512e+00  L_res=5.029e+00  val_ARE=72.315% *
Iter   1000: L=2.637e-01  L_data=1.457e-01  L_bcs=2.327e+00  L_res=2.781e-01  val_ARE=5.040% *
Iter   2000: L=2.146e-01  L_data=1.149e-01  L_bcs=1.648e+00  L_res=2.452e-01  val_ARE=4.390% *
Iter   3000: L=1.531e-01  L_data=7.444e-02  L_bcs=5.953e-01  L_res=2.159e-01  val_ARE=3.168% *
Iter   4000: L=1.426e-01  L_data=7.050e-02  L_bcs=3.018e-01  L_res=2.058e-01  val_ARE=2.964% *
Iter   5000: L=1.423e-01  L_data=7.098e-02  L_bcs=1.678e-01  L_res=2.078e-01  val_ARE=2.960% *
Iter   6000: L=1.275e-01  L_data=6.045e-02  L_bcs=1.581e-01  L_res=1.953e-01  val_ARE=2.934% *
Iter   7000: L=1.381e-01  L_data=7.138e-02  L_bcs=1.096e-01  L_res=1.958e-01  val_ARE=3.358%
Iter   8000: L=1.160e-01  L_data=5.248e-02  L_bcs=6.119e-02  L_res=1.877e-01  val_ARE=2.492% *
Iter   9000: L=1.082e-01  L_data=4.761e-02  L_bcs=4.235e-02  L_res=1.796e-01  val_ARE=2.316% *
Iter  10000: L=1.023e-01  L_data=4.434e-02  L_bcs=3.287e-02  L_res=1.722e-01  val_ARE=2.223% *
Iter  11000: L=9.717e-02  L_data=4.015e-02  L_bcs=5.898e-02  L_res=1.684e-01  val_ARE=2.125% *
Iter  12000: L=9.282e-02  L_data=3.660e-02  L_bcs=4.033e-02  L_res=1.666e-01  val_ARE=2.012% *
Iter  13000: L=8.628e-02  L_data=3.277e-02  L_bcs=2.480e-02  L_res=1.590e-01  val_ARE=1.855% *
Iter  14000: L=8.148e-02  L_data=3.070e-02  L_bcs=1.355e-02  L_res=1.512e-01  val_ARE=1.789% *
Iter  15000: L=7.855e-02  L_data=2.825e-02  L_bcs=1.386e-02  L_res=1.498e-01  val_ARE=1.663% *
Iter  16000: L=7.870e-02  L_data=2.836e-02  L_bcs=1.510e-02  L_res=1.499e-01  val_ARE=1.803%
Iter  17000: L=7.381e-02  L_data=2.551e-02  L_bcs=1.730e-02  L_res=1.437e-01  val_ARE=1.605% *
Iter  18000: L=7.260e-02  L_data=2.617e-02  L_bcs=2.456e-02  L_res=1.379e-01  val_ARE=1.880%
Iter  19000: L=6.644e-02  L_data=2.298e-02  L_bcs=2.068e-02  L_res=1.291e-01  val_ARE=1.524% *
Iter  20000: L=6.769e-02  L_data=2.309e-02  L_bcs=1.249e-02  L_res=1.328e-01  val_ARE=1.635%
Iter  21000: L=6.729e-02  L_data=2.275e-02  L_bcs=9.551e-03  L_res=1.327e-01  val_ARE=1.647%
Iter  22000: L=6.327e-02  L_data=2.120e-02  L_bcs=1.156e-02  L_res=1.253e-01  val_ARE=1.501% *
Iter  23000: L=6.354e-02  L_data=2.071e-02  L_bcs=1.020e-02  L_res=1.276e-01  val_ARE=1.491% *
Iter  24000: L=6.088e-02  L_data=2.031e-02  L_bcs=2.064e-02  L_res=1.205e-01  val_ARE=1.547%
Iter  25000: L=5.966e-02  L_data=1.960e-02  L_bcs=7.540e-03  L_res=1.194e-01  val_ARE=1.450% *
Iter  26000: L=6.197e-02  L_data=2.063e-02  L_bcs=6.085e-02  L_res=1.215e-01  val_ARE=1.464%
Iter  27000: L=5.548e-02  L_data=1.797e-02  L_bcs=6.498e-03  L_res=1.118e-01  val_ARE=1.313% *
Iter  28000: L=5.559e-02  L_data=1.754e-02  L_bcs=7.749e-03  L_res=1.134e-01  val_ARE=1.409%
Iter  29000: L=5.530e-02  L_data=1.724e-02  L_bcs=1.490e-02  L_res=1.132e-01  val_ARE=1.296% *
Iter  30000: L=5.424e-02  L_data=1.697e-02  L_bcs=3.751e-02  L_res=1.101e-01  val_ARE=1.318%
Iter  31000: L=5.115e-02  L_data=1.580e-02  L_bcs=8.076e-03  L_res=1.053e-01  val_ARE=1.396%
Iter  32000: L=5.346e-02  L_data=1.759e-02  L_bcs=1.510e-01  L_res=1.023e-01  val_ARE=1.567%
Iter  33000: L=4.512e-02  L_data=1.341e-02  L_bcs=6.277e-03  L_res=9.453e-02  val_ARE=1.221% *
Iter  34000: L=4.384e-02  L_data=1.274e-02  L_bcs=5.878e-03  L_res=9.272e-02  val_ARE=1.215% *
Iter  35000: L=4.509e-02  L_data=1.394e-02  L_bcs=3.960e-02  L_res=9.179e-02  val_ARE=1.254%
Iter  36000: L=4.369e-02  L_data=1.284e-02  L_bcs=1.329e-02  L_res=9.171e-02  val_ARE=1.364%
Iter  37000: L=4.240e-02  L_data=1.217e-02  L_bcs=3.573e-02  L_res=8.914e-02  val_ARE=1.207% *
Iter  38000: L=4.197e-02  L_data=1.213e-02  L_bcs=4.576e-02  L_res=8.765e-02  val_ARE=1.215%
Iter  39000: L=3.861e-02  L_data=1.097e-02  L_bcs=4.471e-03  L_res=8.240e-02  val_ARE=1.211%
Iter  40000: L=3.633e-02  L_data=1.013e-02  L_bcs=5.233e-03  L_res=7.809e-02  val_ARE=1.150% *
Iter  41000: L=3.677e-02  L_data=9.950e-03  L_bcs=8.471e-03  L_res=7.983e-02  val_ARE=1.111% *
Iter  42000: L=3.690e-02  L_data=9.799e-03  L_bcs=4.428e-03  L_res=8.080e-02  val_ARE=1.154%
Iter  43000: L=3.570e-02  L_data=9.498e-03  L_bcs=1.822e-02  L_res=7.767e-02  val_ARE=1.116%
Iter  44000: L=3.488e-02  L_data=9.715e-03  L_bcs=4.292e-03  L_res=7.504e-02  val_ARE=1.263%
Iter  45000: L=3.252e-02  L_data=8.686e-03  L_bcs=3.444e-03  L_res=7.109e-02  val_ARE=1.102% *
Iter  46000: L=3.307e-02  L_data=8.342e-03  L_bcs=1.620e-02  L_res=7.336e-02  val_ARE=1.129%
Iter  47000: L=3.106e-02  L_data=8.019e-03  L_bcs=6.384e-03  L_res=6.862e-02  val_ARE=1.041% *
Iter  48000: L=3.042e-02  L_data=7.711e-03  L_bcs=3.688e-03  L_res=6.770e-02  val_ARE=0.998% *
Iter  49000: L=3.016e-02  L_data=8.606e-03  L_bcs=1.010e-02  L_res=6.405e-02  val_ARE=1.324%
Iter  50000: L=3.039e-02  L_data=8.749e-03  L_bcs=1.112e-02  L_res=6.429e-02  val_ARE=1.390%
Iter  51000: L=2.765e-02  L_data=7.013e-03  L_bcs=3.817e-03  L_res=6.152e-02  val_ARE=1.051%
Iter  52000: L=2.833e-02  L_data=7.557e-03  L_bcs=4.571e-02  L_res=6.059e-02  val_ARE=1.151%
Iter  53000: L=2.769e-02  L_data=7.478e-03  L_bcs=4.819e-02  L_res=5.885e-02  val_ARE=1.161%
Iter  54000: L=2.601e-02  L_data=6.499e-03  L_bcs=2.506e-03  L_res=5.819e-02  val_ARE=0.969% *
Iter  55000: L=2.444e-02  L_data=6.009e-03  L_bcs=5.510e-03  L_res=5.487e-02  val_ARE=0.997%
Iter  56000: L=2.426e-02  L_data=6.068e-03  L_bcs=5.758e-03  L_res=5.415e-02  val_ARE=1.052%
Iter  57000: L=2.404e-02  L_data=6.155e-03  L_bcs=8.912e-03  L_res=5.312e-02  val_ARE=0.969% *
Iter  58000: L=2.314e-02  L_data=5.596e-03  L_bcs=5.751e-03  L_res=5.222e-02  val_ARE=1.007%
Iter  59000: L=2.211e-02  L_data=5.362e-03  L_bcs=3.104e-03  L_res=4.994e-02  val_ARE=0.947% *
Iter  60000: L=2.233e-02  L_data=5.314e-03  L_bcs=4.104e-03  L_res=5.069e-02  val_ARE=1.032%
Iter  61000: L=2.037e-02  L_data=4.809e-03  L_bcs=2.905e-03  L_res=4.639e-02  val_ARE=0.932% *
Iter  62000: L=2.126e-02  L_data=5.199e-03  L_bcs=1.750e-02  L_res=4.740e-02  val_ARE=1.007%
Iter  63000: L=2.044e-02  L_data=5.579e-03  L_bcs=2.014e-02  L_res=4.376e-02  val_ARE=1.161%
Iter  64000: L=1.931e-02  L_data=4.346e-03  L_bcs=3.956e-03  L_res=4.455e-02  val_ARE=0.949%
Iter  65000: L=1.914e-02  L_data=4.274e-03  L_bcs=4.415e-03  L_res=4.427e-02  val_ARE=0.974%
Iter  66000: L=1.856e-02  L_data=4.263e-03  L_bcs=2.664e-03  L_res=4.261e-02  val_ARE=1.026%
Iter  67000: L=1.881e-02  L_data=4.574e-03  L_bcs=3.260e-03  L_res=4.241e-02  val_ARE=1.122%
Iter  68000: L=2.040e-02  L_data=5.399e-03  L_bcs=6.169e-02  L_res=4.285e-02  val_ARE=1.069%
Iter  69000: L=1.816e-02  L_data=4.685e-03  L_bcs=3.387e-03  L_res=4.015e-02  val_ARE=1.164%
Iter  70000: L=1.717e-02  L_data=3.870e-03  L_bcs=2.181e-03  L_res=3.964e-02  val_ARE=0.969%
Iter  71000: L=1.776e-02  L_data=4.176e-03  L_bcs=6.152e-03  L_res=4.039e-02  val_ARE=1.015%
Iter  72000: L=1.694e-02  L_data=3.884e-03  L_bcs=1.355e-03  L_res=3.895e-02  val_ARE=0.973%
Iter  73000: L=1.836e-02  L_data=4.664e-03  L_bcs=1.632e-02  L_res=4.040e-02  val_ARE=1.035%
Iter  74000: L=1.685e-02  L_data=3.787e-03  L_bcs=2.930e-03  L_res=3.894e-02  val_ARE=0.991%
Iter  75000: L=1.793e-02  L_data=4.292e-03  L_bcs=2.987e-02  L_res=3.977e-02  val_ARE=1.015%
Iter  76000: L=1.782e-02  L_data=4.746e-03  L_bcs=5.374e-02  L_res=3.733e-02  val_ARE=1.077%
Iter  77000: L=1.595e-02  L_data=3.542e-03  L_bcs=1.431e-03  L_res=3.700e-02  val_ARE=0.974%
Iter  78000: L=1.690e-02  L_data=4.023e-03  L_bcs=1.302e-02  L_res=3.804e-02  val_ARE=1.003%
Iter  79000: L=1.570e-02  L_data=3.903e-03  L_bcs=9.816e-03  L_res=3.493e-02  val_ARE=1.124%
Iter  80000: L=1.560e-02  L_data=3.520e-03  L_bcs=2.377e-03  L_res=3.600e-02  val_ARE=1.032%
Iter  81000: L=1.539e-02  L_data=3.450e-03  L_bcs=2.771e-03  L_res=3.557e-02  val_ARE=1.016%
Iter  82000: L=1.485e-02  L_data=3.226e-03  L_bcs=1.671e-03  L_res=3.467e-02  val_ARE=0.967%
Iter  83000: L=1.548e-02  L_data=3.896e-03  L_bcs=3.749e-03  L_res=3.450e-02  val_ARE=1.138%
Iter  84000: L=1.509e-02  L_data=3.400e-03  L_bcs=2.401e-03  L_res=3.484e-02  val_ARE=1.049%
Iter  85000: L=1.478e-02  L_data=3.521e-03  L_bcs=6.559e-03  L_res=3.342e-02  val_ARE=1.112%
Iter  86000: L=1.467e-02  L_data=3.542e-03  L_bcs=1.792e-03  L_res=3.318e-02  val_ARE=1.179%
Iter  87000: L=1.525e-02  L_data=4.203e-03  L_bcs=1.180e-02  L_res=3.261e-02  val_ARE=1.272%
Iter  88000: L=1.581e-02  L_data=4.404e-03  L_bcs=2.149e-02  L_res=3.339e-02  val_ARE=1.082%
Iter  89000: L=1.505e-02  L_data=3.693e-03  L_bcs=1.598e-02  L_res=3.340e-02  val_ARE=1.063%
Iter  90000: L=1.357e-02  L_data=3.001e-03  L_bcs=5.050e-03  L_res=3.140e-02  val_ARE=1.043%
Iter  91000: L=1.356e-02  L_data=3.303e-03  L_bcs=1.622e-03  L_res=3.059e-02  val_ARE=1.087%
Iter  92000: L=1.291e-02  L_data=2.712e-03  L_bcs=1.697e-03  L_res=3.041e-02  val_ARE=0.994%
Iter  93000: L=1.266e-02  L_data=2.842e-03  L_bcs=5.358e-03  L_res=2.916e-02  val_ARE=1.026%
Iter  94000: L=1.352e-02  L_data=3.211e-03  L_bcs=2.513e-02  L_res=2.999e-02  val_ARE=1.032%
Iter  95000: L=1.188e-02  L_data=2.593e-03  L_bcs=2.397e-03  L_res=2.767e-02  val_ARE=0.969%
[I 2026-09-14 23:45:35,974] Trial 37 pruned. 

Trial 53: 6 layers, branch 128, trunk 256, lr 5.93e-05, res/data 0.410, bcs/data 0.287, seed 1234
Iter      0: L=2.305e+01  L_data=2.044e+01  L_bcs=1.445e-01  L_res=6.279e+00  val_ARE=98.610% *
Iter   1000: L=2.586e-01  L_data=1.469e-01  L_bcs=2.557e-02  L_res=2.546e-01  val_ARE=5.090% *
Iter   2000: L=2.051e-01  L_data=1.065e-01  L_bcs=1.844e-02  L_res=2.278e-01  val_ARE=4.161% *
Iter   3000: L=1.839e-01  L_data=9.124e-02  L_bcs=7.043e-03  L_res=2.212e-01  val_ARE=3.902% *
Iter   4000: L=1.770e-01  L_data=8.827e-02  L_bcs=5.813e-03  L_res=2.123e-01  val_ARE=3.800% *
Iter   5000: L=1.654e-01  L_data=7.882e-02  L_bcs=2.235e-03  L_res=2.096e-01  val_ARE=3.510% *
Iter   6000: L=1.580e-01  L_data=7.281e-02  L_bcs=4.920e-03  L_res=2.044e-01  val_ARE=3.419% *
Iter   7000: L=1.688e-01  L_data=7.597e-02  L_bcs=3.286e-02  L_res=2.035e-01  val_ARE=3.552%
Iter   8000: L=1.551e-01  L_data=6.902e-02  L_bcs=1.114e-02  L_res=2.021e-01  val_ARE=3.216% *
Iter   9000: L=1.405e-01  L_data=6.181e-02  L_bcs=1.910e-03  L_res=1.906e-01  val_ARE=3.026% *
Iter  10000: L=1.382e-01  L_data=5.930e-02  L_bcs=8.297e-03  L_res=1.866e-01  val_ARE=2.944% *
Iter  11000: L=1.334e-01  L_data=5.579e-02  L_bcs=9.233e-04  L_res=1.887e-01  val_ARE=2.838% *
Iter  12000: L=1.333e-01  L_data=5.416e-02  L_bcs=9.880e-04  L_res=1.924e-01  val_ARE=2.755% *
Iter  13000: L=1.307e-01  L_data=5.297e-02  L_bcs=2.610e-03  L_res=1.877e-01  val_ARE=2.673% *
Iter  14000: L=1.287e-01  L_data=5.198e-02  L_bcs=4.221e-03  L_res=1.841e-01  val_ARE=2.712%
Iter  15000: L=1.255e-01  L_data=4.912e-02  L_bcs=2.529e-03  L_res=1.846e-01  val_ARE=2.522% *
Iter  16000: L=1.310e-01  L_data=4.897e-02  L_bcs=2.021e-02  L_res=1.860e-01  val_ARE=2.568%
Iter  17000: L=1.203e-01  L_data=4.545e-02  L_bcs=2.169e-03  L_res=1.810e-01  val_ARE=2.385% *
Iter  18000: L=1.182e-01  L_data=4.462e-02  L_bcs=2.339e-03  L_res=1.779e-01  val_ARE=2.416%
Iter  19000: L=1.107e-01  L_data=4.100e-02  L_bcs=2.648e-03  L_res=1.682e-01  val_ARE=2.247% *
Iter  20000: L=1.111e-01  L_data=3.980e-02  L_bcs=2.540e-03  L_res=1.721e-01  val_ARE=2.202% *
Iter  21000: L=1.111e-01  L_data=3.905e-02  L_bcs=5.447e-03  L_res=1.719e-01  val_ARE=2.204%
[I 2026-09-14 23:52:32,817] Trial 53 pruned. 

Trial 55: 6 layers, branch 128, trunk 256, lr 1.49e-04, res/data 0.321, bcs/data 0.181, seed 1234
Iter      0: L=1.997e+01  L_data=1.812e+01  L_bcs=1.981e-01  L_res=5.648e+00  val_ARE=92.589% *
Iter   1000: L=1.861e-01  L_data=1.115e-01  L_bcs=1.409e-02  L_res=2.244e-01  val_ARE=4.371% *
Iter   2000: L=1.584e-01  L_data=8.824e-02  L_bcs=7.098e-03  L_res=2.147e-01  val_ARE=3.925% *
Iter   3000: L=1.431e-01  L_data=7.449e-02  L_bcs=4.685e-03  L_res=2.111e-01  val_ARE=3.738% *
Iter   4000: L=1.311e-01  L_data=6.681e-02  L_bcs=2.356e-03  L_res=1.989e-01  val_ARE=3.528% *
Iter   5000: L=1.240e-01  L_data=5.924e-02  L_bcs=1.030e-02  L_res=1.961e-01  val_ARE=3.293% *
Iter   6000: L=1.142e-01  L_data=5.298e-02  L_bcs=2.105e-03  L_res=1.895e-01  val_ARE=3.114% *
Iter   7000: L=1.152e-01  L_data=5.390e-02  L_bcs=1.049e-02  L_res=1.850e-01  val_ARE=3.159%
Iter   8000: L=1.083e-01  L_data=4.912e-02  L_bcs=6.003e-03  L_res=1.810e-01  val_ARE=2.967% *
Iter   9000: L=9.834e-02  L_data=4.243e-02  L_bcs=2.753e-03  L_res=1.727e-01  val_ARE=2.745% *
Iter  10000: L=1.165e-01  L_data=5.686e-02  L_bcs=2.164e-03  L_res=1.846e-01  val_ARE=3.415%
Iter  11000: L=1.074e-01  L_data=4.882e-02  L_bcs=7.022e-03  L_res=1.786e-01  val_ARE=3.054%
Iter  12000: L=1.013e-01  L_data=4.333e-02  L_bcs=1.167e-03  L_res=1.801e-01  val_ARE=2.917%
Iter  13000: L=9.582e-02  L_data=4.049e-02  L_bcs=7.549e-04  L_res=1.720e-01  val_ARE=2.869%
Iter  14000: L=9.582e-02  L_data=3.976e-02  L_bcs=1.949e-02  L_res=1.637e-01  val_ARE=2.572% *
Iter  15000: L=9.155e-02  L_data=3.648e-02  L_bcs=6.628e-03  L_res=1.679e-01  val_ARE=2.677%
Iter  16000: L=8.478e-02  L_data=3.244e-02  L_bcs=5.842e-04  L_res=1.628e-01  val_ARE=2.334% *
Iter  17000: L=8.155e-02  L_data=3.027e-02  L_bcs=5.985e-03  L_res=1.564e-01  val_ARE=2.311% *
Iter  18000: L=7.622e-02  L_data=2.821e-02  L_bcs=7.939e-04  L_res=1.492e-01  val_ARE=2.214% *
Iter  19000: L=8.332e-02  L_data=2.969e-02  L_bcs=3.041e-02  L_res=1.500e-01  val_ARE=2.277%
Iter  20000: L=9.180e-02  L_data=3.134e-02  L_bcs=6.172e-02  L_res=1.536e-01  val_ARE=2.585%
Iter  21000: L=6.754e-02  L_data=2.321e-02  L_bcs=2.072e-03  L_res=1.370e-01  val_ARE=1.936% *
Iter  22000: L=7.329e-02  L_data=2.641e-02  L_bcs=2.749e-02  L_res=1.306e-01  val_ARE=2.064%
Iter  23000: L=6.258e-02  L_data=2.075e-02  L_bcs=1.954e-03  L_res=1.292e-01  val_ARE=1.901% *
Iter  24000: L=6.478e-02  L_data=2.184e-02  L_bcs=3.516e-03  L_res=1.318e-01  val_ARE=1.887% *
Iter  25000: L=7.331e-02  L_data=2.703e-02  L_bcs=7.224e-03  L_res=1.401e-01  val_ARE=2.067%
Iter  26000: L=5.700e-02  L_data=1.841e-02  L_bcs=3.014e-04  L_res=1.201e-01  val_ARE=1.732% *
Iter  27000: L=5.254e-02  L_data=1.689e-02  L_bcs=1.097e-03  L_res=1.105e-01  val_ARE=1.716% *
Iter  28000: L=5.093e-02  L_data=1.575e-02  L_bcs=2.922e-04  L_res=1.095e-01  val_ARE=1.690% *
Iter  29000: L=5.056e-02  L_data=1.517e-02  L_bcs=2.606e-03  L_res=1.088e-01  val_ARE=1.758%
Iter  30000: L=5.239e-02  L_data=1.524e-02  L_bcs=1.971e-02  L_res=1.046e-01  val_ARE=1.723%
Iter  31000: L=4.416e-02  L_data=1.277e-02  L_bcs=2.812e-04  L_res=9.766e-02  val_ARE=1.541% *
Iter  32000: L=4.226e-02  L_data=1.158e-02  L_bcs=2.638e-04  L_res=9.545e-02  val_ARE=1.514% *
Iter  33000: L=4.072e-02  L_data=1.173e-02  L_bcs=5.708e-04  L_res=9.005e-02  val_ARE=1.385% *
Iter  34000: L=4.114e-02  L_data=1.162e-02  L_bcs=5.656e-03  L_res=8.879e-02  val_ARE=1.469%
Iter  35000: L=3.874e-02  L_data=1.079e-02  L_bcs=2.134e-04  L_res=8.698e-02  val_ARE=1.424%
Iter  36000: L=3.868e-02  L_data=1.059e-02  L_bcs=1.565e-03  L_res=8.665e-02  val_ARE=1.365% *
Iter  37000: L=3.850e-02  L_data=1.042e-02  L_bcs=2.773e-03  L_res=8.592e-02  val_ARE=1.418%
Iter  38000: L=4.033e-02  L_data=1.130e-02  L_bcs=1.671e-03  L_res=8.949e-02  val_ARE=1.432%
Iter  39000: L=3.583e-02  L_data=9.831e-03  L_bcs=3.109e-04  L_res=8.085e-02  val_ARE=1.330% *
Iter  40000: L=6.879e-02  L_data=2.071e-02  L_bcs=1.035e-01  L_res=9.142e-02  val_ARE=2.186%
Iter  41000: L=3.490e-02  L_data=9.221e-03  L_bcs=2.577e-04  L_res=7.986e-02  val_ARE=1.308% *
Iter  42000: L=3.488e-02  L_data=9.189e-03  L_bcs=8.208e-04  L_res=7.961e-02  val_ARE=1.227% *
Iter  43000: L=3.336e-02  L_data=8.823e-03  L_bcs=8.598e-04  L_res=7.599e-02  val_ARE=1.242%
Iter  44000: L=3.237e-02  L_data=8.599e-03  L_bcs=2.551e-03  L_res=7.262e-02  val_ARE=1.253%
Iter  45000: L=4.528e-02  L_data=1.570e-02  L_bcs=9.869e-03  L_res=8.663e-02  val_ARE=1.649%
Iter  46000: L=3.471e-02  L_data=9.280e-03  L_bcs=2.141e-03  L_res=7.802e-02  val_ARE=1.215% *
Iter  47000: L=3.078e-02  L_data=7.957e-03  L_bcs=7.434e-04  L_res=7.070e-02  val_ARE=1.256%
Iter  48000: L=3.069e-02  L_data=8.012e-03  L_bcs=6.459e-04  L_res=7.031e-02  val_ARE=1.143% *
Iter  49000: L=5.722e-02  L_data=2.006e-02  L_bcs=4.614e-02  L_res=8.975e-02  val_ARE=1.913%
Iter  50000: L=2.982e-02  L_data=7.475e-03  L_bcs=7.132e-04  L_res=6.924e-02  val_ARE=1.150%
Iter  51000: L=2.925e-02  L_data=7.484e-03  L_bcs=2.152e-04  L_res=6.771e-02  val_ARE=1.211%
Iter  52000: L=2.928e-02  L_data=7.405e-03  L_bcs=2.151e-03  L_res=6.694e-02  val_ARE=1.230%
Iter  53000: L=2.907e-02  L_data=8.005e-03  L_bcs=7.591e-04  L_res=6.521e-02  val_ARE=1.150%
Iter  54000: L=2.752e-02  L_data=6.794e-03  L_bcs=7.138e-04  L_res=6.418e-02  val_ARE=1.080% *
Iter  55000: L=2.692e-02  L_data=6.665e-03  L_bcs=5.621e-04  L_res=6.279e-02  val_ARE=1.118%
Iter  56000: L=2.587e-02  L_data=6.521e-03  L_bcs=3.480e-04  L_res=6.010e-02  val_ARE=1.080% *
Iter  57000: L=4.858e-02  L_data=1.773e-02  L_bcs=1.468e-02  L_res=8.786e-02  val_ARE=1.661%
Iter  58000: L=2.498e-02  L_data=6.242e-03  L_bcs=8.455e-04  L_res=5.792e-02  val_ARE=1.018% *
Iter  59000: L=2.725e-02  L_data=6.978e-03  L_bcs=1.838e-03  L_res=6.213e-02  val_ARE=1.106%
Iter  60000: L=5.578e-02  L_data=2.526e-02  L_bcs=1.126e-02  L_res=8.876e-02  val_ARE=2.341%
Iter  61000: L=2.365e-02  L_data=5.952e-03  L_bcs=3.684e-04  L_res=5.496e-02  val_ARE=1.095%
Iter  62000: L=2.381e-02  L_data=5.493e-03  L_bcs=2.134e-03  L_res=5.586e-02  val_ARE=1.005% *
Iter  63000: L=2.741e-02  L_data=6.589e-03  L_bcs=1.924e-02  L_res=5.401e-02  val_ARE=1.175%
Iter  64000: L=2.239e-02  L_data=5.204e-03  L_bcs=3.779e-04  L_res=5.334e-02  val_ARE=0.953% *
Iter  65000: L=2.377e-02  L_data=5.958e-03  L_bcs=4.112e-03  L_res=5.318e-02  val_ARE=1.162%
Iter  66000: L=2.071e-02  L_data=4.800e-03  L_bcs=3.922e-04  L_res=4.937e-02  val_ARE=0.944% *
Iter  67000: L=2.046e-02  L_data=4.740e-03  L_bcs=6.452e-04  L_res=4.863e-02  val_ARE=0.937% *
Iter  68000: L=9.744e-02  L_data=3.422e-02  L_bcs=1.612e-01  L_res=1.060e-01  val_ARE=2.262%
Iter  69000: L=1.996e-02  L_data=4.629e-03  L_bcs=4.477e-03  L_res=4.524e-02  val_ARE=0.993%
Iter  70000: L=1.891e-02  L_data=4.414e-03  L_bcs=1.376e-04  L_res=4.508e-02  val_ARE=0.869% *
Iter  71000: L=6.659e-02  L_data=3.150e-02  L_bcs=1.553e-02  L_res=1.006e-01  val_ARE=2.624%
Iter  72000: L=1.794e-02  L_data=4.120e-03  L_bcs=1.012e-04  L_res=4.301e-02  val_ARE=0.878%
Iter  73000: L=2.044e-02  L_data=5.147e-03  L_bcs=1.406e-03  L_res=4.688e-02  val_ARE=1.075%
Iter  74000: L=1.881e-02  L_data=4.293e-03  L_bcs=5.300e-03  L_res=4.224e-02  val_ARE=0.898%
Iter  75000: L=1.785e-02  L_data=3.762e-03  L_bcs=2.029e-04  L_res=4.378e-02  val_ARE=0.896%
Iter  76000: L=1.669e-02  L_data=3.857e-03  L_bcs=2.770e-04  L_res=3.982e-02  val_ARE=0.956%
Iter  77000: L=1.665e-02  L_data=3.733e-03  L_bcs=7.567e-04  L_res=3.984e-02  val_ARE=0.959%
Iter  78000: L=1.665e-02  L_data=3.712e-03  L_bcs=1.571e-04  L_res=4.024e-02  val_ARE=0.831% *
Iter  79000: L=1.543e-02  L_data=3.459e-03  L_bcs=3.543e-04  L_res=3.711e-02  val_ARE=0.842%
Iter  80000: L=1.603e-02  L_data=3.403e-03  L_bcs=2.115e-04  L_res=3.924e-02  val_ARE=0.835%
Iter  81000: L=1.553e-02  L_data=3.636e-03  L_bcs=4.330e-04  L_res=3.682e-02  val_ARE=0.963%
Iter  82000: L=1.549e-02  L_data=3.562e-03  L_bcs=6.508e-04  L_res=3.680e-02  val_ARE=0.968%
Iter  83000: L=1.527e-02  L_data=3.496e-03  L_bcs=2.020e-04  L_res=3.658e-02  val_ARE=0.948%
Iter  84000: L=1.487e-02  L_data=3.196e-03  L_bcs=1.572e-04  L_res=3.629e-02  val_ARE=0.857%
Iter  85000: L=1.459e-02  L_data=3.052e-03  L_bcs=3.864e-04  L_res=3.574e-02  val_ARE=0.801% *
Iter  86000: L=1.516e-02  L_data=3.446e-03  L_bcs=2.496e-03  L_res=3.511e-02  val_ARE=0.896%
Iter  87000: L=1.375e-02  L_data=3.151e-03  L_bcs=1.438e-04  L_res=3.296e-02  val_ARE=0.914%
Iter  88000: L=1.392e-02  L_data=3.244e-03  L_bcs=3.716e-04  L_res=3.307e-02  val_ARE=0.804%
Iter  89000: L=1.352e-02  L_data=2.882e-03  L_bcs=1.451e-04  L_res=3.307e-02  val_ARE=0.788% *
Iter  90000: L=1.456e-02  L_data=3.314e-03  L_bcs=2.242e-03  L_res=3.378e-02  val_ARE=0.850%
Iter  91000: L=1.421e-02  L_data=3.154e-03  L_bcs=1.314e-03  L_res=3.371e-02  val_ARE=0.817%
Iter  92000: L=1.880e-02  L_data=5.929e-03  L_bcs=2.397e-03  L_res=3.876e-02  val_ARE=1.290%
Iter  93000: L=1.261e-02  L_data=2.539e-03  L_bcs=7.263e-04  L_res=3.096e-02  val_ARE=0.810%
Iter  94000: L=1.248e-02  L_data=2.574e-03  L_bcs=3.638e-04  L_res=3.067e-02  val_ARE=0.797%
Iter  95000: L=1.215e-02  L_data=2.702e-03  L_bcs=3.531e-04  L_res=2.926e-02  val_ARE=0.897%
Iter  96000: L=1.277e-02  L_data=2.822e-03  L_bcs=1.507e-03  L_res=3.014e-02  val_ARE=0.914%
Iter  97000: L=1.177e-02  L_data=2.533e-03  L_bcs=1.770e-04  L_res=2.870e-02  val_ARE=0.813%
Iter  98000: L=1.245e-02  L_data=2.533e-03  L_bcs=2.645e-04  L_res=3.074e-02  val_ARE=0.818%
Iter  99000: L=1.180e-02  L_data=2.575e-03  L_bcs=4.101e-04  L_res=2.850e-02  val_ARE=0.790%

Best validation ARE = 0.788% at iter 89000; restoring those params.
[I 2026-09-15 00:25:22,722] Trial 55 finished with value: 0.81765216588974 and parameters: {'n_layers': 6, 'branch_log2': 7, 'trunk_log2': 8, 'lr': 0.0001492295427896867, 'res_over_data': 0.3209014320901759, 'bcs_over_data': 0.18117790157645358}. Best is trial 44 with value: 0.7419216930866241.
