
===== launch 2026-09-15 09:13:00: trial 32 seed 1, trial 55 seed 2 =====
Batch size 5000, 100000 iterations per trial
Branch input: (Q - 0.000000) / 1.000000
Reseed worker on CUDA_VISIBLE_DEVICES=3: [(32, 1), (55, 2)]

Trial 1: 6 layers, branch 128, trunk 256, lr 8.68e-05, res/data 0.382, bcs/data 0.152, seed 1
Iter      0: L=2.020e+01  L_data=1.799e+01  L_bcs=2.052e-01  L_res=5.721e+00  val_ARE=90.992% *
Iter   1000: L=2.251e-01  L_data=1.250e-01  L_bcs=6.189e-02  L_res=2.377e-01  val_ARE=4.724% *
Iter   2000: L=1.858e-01  L_data=9.769e-02  L_bcs=2.310e-02  L_res=2.217e-01  val_ARE=4.102% *
Iter   3000: L=1.624e-01  L_data=7.892e-02  L_bcs=1.120e-02  L_res=2.143e-01  val_ARE=3.644% *
Iter   4000: L=1.572e-01  L_data=7.603e-02  L_bcs=1.863e-02  L_res=2.054e-01  val_ARE=3.575% *
Iter   5000: L=1.498e-01  L_data=6.841e-02  L_bcs=3.058e-02  L_res=2.010e-01  val_ARE=3.171% *
Iter   6000: L=1.357e-01  L_data=6.086e-02  L_bcs=2.275e-03  L_res=1.953e-01  val_ARE=3.083% *
Iter   7000: L=1.355e-01  L_data=5.942e-02  L_bcs=1.584e-02  L_res=1.931e-01  val_ARE=2.999% *
Iter   8000: L=1.273e-01  L_data=5.435e-02  L_bcs=2.078e-03  L_res=1.902e-01  val_ARE=2.695% *
Iter   9000: L=1.232e-01  L_data=5.176e-02  L_bcs=5.593e-03  L_res=1.850e-01  val_ARE=2.582% *
Iter  10000: L=1.198e-01  L_data=5.077e-02  L_bcs=6.705e-03  L_res=1.783e-01  val_ARE=2.496% *
Iter  11000: L=1.225e-01  L_data=5.154e-02  L_bcs=1.429e-02  L_res=1.803e-01  val_ARE=2.739%
Iter  12000: L=1.126e-01  L_data=4.392e-02  L_bcs=1.879e-03  L_res=1.791e-01  val_ARE=2.295% *
Iter  13000: L=1.104e-01  L_data=4.264e-02  L_bcs=5.555e-03  L_res=1.753e-01  val_ARE=2.206% *
Iter  14000: L=1.044e-01  L_data=3.969e-02  L_bcs=1.105e-03  L_res=1.691e-01  val_ARE=2.110% *
Iter  15000: L=1.046e-01  L_data=3.839e-02  L_bcs=5.764e-03  L_res=1.712e-01  val_ARE=2.116%
Iter  16000: L=1.008e-01  L_data=3.601e-02  L_bcs=2.331e-03  L_res=1.689e-01  val_ARE=2.058% *
Iter  17000: L=9.770e-02  L_data=3.444e-02  L_bcs=5.191e-03  L_res=1.637e-01  val_ARE=2.103%
Iter  18000: L=9.744e-02  L_data=3.467e-02  L_bcs=1.347e-02  L_res=1.591e-01  val_ARE=2.097%
Iter  19000: L=9.009e-02  L_data=3.168e-02  L_bcs=1.437e-03  L_res=1.525e-01  val_ARE=1.911% *
Iter  20000: L=9.054e-02  L_data=3.095e-02  L_bcs=5.236e-04  L_res=1.559e-01  val_ARE=1.888% *
Iter  21000: L=9.170e-02  L_data=3.033e-02  L_bcs=2.042e-02  L_res=1.527e-01  val_ARE=1.823% *
Iter  22000: L=8.594e-02  L_data=2.878e-02  L_bcs=2.807e-03  L_res=1.486e-01  val_ARE=1.820% *
Iter  23000: L=8.678e-02  L_data=2.817e-02  L_bcs=1.010e-02  L_res=1.496e-01  val_ARE=1.697% *
Iter  24000: L=8.052e-02  L_data=2.542e-02  L_bcs=9.145e-04  L_res=1.440e-01  val_ARE=1.627% *
Iter  25000: L=7.885e-02  L_data=2.553e-02  L_bcs=4.765e-04  L_res=1.395e-01  val_ARE=1.564% *
Iter  26000: L=7.893e-02  L_data=2.476e-02  L_bcs=1.681e-03  L_res=1.413e-01  val_ARE=1.582%
Iter  27000: L=7.843e-02  L_data=2.443e-02  L_bcs=1.826e-02  L_res=1.342e-01  val_ARE=1.624%
Iter  28000: L=7.449e-02  L_data=2.296e-02  L_bcs=1.467e-03  L_res=1.344e-01  val_ARE=1.475% *
Iter  29000: L=7.372e-02  L_data=2.181e-02  L_bcs=9.045e-04  L_res=1.356e-01  val_ARE=1.445% *
Iter  30000: L=7.311e-02  L_data=2.220e-02  L_bcs=1.149e-03  L_res=1.329e-01  val_ARE=1.430% *
Iter  31000: L=7.124e-02  L_data=2.104e-02  L_bcs=1.146e-03  L_res=1.311e-01  val_ARE=1.457%
Iter  32000: L=6.983e-02  L_data=2.015e-02  L_bcs=1.199e-02  L_res=1.254e-01  val_ARE=1.395% *
Iter  33000: L=6.620e-02  L_data=1.944e-02  L_bcs=8.879e-03  L_res=1.190e-01  val_ARE=1.354% *
Iter  34000: L=6.637e-02  L_data=1.992e-02  L_bcs=4.803e-04  L_res=1.215e-01  val_ARE=1.338% *
Iter  35000: L=6.344e-02  L_data=1.903e-02  L_bcs=4.837e-04  L_res=1.162e-01  val_ARE=1.240% *
Iter  36000: L=6.741e-02  L_data=1.961e-02  L_bcs=1.015e-02  L_res=1.212e-01  val_ARE=1.498%
Iter  37000: L=6.422e-02  L_data=1.852e-02  L_bcs=7.714e-03  L_res=1.167e-01  val_ARE=1.313%
Iter  38000: L=6.509e-02  L_data=1.844e-02  L_bcs=6.995e-03  L_res=1.194e-01  val_ARE=1.230% *
Iter  39000: L=6.379e-02  L_data=1.837e-02  L_bcs=1.481e-02  L_res=1.131e-01  val_ARE=1.247%
Iter  40000: L=5.904e-02  L_data=1.652e-02  L_bcs=2.424e-03  L_res=1.104e-01  val_ARE=1.180% *
Iter  41000: L=5.926e-02  L_data=1.634e-02  L_bcs=6.442e-04  L_res=1.122e-01  val_ARE=1.155% *
Iter  42000: L=6.128e-02  L_data=1.648e-02  L_bcs=4.982e-03  L_res=1.154e-01  val_ARE=1.198%
Iter  43000: L=5.671e-02  L_data=1.545e-02  L_bcs=7.243e-04  L_res=1.078e-01  val_ARE=1.130% *
Iter  44000: L=5.508e-02  L_data=1.499e-02  L_bcs=1.004e-03  L_res=1.046e-01  val_ARE=1.159%
Iter  45000: L=5.418e-02  L_data=1.463e-02  L_bcs=1.263e-03  L_res=1.031e-01  val_ARE=1.084% *
Iter  46000: L=5.572e-02  L_data=1.450e-02  L_bcs=1.667e-03  L_res=1.073e-01  val_ARE=1.105%
Iter  47000: L=5.268e-02  L_data=1.408e-02  L_bcs=1.378e-03  L_res=1.006e-01  val_ARE=1.124%
Iter  48000: L=5.458e-02  L_data=1.458e-02  L_bcs=9.408e-03  L_res=1.011e-01  val_ARE=1.235%
Iter  49000: L=5.025e-02  L_data=1.314e-02  L_bcs=2.039e-03  L_res=9.642e-02  val_ARE=1.095%
Iter  50000: L=5.042e-02  L_data=1.244e-02  L_bcs=2.135e-03  L_res=9.864e-02  val_ARE=0.992% *
Iter  51000: L=4.878e-02  L_data=1.228e-02  L_bcs=3.082e-03  L_res=9.439e-02  val_ARE=0.987% *
Iter  52000: L=4.834e-02  L_data=1.188e-02  L_bcs=1.758e-03  L_res=9.484e-02  val_ARE=1.001%
Iter  53000: L=5.124e-02  L_data=1.213e-02  L_bcs=8.741e-03  L_res=9.898e-02  val_ARE=1.043%
Iter  54000: L=4.852e-02  L_data=1.201e-02  L_bcs=3.613e-03  L_res=9.424e-02  val_ARE=1.011%
Iter  55000: L=4.687e-02  L_data=1.157e-02  L_bcs=1.929e-03  L_res=9.172e-02  val_ARE=0.963% *
Iter  56000: L=4.575e-02  L_data=1.138e-02  L_bcs=1.114e-03  L_res=8.963e-02  val_ARE=0.951% *
Iter  57000: L=4.652e-02  L_data=1.110e-02  L_bcs=1.426e-03  L_res=9.225e-02  val_ARE=0.983%
Iter  58000: L=4.403e-02  L_data=1.062e-02  L_bcs=1.101e-03  L_res=8.711e-02  val_ARE=0.926% *
Iter  59000: L=4.618e-02  L_data=1.072e-02  L_bcs=6.672e-03  L_res=9.026e-02  val_ARE=0.987%
Iter  60000: L=5.231e-02  L_data=1.372e-02  L_bcs=8.555e-03  L_res=9.771e-02  val_ARE=1.252%
Iter  61000: L=4.500e-02  L_data=1.126e-02  L_bcs=3.595e-03  L_res=8.698e-02  val_ARE=1.015%
Iter  62000: L=4.281e-02  L_data=9.875e-03  L_bcs=9.225e-04  L_res=8.592e-02  val_ARE=0.899% *
Iter  63000: L=4.645e-02  L_data=1.109e-02  L_bcs=2.466e-02  L_res=8.286e-02  val_ARE=1.044%
Iter  64000: L=4.141e-02  L_data=9.466e-03  L_bcs=3.208e-04  L_res=8.356e-02  val_ARE=0.886% *
Iter  65000: L=3.999e-02  L_data=9.306e-03  L_bcs=2.885e-04  L_res=8.028e-02  val_ARE=0.918%
Iter  66000: L=3.911e-02  L_data=9.168e-03  L_bcs=7.521e-04  L_res=7.815e-02  val_ARE=0.898%
Iter  67000: L=3.819e-02  L_data=8.921e-03  L_bcs=7.458e-04  L_res=7.640e-02  val_ARE=0.846% *
Iter  68000: L=3.681e-02  L_data=8.696e-03  L_bcs=3.486e-04  L_res=7.353e-02  val_ARE=0.843% *
Iter  69000: L=3.980e-02  L_data=1.025e-02  L_bcs=9.439e-03  L_res=7.367e-02  val_ARE=1.234%
Iter  70000: L=3.598e-02  L_data=7.984e-03  L_bcs=3.378e-04  L_res=7.322e-02  val_ARE=0.818% *
Iter  71000: L=3.596e-02  L_data=8.362e-03  L_bcs=6.418e-04  L_res=7.205e-02  val_ARE=1.001%
Iter  72000: L=3.486e-02  L_data=8.009e-03  L_bcs=8.717e-04  L_res=7.001e-02  val_ARE=0.802% *
Iter  73000: L=3.429e-02  L_data=7.911e-03  L_bcs=9.066e-04  L_res=6.875e-02  val_ARE=0.851%
Iter  74000: L=3.448e-02  L_data=7.470e-03  L_bcs=1.606e-03  L_res=7.013e-02  val_ARE=0.792% *
Iter  75000: L=3.920e-02  L_data=9.408e-03  L_bcs=3.387e-03  L_res=7.673e-02  val_ARE=1.001%
Iter  76000: L=3.266e-02  L_data=7.233e-03  L_bcs=4.445e-03  L_res=6.485e-02  val_ARE=0.800%
Iter  77000: L=3.388e-02  L_data=7.436e-03  L_bcs=8.309e-03  L_res=6.598e-02  val_ARE=0.930%
Iter  78000: L=3.335e-02  L_data=7.244e-03  L_bcs=5.663e-03  L_res=6.615e-02  val_ARE=0.886%
Iter  79000: L=3.071e-02  L_data=6.926e-03  L_bcs=6.663e-04  L_res=6.205e-02  val_ARE=0.770% *
Iter  80000: L=3.180e-02  L_data=6.566e-03  L_bcs=1.453e-03  L_res=6.553e-02  val_ARE=0.738% *
Iter  81000: L=3.118e-02  L_data=6.457e-03  L_bcs=4.165e-03  L_res=6.312e-02  val_ARE=0.769%
Iter  82000: L=3.371e-02  L_data=7.378e-03  L_bcs=2.035e-02  L_res=6.092e-02  val_ARE=0.912%
Iter  83000: L=2.921e-02  L_data=6.195e-03  L_bcs=2.295e-04  L_res=6.021e-02  val_ARE=0.769%
Iter  84000: L=2.909e-02  L_data=6.207e-03  L_bcs=2.004e-03  L_res=5.916e-02  val_ARE=0.744%
Iter  85000: L=2.866e-02  L_data=5.735e-03  L_bcs=6.241e-04  L_res=5.980e-02  val_ARE=0.747%
Iter  86000: L=2.722e-02  L_data=5.695e-03  L_bcs=5.545e-04  L_res=5.617e-02  val_ARE=0.775%
Iter  87000: L=2.624e-02  L_data=5.515e-03  L_bcs=2.069e-04  L_res=5.423e-02  val_ARE=0.728% *
Iter  88000: L=2.537e-02  L_data=5.295e-03  L_bcs=2.102e-04  L_res=5.251e-02  val_ARE=0.717% *
Iter  89000: L=2.716e-02  L_data=6.369e-03  L_bcs=4.089e-03  L_res=5.285e-02  val_ARE=0.820%
Iter  90000: L=2.504e-02  L_data=5.294e-03  L_bcs=3.842e-04  L_res=5.157e-02  val_ARE=0.748%
Iter  91000: L=2.537e-02  L_data=5.412e-03  L_bcs=1.742e-03  L_res=5.160e-02  val_ARE=0.697% *
Iter  92000: L=2.507e-02  L_data=4.964e-03  L_bcs=8.195e-04  L_res=5.234e-02  val_ARE=0.655% *
Iter  93000: L=2.669e-02  L_data=6.050e-03  L_bcs=4.533e-03  L_res=5.229e-02  val_ARE=0.784%
Iter  94000: L=2.395e-02  L_data=4.803e-03  L_bcs=2.551e-04  L_res=5.007e-02  val_ARE=0.741%
Iter  95000: L=2.300e-02  L_data=4.650e-03  L_bcs=2.107e-04  L_res=4.800e-02  val_ARE=0.622% *
Iter  96000: L=2.333e-02  L_data=4.810e-03  L_bcs=4.151e-04  L_res=4.837e-02  val_ARE=0.643%
Iter  97000: L=2.278e-02  L_data=4.571e-03  L_bcs=1.278e-03  L_res=4.719e-02  val_ARE=0.670%
Iter  98000: L=2.325e-02  L_data=4.361e-03  L_bcs=1.339e-03  L_res=4.897e-02  val_ARE=0.623%
Iter  99000: L=2.379e-02  L_data=4.745e-03  L_bcs=8.148e-03  L_res=4.667e-02  val_ARE=0.678%

Best validation ARE = 0.622% at iter 95000; restoring those params.
[I 2026-09-15 10:15:12,447] Trial 1 finished with value: 0.6740537583827972 and parameters: {'n_layers': 6, 'branch_log2': 7, 'trunk_log2': 8, 'lr': 8.676991919847445e-05, 'res_over_data': 0.38166871917305606, 'bcs_over_data': 0.15152248864511916}. Best is trial 2 with value: 0.5875426232814789.

Trial 9: 6 layers, branch 128, trunk 256, lr 1.49e-04, res/data 0.321, bcs/data 0.181, seed 2
Iter      0: L=1.757e+01  L_data=1.577e+01  L_bcs=6.343e-01  L_res=5.229e+00  val_ARE=84.272% *
Iter   1000: L=2.076e-01  L_data=1.170e-01  L_bcs=9.170e-02  L_res=2.304e-01  val_ARE=4.275% *
Iter   2000: L=1.574e-01  L_data=8.703e-02  L_bcs=6.199e-03  L_res=2.158e-01  val_ARE=3.719% *
Iter   3000: L=1.427e-01  L_data=7.263e-02  L_bcs=1.411e-02  L_res=2.103e-01  val_ARE=3.314% *
Iter   4000: L=1.337e-01  L_data=6.733e-02  L_bcs=1.527e-02  L_res=1.982e-01  val_ARE=3.034% *
Iter   5000: L=1.253e-01  L_data=6.135e-02  L_bcs=8.096e-03  L_res=1.946e-01  val_ARE=2.882% *
Iter   6000: L=1.223e-01  L_data=5.393e-02  L_bcs=4.267e-02  L_res=1.891e-01  val_ARE=2.723% *
Iter   7000: L=1.104e-01  L_data=5.102e-02  L_bcs=1.372e-03  L_res=1.844e-01  val_ARE=2.559% *
Iter   8000: L=1.078e-01  L_data=4.914e-02  L_bcs=1.067e-03  L_res=1.821e-01  val_ARE=2.646%
Iter   9000: L=1.053e-01  L_data=4.618e-02  L_bcs=1.639e-02  L_res=1.750e-01  val_ARE=2.385% *
Iter  10000: L=9.807e-02  L_data=4.266e-02  L_bcs=5.773e-03  L_res=1.694e-01  val_ARE=2.342% *
Iter  11000: L=9.365e-02  L_data=3.921e-02  L_bcs=2.508e-03  L_res=1.682e-01  val_ARE=2.366%
Iter  12000: L=9.141e-02  L_data=3.580e-02  L_bcs=1.034e-02  L_res=1.675e-01  val_ARE=2.213% *
Iter  13000: L=1.395e-01  L_data=7.216e-02  L_bcs=1.027e-02  L_res=2.039e-01  val_ARE=3.514%
Iter  14000: L=1.239e-01  L_data=5.976e-02  L_bcs=8.484e-03  L_res=1.952e-01  val_ARE=3.101%
Iter  15000: L=1.142e-01  L_data=5.265e-02  L_bcs=3.967e-03  L_res=1.895e-01  val_ARE=2.960%
Iter  16000: L=1.082e-01  L_data=4.769e-02  L_bcs=2.021e-03  L_res=1.873e-01  val_ARE=2.717%
Iter  17000: L=1.019e-01  L_data=4.378e-02  L_bcs=3.732e-03  L_res=1.789e-01  val_ARE=2.421%
Iter  18000: L=9.831e-02  L_data=4.152e-02  L_bcs=5.858e-03  L_res=1.737e-01  val_ARE=2.562%
Iter  19000: L=8.872e-02  L_data=3.636e-02  L_bcs=3.009e-03  L_res=1.615e-01  val_ARE=2.365%
Iter  20000: L=8.677e-02  L_data=3.398e-02  L_bcs=8.109e-04  L_res=1.641e-01  val_ARE=2.179% *
Iter  21000: L=8.454e-02  L_data=3.234e-02  L_bcs=2.008e-03  L_res=1.615e-01  val_ARE=2.033% *
Iter  22000: L=8.166e-02  L_data=3.088e-02  L_bcs=5.919e-03  L_res=1.549e-01  val_ARE=2.087%
Iter  23000: L=7.730e-02  L_data=2.804e-02  L_bcs=1.188e-03  L_res=1.528e-01  val_ARE=1.789% *
Iter  24000: L=7.525e-02  L_data=2.659e-02  L_bcs=7.561e-03  L_res=1.474e-01  val_ARE=1.887%
Iter  25000: L=7.213e-02  L_data=2.590e-02  L_bcs=6.229e-03  L_res=1.405e-01  val_ARE=1.615% *
Iter  26000: L=8.103e-02  L_data=3.471e-02  L_bcs=2.824e-03  L_res=1.427e-01  val_ARE=2.095%
Iter  27000: L=6.542e-02  L_data=2.246e-02  L_bcs=6.642e-03  L_res=1.301e-01  val_ARE=1.491% *
Iter  28000: L=6.368e-02  L_data=2.188e-02  L_bcs=9.174e-04  L_res=1.298e-01  val_ARE=1.541%
Iter  29000: L=6.594e-02  L_data=2.279e-02  L_bcs=1.647e-03  L_res=1.335e-01  val_ARE=1.580%
Iter  30000: L=6.431e-02  L_data=2.112e-02  L_bcs=1.357e-02  L_res=1.269e-01  val_ARE=1.400% *
Iter  31000: L=6.220e-02  L_data=2.118e-02  L_bcs=1.966e-03  L_res=1.267e-01  val_ARE=1.509%
Iter  32000: L=7.034e-02  L_data=2.564e-02  L_bcs=6.563e-03  L_res=1.356e-01  val_ARE=1.826%
Iter  33000: L=5.855e-02  L_data=1.944e-02  L_bcs=1.279e-02  L_res=1.146e-01  val_ARE=1.459%
Iter  34000: L=5.165e-02  L_data=1.586e-02  L_bcs=3.039e-03  L_res=1.098e-01  val_ARE=1.280% *
Iter  35000: L=4.982e-02  L_data=1.549e-02  L_bcs=9.269e-04  L_res=1.065e-01  val_ARE=1.286%
Iter  36000: L=5.132e-02  L_data=1.496e-02  L_bcs=9.464e-03  L_res=1.080e-01  val_ARE=1.243% *
Iter  37000: L=5.707e-02  L_data=1.819e-02  L_bcs=1.945e-02  L_res=1.102e-01  val_ARE=1.562%
Iter  38000: L=5.199e-02  L_data=1.633e-02  L_bcs=1.944e-03  L_res=1.100e-01  val_ARE=1.528%
Iter  39000: L=4.664e-02  L_data=1.366e-02  L_bcs=5.249e-03  L_res=9.983e-02  val_ARE=1.197% *
Iter  40000: L=4.287e-02  L_data=1.230e-02  L_bcs=1.961e-04  L_res=9.515e-02  val_ARE=1.223%
Iter  41000: L=4.669e-02  L_data=1.434e-02  L_bcs=5.069e-03  L_res=9.794e-02  val_ARE=1.558%
Iter  42000: L=4.712e-02  L_data=1.420e-02  L_bcs=5.800e-03  L_res=9.931e-02  val_ARE=1.640%
Iter  43000: L=4.420e-02  L_data=1.300e-02  L_bcs=9.912e-03  L_res=9.163e-02  val_ARE=1.443%
Iter  44000: L=3.885e-02  L_data=1.061e-02  L_bcs=5.012e-04  L_res=8.772e-02  val_ARE=1.120% *
Iter  45000: L=3.822e-02  L_data=1.121e-02  L_bcs=1.265e-03  L_res=8.345e-02  val_ARE=1.104% *
Iter  46000: L=3.726e-02  L_data=9.807e-03  L_bcs=7.536e-04  L_res=8.513e-02  val_ARE=1.098% *
Iter  47000: L=3.563e-02  L_data=9.409e-03  L_bcs=2.405e-03  L_res=8.037e-02  val_ARE=1.109%
Iter  48000: L=3.509e-02  L_data=9.524e-03  L_bcs=8.046e-04  L_res=7.923e-02  val_ARE=1.038% *
Iter  49000: L=3.397e-02  L_data=9.119e-03  L_bcs=2.530e-03  L_res=7.601e-02  val_ARE=0.984% *
Iter  50000: L=3.395e-02  L_data=8.454e-03  L_bcs=1.170e-03  L_res=7.878e-02  val_ARE=1.022%
Iter  51000: L=3.448e-02  L_data=9.838e-03  L_bcs=7.131e-04  L_res=7.640e-02  val_ARE=1.395%
Iter  52000: L=3.180e-02  L_data=8.159e-03  L_bcs=1.478e-03  L_res=7.283e-02  val_ARE=0.984% *
Iter  53000: L=3.305e-02  L_data=8.693e-03  L_bcs=9.439e-04  L_res=7.537e-02  val_ARE=1.198%
Iter  54000: L=3.110e-02  L_data=7.891e-03  L_bcs=5.135e-04  L_res=7.204e-02  val_ARE=0.991%
Iter  55000: L=2.957e-02  L_data=7.208e-03  L_bcs=8.346e-04  L_res=6.921e-02  val_ARE=1.002%
Iter  56000: L=4.572e-02  L_data=1.646e-02  L_bcs=1.731e-02  L_res=8.141e-02  val_ARE=1.543%
Iter  57000: L=2.891e-02  L_data=7.144e-03  L_bcs=2.293e-04  L_res=6.771e-02  val_ARE=0.878% *
Iter  58000: L=2.766e-02  L_data=6.616e-03  L_bcs=1.390e-04  L_res=6.551e-02  val_ARE=0.909%
Iter  59000: L=2.713e-02  L_data=6.311e-03  L_bcs=9.302e-04  L_res=6.435e-02  val_ARE=0.890%
Iter  60000: L=2.779e-02  L_data=6.250e-03  L_bcs=1.307e-03  L_res=6.640e-02  val_ARE=0.919%
Iter  61000: L=2.620e-02  L_data=6.238e-03  L_bcs=4.518e-04  L_res=6.197e-02  val_ARE=0.876% *
Iter  62000: L=2.654e-02  L_data=5.940e-03  L_bcs=1.197e-04  L_res=6.412e-02  val_ARE=0.870% *
Iter  63000: L=2.526e-02  L_data=5.984e-03  L_bcs=1.073e-03  L_res=5.947e-02  val_ARE=0.891%
Iter  64000: L=2.527e-02  L_data=5.783e-03  L_bcs=2.011e-04  L_res=6.062e-02  val_ARE=0.915%
Iter  65000: L=2.420e-02  L_data=5.533e-03  L_bcs=4.089e-04  L_res=5.795e-02  val_ARE=0.828% *
Iter  66000: L=2.383e-02  L_data=5.519e-03  L_bcs=2.227e-04  L_res=5.694e-02  val_ARE=0.901%
Iter  67000: L=2.360e-02  L_data=5.634e-03  L_bcs=1.764e-03  L_res=5.499e-02  val_ARE=0.865%
Iter  68000: L=2.286e-02  L_data=5.248e-03  L_bcs=2.549e-04  L_res=5.472e-02  val_ARE=0.759% *
Iter  69000: L=2.540e-02  L_data=7.280e-03  L_bcs=5.828e-03  L_res=5.317e-02  val_ARE=1.290%
Iter  70000: L=2.268e-02  L_data=5.164e-03  L_bcs=2.966e-03  L_res=5.292e-02  val_ARE=0.840%
Iter  71000: L=2.169e-02  L_data=4.825e-03  L_bcs=1.320e-04  L_res=5.249e-02  val_ARE=0.782%
Iter  72000: L=2.135e-02  L_data=4.960e-03  L_bcs=2.204e-04  L_res=5.096e-02  val_ARE=0.796%
Iter  73000: L=2.312e-02  L_data=5.660e-03  L_bcs=1.185e-03  L_res=5.373e-02  val_ARE=0.859%
Iter  74000: L=2.145e-02  L_data=4.858e-03  L_bcs=1.383e-04  L_res=5.164e-02  val_ARE=0.897%
Iter  75000: L=2.150e-02  L_data=4.521e-03  L_bcs=3.359e-03  L_res=5.102e-02  val_ARE=0.755% *
Iter  76000: L=1.981e-02  L_data=4.508e-03  L_bcs=3.917e-04  L_res=4.746e-02  val_ARE=0.764%
Iter  77000: L=2.836e-02  L_data=5.820e-03  L_bcs=4.094e-02  L_res=4.713e-02  val_ARE=1.062%
Iter  78000: L=1.944e-02  L_data=4.108e-03  L_bcs=4.588e-04  L_res=4.753e-02  val_ARE=0.760%
Iter  79000: L=1.834e-02  L_data=3.988e-03  L_bcs=1.794e-04  L_res=4.462e-02  val_ARE=0.682% *
Iter  80000: L=1.858e-02  L_data=3.905e-03  L_bcs=1.625e-04  L_res=4.565e-02  val_ARE=0.714%
Iter  81000: L=1.901e-02  L_data=4.035e-03  L_bcs=2.010e-03  L_res=4.552e-02  val_ARE=0.703%
Iter  82000: L=1.866e-02  L_data=4.116e-03  L_bcs=2.767e-03  L_res=4.377e-02  val_ARE=0.742%
Iter  83000: L=1.797e-02  L_data=3.797e-03  L_bcs=1.659e-04  L_res=4.409e-02  val_ARE=0.724%
Iter  84000: L=1.829e-02  L_data=3.925e-03  L_bcs=3.426e-03  L_res=4.283e-02  val_ARE=0.758%
Iter  85000: L=1.902e-02  L_data=3.977e-03  L_bcs=4.674e-03  L_res=4.424e-02  val_ARE=0.761%
Iter  86000: L=1.890e-02  L_data=4.376e-03  L_bcs=6.205e-03  L_res=4.177e-02  val_ARE=0.824%
Iter  87000: L=1.649e-02  L_data=3.593e-03  L_bcs=1.437e-03  L_res=3.937e-02  val_ARE=0.774%
Iter  88000: L=1.654e-02  L_data=3.785e-03  L_bcs=2.651e-04  L_res=3.958e-02  val_ARE=0.823%
Iter  89000: L=1.597e-02  L_data=3.447e-03  L_bcs=7.517e-04  L_res=3.860e-02  val_ARE=0.724%
Iter  90000: L=1.557e-02  L_data=3.276e-03  L_bcs=6.688e-04  L_res=3.793e-02  val_ARE=0.653% *
Iter  91000: L=1.575e-02  L_data=3.327e-03  L_bcs=6.073e-04  L_res=3.838e-02  val_ARE=0.685%
Iter  92000: L=1.559e-02  L_data=3.098e-03  L_bcs=1.228e-03  L_res=3.823e-02  val_ARE=0.682%
Iter  93000: L=1.631e-02  L_data=3.729e-03  L_bcs=3.295e-03  L_res=3.733e-02  val_ARE=0.728%
Iter  94000: L=1.537e-02  L_data=3.412e-03  L_bcs=1.696e-03  L_res=3.630e-02  val_ARE=0.704%
Iter  95000: L=1.418e-02  L_data=3.087e-03  L_bcs=1.416e-03  L_res=3.377e-02  val_ARE=0.628% *
Iter  96000: L=1.539e-02  L_data=3.481e-03  L_bcs=1.494e-03  L_res=3.626e-02  val_ARE=0.687%
Iter  97000: L=1.479e-02  L_data=3.070e-03  L_bcs=4.457e-03  L_res=3.402e-02  val_ARE=0.658%
Iter  98000: L=1.398e-02  L_data=2.805e-03  L_bcs=8.643e-05  L_res=3.479e-02  val_ARE=0.636%
Iter  99000: L=1.351e-02  L_data=2.675e-03  L_bcs=1.641e-04  L_res=3.368e-02  val_ARE=0.604% *

Best validation ARE = 0.604% at iter 99000; restoring those params.
[I 2026-09-15 11:18:00,403] Trial 9 finished with value: 0.669739693403244 and parameters: {'n_layers': 6, 'branch_log2': 7, 'trunk_log2': 8, 'lr': 0.0001492295427896867, 'res_over_data': 0.3209014320901759, 'bcs_over_data': 0.18117790157645358}. Best is trial 2 with value: 0.5875426232814789.
