
===== launch 2026-09-14 19:04:11: architecture search =====
Batch size 5000, 100000 iterations per trial
Branch input: (Q - 0.000000) / 1.000000
Search worker on CUDA_VISIBLE_DEVICES=4

Trial 0: 3 layers, branch 512, trunk 512, lr 1.45e-04, res/data 1.132, bcs/data 0.038, seed 1234
Iter      0: L=1.120e+01  L_data=7.274e+00  L_bcs=6.810e+00  L_res=3.240e+00  val_ARE=50.122% *
Iter   1000: L=5.296e-01  L_data=1.478e-01  L_bcs=1.672e+00  L_res=2.817e-01  val_ARE=5.049% *
Iter   2000: L=4.924e-01  L_data=1.339e-01  L_bcs=1.363e+00  L_res=2.714e-01  val_ARE=4.851% *
Iter   3000: L=4.668e-01  L_data=1.119e-01  L_bcs=1.592e+00  L_res=2.607e-01  val_ARE=4.423% *
Iter   4000: L=4.810e-01  L_data=1.354e-01  L_bcs=1.882e+00  L_res=2.428e-01  val_ARE=5.008%
Iter   5000: L=3.485e-01  L_data=8.108e-02  L_bcs=4.289e-01  L_res=2.219e-01  val_ARE=3.318% *
Iter   6000: L=3.211e-01  L_data=7.244e-02  L_bcs=3.869e-01  L_res=2.068e-01  val_ARE=3.169% *
Iter   7000: L=3.201e-01  L_data=7.557e-02  L_bcs=2.057e-01  L_res=2.091e-01  val_ARE=3.234%
Iter   8000: L=3.024e-01  L_data=6.531e-02  L_bcs=2.274e-01  L_res=2.018e-01  val_ARE=2.808% *
Iter   9000: L=2.895e-01  L_data=6.208e-02  L_bcs=2.187e-01  L_res=1.936e-01  val_ARE=2.650% *
Iter  10000: L=2.745e-01  L_data=5.921e-02  L_bcs=1.564e-01  L_res=1.849e-01  val_ARE=2.536% *
Iter  11000: L=2.772e-01  L_data=6.024e-02  L_bcs=1.069e-01  L_res=1.880e-01  val_ARE=2.763%
Iter  12000: L=2.738e-01  L_data=5.562e-02  L_bcs=1.167e-01  L_res=1.888e-01  val_ARE=2.444% *
Iter  13000: L=2.677e-01  L_data=5.599e-02  L_bcs=9.561e-02  L_res=1.838e-01  val_ARE=2.527%
Iter  14000: L=2.630e-01  L_data=5.252e-02  L_bcs=1.340e-01  L_res=1.814e-01  val_ARE=2.333% *
Iter  15000: L=2.584e-01  L_data=5.208e-02  L_bcs=6.681e-02  L_res=1.800e-01  val_ARE=2.442%
Iter  16000: L=2.562e-01  L_data=4.859e-02  L_bcs=9.281e-02  L_res=1.803e-01  val_ARE=2.195% *
Iter  17000: L=2.461e-01  L_data=4.678e-02  L_bcs=7.056e-02  L_res=1.736e-01  val_ARE=2.222%
Iter  18000: L=2.460e-01  L_data=4.594e-02  L_bcs=1.108e-01  L_res=1.730e-01  val_ARE=2.132% *
Iter  19000: L=2.348e-01  L_data=4.427e-02  L_bcs=1.128e-01  L_res=1.645e-01  val_ARE=2.108% *
Iter  20000: L=2.415e-01  L_data=4.570e-02  L_bcs=3.160e-02  L_res=1.719e-01  val_ARE=2.230%
Iter  21000: L=2.400e-01  L_data=4.538e-02  L_bcs=7.175e-02  L_res=1.695e-01  val_ARE=2.136%
Iter  22000: L=2.426e-01  L_data=5.144e-02  L_bcs=3.245e-02  L_res=1.677e-01  val_ARE=2.761%
Iter  23000: L=2.294e-01  L_data=4.166e-02  L_bcs=4.029e-02  L_res=1.645e-01  val_ARE=2.143%
Iter  24000: L=2.240e-01  L_data=3.923e-02  L_bcs=4.881e-02  L_res=1.616e-01  val_ARE=2.023% *
Iter  25000: L=2.233e-01  L_data=4.108e-02  L_bcs=2.963e-02  L_res=1.599e-01  val_ARE=2.017% *
Iter  26000: L=2.275e-01  L_data=4.002e-02  L_bcs=2.403e-02  L_res=1.647e-01  val_ARE=2.091%
Iter  27000: L=2.140e-01  L_data=3.866e-02  L_bcs=2.444e-02  L_res=1.541e-01  val_ARE=2.105%
Iter  28000: L=2.211e-01  L_data=3.896e-02  L_bcs=6.369e-02  L_res=1.588e-01  val_ARE=2.083%
Iter  29000: L=2.140e-01  L_data=3.761e-02  L_bcs=3.328e-02  L_res=1.546e-01  val_ARE=2.125%
Iter  30000: L=2.197e-01  L_data=3.897e-02  L_bcs=1.007e-01  L_res=1.562e-01  val_ARE=2.236%
Iter  31000: L=2.102e-01  L_data=3.687e-02  L_bcs=1.704e-02  L_res=1.525e-01  val_ARE=2.050%
Iter  32000: L=2.028e-01  L_data=3.462e-02  L_bcs=1.576e-02  L_res=1.480e-01  val_ARE=2.134%
Iter  33000: L=1.985e-01  L_data=3.345e-02  L_bcs=2.525e-02  L_res=1.449e-01  val_ARE=2.091%
Iter  34000: L=2.027e-01  L_data=3.484e-02  L_bcs=4.920e-02  L_res=1.466e-01  val_ARE=2.130%
Iter  35000: L=1.960e-01  L_data=3.462e-02  L_bcs=8.363e-02  L_res=1.397e-01  val_ARE=2.290%
Iter  36000: L=2.010e-01  L_data=3.470e-02  L_bcs=1.013e-02  L_res=1.465e-01  val_ARE=2.115%
Iter  37000: L=2.000e-01  L_data=3.339e-02  L_bcs=5.032e-02  L_res=1.454e-01  val_ARE=2.244%
Iter  38000: L=2.016e-01  L_data=3.535e-02  L_bcs=2.514e-02  L_res=1.460e-01  val_ARE=2.108%
Iter  39000: L=1.968e-01  L_data=3.373e-02  L_bcs=9.070e-02  L_res=1.410e-01  val_ARE=2.383%
Iter  40000: L=1.909e-01  L_data=3.130e-02  L_bcs=1.559e-02  L_res=1.404e-01  val_ARE=2.219%
Iter  41000: L=1.892e-01  L_data=3.194e-02  L_bcs=1.234e-02  L_res=1.384e-01  val_ARE=2.413%
Iter  42000: L=1.938e-01  L_data=3.133e-02  L_bcs=5.052e-02  L_res=1.418e-01  val_ARE=2.175%
Iter  43000: L=1.853e-01  L_data=3.046e-02  L_bcs=9.422e-03  L_res=1.364e-01  val_ARE=2.313%
Iter  44000: L=1.835e-01  L_data=2.959e-02  L_bcs=5.097e-02  L_res=1.342e-01  val_ARE=2.387%
Iter  45000: L=1.783e-01  L_data=2.942e-02  L_bcs=9.329e-03  L_res=1.312e-01  val_ARE=2.489%
Iter  46000: L=1.860e-01  L_data=2.907e-02  L_bcs=9.820e-03  L_res=1.382e-01  val_ARE=2.379%
Iter  47000: L=1.741e-01  L_data=2.852e-02  L_bcs=1.824e-02  L_res=1.279e-01  val_ARE=2.496%
Iter  48000: L=1.761e-01  L_data=2.776e-02  L_bcs=1.072e-02  L_res=1.306e-01  val_ARE=2.421%
Iter  49000: L=1.752e-01  L_data=2.942e-02  L_bcs=2.372e-02  L_res=1.279e-01  val_ARE=2.796%
Iter  50000: L=1.706e-01  L_data=2.674e-02  L_bcs=1.315e-02  L_res=1.266e-01  val_ARE=2.448%
Iter  51000: L=1.680e-01  L_data=2.644e-02  L_bcs=1.143e-02  L_res=1.246e-01  val_ARE=2.554%
Iter  52000: L=1.674e-01  L_data=2.642e-02  L_bcs=9.615e-03  L_res=1.242e-01  val_ARE=2.615%
Iter  53000: L=1.680e-01  L_data=2.569e-02  L_bcs=3.979e-02  L_res=1.243e-01  val_ARE=2.479%
Iter  54000: L=1.638e-01  L_data=2.507e-02  L_bcs=1.948e-02  L_res=1.219e-01  val_ARE=2.587%
Iter  55000: L=1.607e-01  L_data=2.405e-02  L_bcs=1.044e-02  L_res=1.203e-01  val_ARE=2.578%
Iter  56000: L=1.584e-01  L_data=2.553e-02  L_bcs=5.945e-03  L_res=1.172e-01  val_ARE=2.605%
Iter  57000: L=1.624e-01  L_data=2.540e-02  L_bcs=1.044e-02  L_res=1.207e-01  val_ARE=2.627%
Iter  58000: L=1.560e-01  L_data=2.434e-02  L_bcs=2.021e-02  L_res=1.156e-01  val_ARE=2.679%
Iter  59000: L=1.577e-01  L_data=2.379e-02  L_bcs=6.974e-03  L_res=1.180e-01  val_ARE=2.688%
Iter  60000: L=1.594e-01  L_data=2.438e-02  L_bcs=1.146e-02  L_res=1.188e-01  val_ARE=2.920%
Iter  61000: L=1.526e-01  L_data=2.322e-02  L_bcs=1.323e-02  L_res=1.138e-01  val_ARE=2.801%
Iter  62000: L=1.579e-01  L_data=2.313e-02  L_bcs=1.161e-02  L_res=1.187e-01  val_ARE=2.846%
Iter  63000: L=1.542e-01  L_data=2.320e-02  L_bcs=7.927e-03  L_res=1.154e-01  val_ARE=2.964%
Iter  64000: L=1.554e-01  L_data=2.425e-02  L_bcs=5.230e-03  L_res=1.156e-01  val_ARE=3.250%
Iter  65000: L=1.517e-01  L_data=2.359e-02  L_bcs=7.707e-03  L_res=1.129e-01  val_ARE=2.882%
Iter  66000: L=1.480e-01  L_data=2.261e-02  L_bcs=6.091e-03  L_res=1.105e-01  val_ARE=2.973%
Iter  67000: L=1.431e-01  L_data=2.239e-02  L_bcs=1.624e-02  L_res=1.061e-01  val_ARE=3.052%
Iter  68000: L=1.434e-01  L_data=2.175e-02  L_bcs=1.749e-02  L_res=1.069e-01  val_ARE=2.993%
Iter  69000: L=1.479e-01  L_data=2.368e-02  L_bcs=2.152e-02  L_res=1.090e-01  val_ARE=3.153%
Iter  70000: L=1.407e-01  L_data=2.155e-02  L_bcs=3.085e-02  L_res=1.042e-01  val_ARE=2.990%
Iter  71000: L=1.393e-01  L_data=2.064e-02  L_bcs=5.985e-03  L_res=1.046e-01  val_ARE=3.009%
Iter  72000: L=1.328e-01  L_data=2.067e-02  L_bcs=6.794e-03  L_res=9.878e-02  val_ARE=3.064%
Iter  73000: L=1.364e-01  L_data=1.966e-02  L_bcs=4.742e-03  L_res=1.030e-01  val_ARE=2.997%
Iter  74000: L=1.306e-01  L_data=1.934e-02  L_bcs=8.318e-03  L_res=9.801e-02  val_ARE=3.047%
Iter  75000: L=1.337e-01  L_data=1.968e-02  L_bcs=1.153e-02  L_res=1.003e-01  val_ARE=3.068%
Iter  76000: L=1.246e-01  L_data=1.950e-02  L_bcs=6.149e-03  L_res=9.259e-02  val_ARE=3.323%
Iter  77000: L=1.300e-01  L_data=1.897e-02  L_bcs=6.449e-03  L_res=9.785e-02  val_ARE=3.298%
Iter  78000: L=1.281e-01  L_data=1.790e-02  L_bcs=6.093e-03  L_res=9.715e-02  val_ARE=3.285%
Iter  79000: L=1.247e-01  L_data=1.860e-02  L_bcs=1.179e-02  L_res=9.332e-02  val_ARE=3.433%
Iter  80000: L=1.289e-01  L_data=1.804e-02  L_bcs=6.311e-03  L_res=9.764e-02  val_ARE=3.464%
Iter  81000: L=1.235e-01  L_data=1.739e-02  L_bcs=1.549e-02  L_res=9.315e-02  val_ARE=3.425%
Iter  82000: L=1.218e-01  L_data=1.744e-02  L_bcs=7.896e-03  L_res=9.186e-02  val_ARE=3.319%
Iter  83000: L=1.242e-01  L_data=1.724e-02  L_bcs=6.975e-03  L_res=9.423e-02  val_ARE=3.395%
Iter  84000: L=1.231e-01  L_data=1.728e-02  L_bcs=4.858e-03  L_res=9.325e-02  val_ARE=3.525%
Iter  85000: L=1.245e-01  L_data=1.788e-02  L_bcs=4.626e-03  L_res=9.402e-02  val_ARE=3.401%
Iter  86000: L=1.183e-01  L_data=1.723e-02  L_bcs=2.355e-02  L_res=8.845e-02  val_ARE=3.540%
Iter  87000: L=1.173e-01  L_data=1.720e-02  L_bcs=1.274e-02  L_res=8.797e-02  val_ARE=3.534%
Iter  88000: L=1.187e-01  L_data=1.641e-02  L_bcs=4.934e-03  L_res=9.015e-02  val_ARE=3.577%
Iter  89000: L=1.179e-01  L_data=1.682e-02  L_bcs=5.345e-03  L_res=8.910e-02  val_ARE=3.478%
Iter  90000: L=1.167e-01  L_data=1.653e-02  L_bcs=1.134e-02  L_res=8.809e-02  val_ARE=3.502%
Iter  91000: L=1.154e-01  L_data=1.719e-02  L_bcs=6.563e-03  L_res=8.654e-02  val_ARE=3.920%
Iter  92000: L=1.173e-01  L_data=1.584e-02  L_bcs=7.128e-03  L_res=8.933e-02  val_ARE=3.618%
Iter  93000: L=1.131e-01  L_data=1.589e-02  L_bcs=8.041e-03  L_res=8.562e-02  val_ARE=3.539%
Iter  94000: L=1.143e-01  L_data=1.692e-02  L_bcs=1.015e-02  L_res=8.566e-02  val_ARE=3.999%
Iter  95000: L=1.093e-01  L_data=1.503e-02  L_bcs=4.280e-03  L_res=8.312e-02  val_ARE=3.642%
Iter  96000: L=1.137e-01  L_data=1.588e-02  L_bcs=4.645e-03  L_res=8.626e-02  val_ARE=3.969%
Iter  97000: L=1.090e-01  L_data=1.596e-02  L_bcs=1.440e-02  L_res=8.167e-02  val_ARE=3.894%
Iter  98000: L=1.132e-01  L_data=1.576e-02  L_bcs=4.694e-03  L_res=8.592e-02  val_ARE=4.035%
Iter  99000: L=1.081e-01  L_data=1.520e-02  L_bcs=1.567e-02  L_res=8.152e-02  val_ARE=3.766%

Best validation ARE = 2.017% at iter 25000; restoring those params.
[I 2026-09-14 20:34:44,207] Trial 0 finished with value: 3.8300228118896484 and parameters: {'n_layers': 3, 'branch_log2': 9, 'trunk_log2': 9, 'lr': 0.00014514047010698444, 'res_over_data': 1.1324176493096596, 'bcs_over_data': 0.03754780655402253}. Best is trial 4 with value: 0.85297030210495.

Trial 11: 5 layers, branch 256, trunk 512, lr 8.01e-05, res/data 1.701, bcs/data 0.052, seed 1234
Iter      0: L=2.197e+01  L_data=1.368e+01  L_bcs=1.145e+00  L_res=4.840e+00  val_ARE=75.005% *
Iter   1000: L=7.133e-01  L_data=1.609e-01  L_bcs=1.443e+00  L_res=2.808e-01  val_ARE=5.486% *
Iter   2000: L=5.624e-01  L_data=1.196e-01  L_bcs=5.643e-01  L_res=2.432e-01  val_ARE=4.683% *
Iter   3000: L=4.558e-01  L_data=8.140e-02  L_bcs=1.940e-01  L_res=2.142e-01  val_ARE=3.407% *
Iter   4000: L=4.259e-01  L_data=7.402e-02  L_bcs=1.793e-01  L_res=2.014e-01  val_ARE=3.279% *
Iter   5000: L=4.062e-01  L_data=6.817e-02  L_bcs=5.692e-02  L_res=1.970e-01  val_ARE=3.167% *
Iter   6000: L=3.828e-01  L_data=5.832e-02  L_bcs=3.936e-02  L_res=1.896e-01  val_ARE=2.689% *
Iter   7000: L=3.779e-01  L_data=6.271e-02  L_bcs=4.349e-02  L_res=1.840e-01  val_ARE=3.072%
Iter   8000: L=3.624e-01  L_data=5.360e-02  L_bcs=3.373e-02  L_res=1.805e-01  val_ARE=2.560% *
Iter   9000: L=3.948e-01  L_data=6.484e-02  L_bcs=6.106e-01  L_res=1.754e-01  val_ARE=3.146%
Iter  10000: L=3.372e-01  L_data=5.052e-02  L_bcs=5.146e-02  L_res=1.670e-01  val_ARE=2.430% *
Iter  11000: L=3.291e-01  L_data=4.547e-02  L_bcs=1.420e-02  L_res=1.664e-01  val_ARE=2.289% *
Iter  12000: L=3.285e-01  L_data=4.267e-02  L_bcs=7.902e-02  L_res=1.656e-01  val_ARE=2.236% *
Iter  13000: L=3.106e-01  L_data=4.074e-02  L_bcs=1.508e-02  L_res=1.582e-01  val_ARE=2.289%
Iter  14000: L=3.068e-01  L_data=3.972e-02  L_bcs=8.689e-03  L_res=1.568e-01  val_ARE=2.213% *
Iter  15000: L=2.993e-01  L_data=3.639e-02  L_bcs=4.811e-03  L_res=1.545e-01  val_ARE=1.999% *
Iter  16000: L=2.953e-01  L_data=3.587e-02  L_bcs=2.407e-02  L_res=1.518e-01  val_ARE=1.974% *
Iter  17000: L=2.726e-01  L_data=3.090e-02  L_bcs=4.098e-03  L_res=1.420e-01  val_ARE=2.022%
Iter  18000: L=2.622e-01  L_data=2.992e-02  L_bcs=2.427e-02  L_res=1.358e-01  val_ARE=1.953% *
Iter  19000: L=2.606e-01  L_data=3.165e-02  L_bcs=1.224e-01  L_res=1.309e-01  val_ARE=2.107%
Iter  20000: L=2.422e-01  L_data=2.639e-02  L_bcs=8.197e-03  L_res=1.266e-01  val_ARE=1.871% *
Iter  21000: L=2.368e-01  L_data=2.472e-02  L_bcs=9.052e-03  L_res=1.245e-01  val_ARE=1.853% *
Iter  22000: L=2.215e-01  L_data=2.316e-02  L_bcs=1.896e-02  L_res=1.160e-01  val_ARE=1.774% *
Iter  23000: L=2.214e-01  L_data=2.238e-02  L_bcs=3.521e-03  L_res=1.169e-01  val_ARE=1.840%
Iter  24000: L=2.135e-01  L_data=2.259e-02  L_bcs=1.939e-02  L_res=1.117e-01  val_ARE=1.953%
Iter  25000: L=2.112e-01  L_data=2.236e-02  L_bcs=3.624e-02  L_res=1.100e-01  val_ARE=1.676% *
Iter  26000: L=2.078e-01  L_data=2.048e-02  L_bcs=3.818e-03  L_res=1.100e-01  val_ARE=1.754%
Iter  27000: L=1.882e-01  L_data=1.919e-02  L_bcs=3.839e-03  L_res=9.923e-02  val_ARE=1.680%
Iter  28000: L=1.910e-01  L_data=1.865e-02  L_bcs=4.983e-03  L_res=1.012e-01  val_ARE=1.741%
Iter  29000: L=1.898e-01  L_data=1.902e-02  L_bcs=1.440e-02  L_res=1.000e-01  val_ARE=1.876%
Iter  30000: L=1.888e-01  L_data=2.000e-02  L_bcs=1.160e-01  L_res=9.571e-02  val_ARE=1.772%
Iter  31000: L=1.759e-01  L_data=1.623e-02  L_bcs=1.817e-02  L_res=9.331e-02  val_ARE=1.675% *
Iter  32000: L=1.688e-01  L_data=1.593e-02  L_bcs=4.716e-02  L_res=8.843e-02  val_ARE=1.771%
Iter  33000: L=1.595e-01  L_data=1.466e-02  L_bcs=4.330e-03  L_res=8.505e-02  val_ARE=1.600% *
Iter  34000: L=1.553e-01  L_data=1.459e-02  L_bcs=2.501e-03  L_res=8.268e-02  val_ARE=1.708%
Iter  35000: L=1.545e-01  L_data=1.447e-02  L_bcs=1.844e-02  L_res=8.180e-02  val_ARE=1.782%
Iter  36000: L=1.550e-01  L_data=1.537e-02  L_bcs=1.434e-02  L_res=8.169e-02  val_ARE=1.632%
Iter  37000: L=1.467e-01  L_data=1.302e-02  L_bcs=2.755e-03  L_res=7.849e-02  val_ARE=1.644%
Iter  38000: L=1.453e-01  L_data=1.309e-02  L_bcs=1.682e-02  L_res=7.720e-02  val_ARE=1.788%
Iter  39000: L=1.411e-01  L_data=1.280e-02  L_bcs=1.827e-02  L_res=7.487e-02  val_ARE=1.801%
Iter  40000: L=1.317e-01  L_data=1.294e-02  L_bcs=3.678e-03  L_res=6.971e-02  val_ARE=2.017%
[I 2026-09-14 21:17:29,416] Trial 11 pruned. 

Trial 24: 6 layers, branch 128, trunk 512, lr 5.23e-05, res/data 0.198, bcs/data 0.215, seed 1234
Iter      0: L=2.072e+01  L_data=1.946e+01  L_bcs=1.550e-01  L_res=6.148e+00  val_ARE=94.183% *
Iter   1000: L=2.309e-01  L_data=1.575e-01  L_bcs=8.517e-02  L_res=2.780e-01  val_ARE=5.437% *
Iter   2000: L=1.504e-01  L_data=1.029e-01  L_bcs=1.058e-02  L_res=2.286e-01  val_ARE=4.124% *
Iter   3000: L=1.343e-01  L_data=8.835e-02  L_bcs=9.727e-03  L_res=2.211e-01  val_ARE=3.919% *
Iter   4000: L=1.209e-01  L_data=7.916e-02  L_bcs=2.903e-03  L_res=2.073e-01  val_ARE=3.534% *
Iter   5000: L=1.157e-01  L_data=7.420e-02  L_bcs=3.540e-03  L_res=2.058e-01  val_ARE=3.465% *
Iter   6000: L=1.117e-01  L_data=6.595e-02  L_bcs=2.751e-02  L_res=2.011e-01  val_ARE=3.341% *
Iter   7000: L=1.121e-01  L_data=6.755e-02  L_bcs=2.110e-02  L_res=2.017e-01  val_ARE=3.397%
Iter   8000: L=1.005e-01  L_data=6.051e-02  L_bcs=4.543e-03  L_res=1.969e-01  val_ARE=3.125% *
Iter   9000: L=9.414e-02  L_data=5.628e-02  L_bcs=1.326e-03  L_res=1.896e-01  val_ARE=3.017% *
Iter  10000: L=9.474e-02  L_data=5.546e-02  L_bcs=1.216e-02  L_res=1.850e-01  val_ARE=2.905% *
Iter  11000: L=1.153e-01  L_data=6.110e-02  L_bcs=7.857e-02  L_res=1.885e-01  val_ARE=3.335%
Iter  12000: L=8.910e-02  L_data=5.031e-02  L_bcs=6.540e-03  L_res=1.887e-01  val_ARE=2.780% *
Iter  13000: L=8.288e-02  L_data=4.657e-02  L_bcs=9.884e-04  L_res=1.821e-01  val_ARE=2.709% *
Iter  14000: L=7.916e-02  L_data=4.359e-02  L_bcs=8.431e-04  L_res=1.786e-01  val_ARE=2.615% *
Iter  15000: L=7.858e-02  L_data=4.230e-02  L_bcs=3.003e-03  L_res=1.798e-01  val_ARE=2.594% *
Iter  16000: L=7.539e-02  L_data=3.988e-02  L_bcs=1.434e-03  L_res=1.777e-01  val_ARE=2.479% *
Iter  17000: L=7.272e-02  L_data=3.825e-02  L_bcs=1.956e-03  L_res=1.718e-01  val_ARE=2.509%
Iter  18000: L=7.025e-02  L_data=3.648e-02  L_bcs=2.358e-03  L_res=1.679e-01  val_ARE=2.353% *
Iter  19000: L=6.598e-02  L_data=3.395e-02  L_bcs=7.819e-04  L_res=1.608e-01  val_ARE=2.331% *
Iter  20000: L=6.629e-02  L_data=3.297e-02  L_bcs=5.915e-03  L_res=1.617e-01  val_ARE=2.256% *
Iter  21000: L=6.323e-02  L_data=3.120e-02  L_bcs=8.082e-04  L_res=1.608e-01  val_ARE=2.196% *
Iter  22000: L=6.147e-02  L_data=3.039e-02  L_bcs=1.832e-03  L_res=1.548e-01  val_ARE=2.166% *
Iter  23000: L=6.040e-02  L_data=2.951e-02  L_bcs=5.573e-04  L_res=1.553e-01  val_ARE=2.161% *
Iter  24000: L=5.946e-02  L_data=2.866e-02  L_bcs=1.937e-03  L_res=1.533e-01  val_ARE=2.103% *
Iter  25000: L=5.675e-02  L_data=2.742e-02  L_bcs=8.784e-04  L_res=1.471e-01  val_ARE=2.042% *
Iter  26000: L=7.393e-02  L_data=3.762e-02  L_bcs=1.892e-02  L_res=1.627e-01  val_ARE=2.364%
Iter  27000: L=5.320e-02  L_data=2.506e-02  L_bcs=6.381e-04  L_res=1.413e-01  val_ARE=1.930% *
Iter  28000: L=5.326e-02  L_data=2.475e-02  L_bcs=3.991e-04  L_res=1.435e-01  val_ARE=1.932%
Iter  29000: L=5.241e-02  L_data=2.370e-02  L_bcs=4.829e-04  L_res=1.443e-01  val_ARE=1.887% *
Iter  30000: L=5.385e-02  L_data=2.441e-02  L_bcs=7.323e-03  L_res=1.406e-01  val_ARE=1.814% *
Iter  31000: L=5.072e-02  L_data=2.293e-02  L_bcs=8.831e-04  L_res=1.393e-01  val_ARE=1.798% *
Iter  32000: L=5.027e-02  L_data=2.257e-02  L_bcs=3.781e-03  L_res=1.357e-01  val_ARE=1.876%
Iter  33000: L=2.210e-01  L_data=1.533e-01  L_bcs=1.477e-02  L_res=3.255e-01  val_ARE=5.342%
Iter  34000: L=5.549e-02  L_data=2.307e-02  L_bcs=3.080e-02  L_res=1.302e-01  val_ARE=1.818%
Iter  35000: L=4.582e-02  L_data=2.084e-02  L_bcs=5.586e-04  L_res=1.254e-01  val_ARE=1.721% *
Iter  36000: L=4.632e-02  L_data=2.028e-02  L_bcs=9.541e-04  L_res=1.304e-01  val_ARE=1.717% *
Iter  37000: L=4.481e-02  L_data=1.993e-02  L_bcs=1.799e-04  L_res=1.254e-01  val_ARE=1.691% *
Iter  38000: L=4.635e-02  L_data=2.023e-02  L_bcs=4.444e-03  L_res=1.270e-01  val_ARE=1.678% *
Iter  39000: L=4.886e-02  L_data=2.264e-02  L_bcs=2.550e-03  L_res=1.295e-01  val_ARE=1.965%
[I 2026-09-14 22:01:17,411] Trial 24 pruned. 

Trial 35: 4 layers, branch 128, trunk 512, lr 3.09e-04, res/data 0.742, bcs/data 0.069, seed 1234
Iter      0: L=6.477e+00  L_data=4.253e+00  L_bcs=1.135e+01  L_res=1.942e+00  val_ARE=37.539% *
Iter   1000: L=2.833e-01  L_data=1.069e-01  L_bcs=1.052e-01  L_res=2.279e-01  val_ARE=4.305% *
Iter   2000: L=2.496e-01  L_data=7.916e-02  L_bcs=2.645e-01  L_res=2.050e-01  val_ARE=3.749% *
Iter   3000: L=2.092e-01  L_data=6.071e-02  L_bcs=2.154e-02  L_res=1.981e-01  val_ARE=3.280% *
Iter   4000: L=1.989e-01  L_data=5.854e-02  L_bcs=1.229e-02  L_res=1.879e-01  val_ARE=3.126% *
Iter   5000: L=2.784e-01  L_data=1.104e-01  L_bcs=5.126e-02  L_res=2.215e-01  val_ARE=5.337%
Iter   6000: L=2.319e-01  L_data=7.588e-02  L_bcs=1.030e-01  L_res=2.006e-01  val_ARE=4.339%
Iter   7000: L=2.085e-01  L_data=6.504e-02  L_bcs=6.804e-03  L_res=1.927e-01  val_ARE=4.158%
Iter   8000: L=2.040e-01  L_data=6.167e-02  L_bcs=3.372e-02  L_res=1.885e-01  val_ARE=4.301%
Iter   9000: L=1.802e-01  L_data=4.935e-02  L_bcs=4.393e-03  L_res=1.758e-01  val_ARE=3.324%
Iter  10000: L=1.728e-01  L_data=4.650e-02  L_bcs=5.432e-03  L_res=1.696e-01  val_ARE=3.183%
Iter  11000: L=1.637e-01  L_data=4.102e-02  L_bcs=2.942e-03  L_res=1.650e-01  val_ARE=3.015% *
Iter  12000: L=1.497e-01  L_data=3.418e-02  L_bcs=2.307e-03  L_res=1.554e-01  val_ARE=2.758% *
Iter  13000: L=1.355e-01  L_data=3.141e-02  L_bcs=4.276e-03  L_res=1.397e-01  val_ARE=2.839%
Iter  14000: L=1.232e-01  L_data=2.540e-02  L_bcs=6.362e-03  L_res=1.312e-01  val_ARE=2.529% *
Iter  15000: L=1.434e-01  L_data=3.005e-02  L_bcs=2.385e-01  L_res=1.305e-01  val_ARE=2.562%
Iter  16000: L=1.118e-01  L_data=2.199e-02  L_bcs=1.902e-02  L_res=1.192e-01  val_ARE=2.293% *
Iter  17000: L=1.019e-01  L_data=1.866e-02  L_bcs=2.044e-02  L_res=1.103e-01  val_ARE=2.033% *
Iter  18000: L=9.342e-02  L_data=1.761e-02  L_bcs=1.170e-02  L_res=1.010e-01  val_ARE=2.294%
Iter  19000: L=9.069e-02  L_data=1.593e-02  L_bcs=1.604e-02  L_res=9.921e-02  val_ARE=1.949% *
Iter  20000: L=8.106e-02  L_data=1.352e-02  L_bcs=3.567e-03  L_res=9.065e-02  val_ARE=1.900% *
Iter  21000: L=7.853e-02  L_data=1.259e-02  L_bcs=8.558e-03  L_res=8.803e-02  val_ARE=1.832% *
Iter  22000: L=7.496e-02  L_data=1.242e-02  L_bcs=4.793e-03  L_res=8.379e-02  val_ARE=1.910%
Iter  23000: L=7.928e-02  L_data=1.450e-02  L_bcs=2.101e-02  L_res=8.531e-02  val_ARE=2.149%
Iter  24000: L=7.203e-02  L_data=1.311e-02  L_bcs=1.918e-03  L_res=7.918e-02  val_ARE=2.061%
Iter  25000: L=6.877e-02  L_data=1.145e-02  L_bcs=4.482e-03  L_res=7.679e-02  val_ARE=1.552% *
Iter  26000: L=6.570e-02  L_data=1.011e-02  L_bcs=1.372e-03  L_res=7.476e-02  val_ARE=1.517% *
Iter  27000: L=6.342e-02  L_data=9.962e-03  L_bcs=4.628e-03  L_res=7.158e-02  val_ARE=1.549%
Iter  28000: L=6.253e-02  L_data=9.343e-03  L_bcs=7.116e-03  L_res=7.098e-02  val_ARE=1.502% *
Iter  29000: L=6.151e-02  L_data=9.150e-03  L_bcs=7.212e-03  L_res=6.986e-02  val_ARE=1.511%
Iter  30000: L=6.667e-02  L_data=1.108e-02  L_bcs=5.478e-02  L_res=6.979e-02  val_ARE=1.823%
Iter  31000: L=5.813e-02  L_data=8.288e-03  L_bcs=5.016e-03  L_res=6.666e-02  val_ARE=1.447% *
Iter  32000: L=5.433e-02  L_data=7.722e-03  L_bcs=2.128e-03  L_res=6.258e-02  val_ARE=1.434% *
Iter  33000: L=5.241e-02  L_data=8.419e-03  L_bcs=1.703e-03  L_res=5.909e-02  val_ARE=1.329% *
Iter  34000: L=5.300e-02  L_data=7.910e-03  L_bcs=6.583e-03  L_res=6.012e-02  val_ARE=1.491%
Iter  35000: L=6.483e-02  L_data=1.395e-02  L_bcs=2.239e-02  L_res=6.645e-02  val_ARE=1.666%
Iter  36000: L=5.211e-02  L_data=8.454e-03  L_bcs=8.616e-03  L_res=5.801e-02  val_ARE=1.255% *
Iter  37000: L=5.817e-02  L_data=1.086e-02  L_bcs=3.857e-02  L_res=6.015e-02  val_ARE=1.921%
Iter  38000: L=5.177e-02  L_data=8.483e-03  L_bcs=1.092e-02  L_res=5.730e-02  val_ARE=1.689%
Iter  39000: L=4.750e-02  L_data=6.613e-03  L_bcs=2.087e-03  L_res=5.488e-02  val_ARE=1.250% *
Iter  40000: L=4.562e-02  L_data=7.002e-03  L_bcs=5.007e-03  L_res=5.156e-02  val_ARE=1.479%
Iter  41000: L=4.581e-02  L_data=6.229e-03  L_bcs=1.368e-03  L_res=5.319e-02  val_ARE=1.234% *
Iter  42000: L=4.656e-02  L_data=6.747e-03  L_bcs=1.502e-03  L_res=5.349e-02  val_ARE=1.412%
Iter  43000: L=5.817e-02  L_data=1.062e-02  L_bcs=9.974e-02  L_res=5.480e-02  val_ARE=1.462%
Iter  44000: L=4.333e-02  L_data=6.152e-03  L_bcs=1.081e-02  L_res=4.908e-02  val_ARE=1.148% *
Iter  45000: L=4.167e-02  L_data=6.277e-03  L_bcs=9.165e-03  L_res=4.682e-02  val_ARE=1.324%
Iter  46000: L=4.273e-02  L_data=5.720e-03  L_bcs=8.860e-03  L_res=4.902e-02  val_ARE=1.192%
Iter  47000: L=4.756e-02  L_data=7.220e-03  L_bcs=4.232e-02  L_res=5.040e-02  val_ARE=1.256%
Iter  48000: L=4.119e-02  L_data=5.616e-03  L_bcs=7.356e-03  L_res=4.723e-02  val_ARE=1.231%
Iter  49000: L=4.045e-02  L_data=5.687e-03  L_bcs=9.738e-03  L_res=4.592e-02  val_ARE=1.285%
Iter  50000: L=3.839e-02  L_data=5.029e-03  L_bcs=1.370e-03  L_res=4.481e-02  val_ARE=1.174%
Iter  51000: L=4.417e-02  L_data=9.951e-03  L_bcs=1.510e-03  L_res=4.596e-02  val_ARE=1.449%
Iter  52000: L=4.711e-02  L_data=8.138e-03  L_bcs=3.778e-02  L_res=4.898e-02  val_ARE=1.472%
Iter  53000: L=3.620e-02  L_data=4.535e-03  L_bcs=1.657e-03  L_res=4.249e-02  val_ARE=1.083% *
Iter  54000: L=3.716e-02  L_data=4.728e-03  L_bcs=5.375e-03  L_res=4.319e-02  val_ARE=1.079% *
Iter  55000: L=3.791e-02  L_data=5.496e-03  L_bcs=1.550e-02  L_res=4.222e-02  val_ARE=1.187%
Iter  56000: L=3.758e-02  L_data=6.076e-03  L_bcs=7.307e-03  L_res=4.175e-02  val_ARE=1.125%
Iter  57000: L=3.619e-02  L_data=4.540e-03  L_bcs=1.768e-03  L_res=4.247e-02  val_ARE=1.067% *
Iter  58000: L=3.476e-02  L_data=4.395e-03  L_bcs=6.946e-04  L_res=4.084e-02  val_ARE=1.099%
Iter  59000: L=3.454e-02  L_data=4.609e-03  L_bcs=1.118e-02  L_res=3.927e-02  val_ARE=1.094%
Iter  60000: L=3.876e-02  L_data=6.360e-03  L_bcs=6.612e-03  L_res=4.302e-02  val_ARE=1.496%
Iter  61000: L=3.423e-02  L_data=5.348e-03  L_bcs=2.812e-03  L_res=3.864e-02  val_ARE=1.387%
Iter  62000: L=3.622e-02  L_data=4.731e-03  L_bcs=2.151e-02  L_res=4.042e-02  val_ARE=1.080%
Iter  63000: L=3.420e-02  L_data=4.699e-03  L_bcs=9.628e-03  L_res=3.885e-02  val_ARE=1.199%
Iter  64000: L=3.500e-02  L_data=5.648e-03  L_bcs=1.668e-02  L_res=3.799e-02  val_ARE=1.096%
Iter  65000: L=3.250e-02  L_data=4.420e-03  L_bcs=8.342e-03  L_res=3.705e-02  val_ARE=1.042% *
Iter  66000: L=3.094e-02  L_data=3.872e-03  L_bcs=1.610e-03  L_res=3.632e-02  val_ARE=1.110%
Iter  67000: L=3.210e-02  L_data=4.260e-03  L_bcs=7.732e-04  L_res=3.743e-02  val_ARE=0.986% *
Iter  68000: L=3.163e-02  L_data=3.938e-03  L_bcs=2.515e-03  L_res=3.707e-02  val_ARE=1.094%
Iter  69000: L=3.114e-02  L_data=4.309e-03  L_bcs=5.463e-03  L_res=3.563e-02  val_ARE=1.184%
Iter  70000: L=3.101e-02  L_data=4.011e-03  L_bcs=2.142e-03  L_res=3.617e-02  val_ARE=1.175%
Iter  71000: L=3.137e-02  L_data=4.276e-03  L_bcs=2.276e-03  L_res=3.629e-02  val_ARE=1.150%
Iter  72000: L=3.193e-02  L_data=4.139e-03  L_bcs=1.653e-02  L_res=3.590e-02  val_ARE=1.003%
Iter  73000: L=3.011e-02  L_data=3.817e-03  L_bcs=3.974e-03  L_res=3.505e-02  val_ARE=0.974% *
Iter  74000: L=3.152e-02  L_data=4.178e-03  L_bcs=4.744e-03  L_res=3.639e-02  val_ARE=0.975%
Iter  75000: L=3.243e-02  L_data=4.094e-03  L_bcs=2.069e-02  L_res=3.624e-02  val_ARE=1.102%
Iter  76000: L=3.305e-02  L_data=4.783e-03  L_bcs=2.823e-02  L_res=3.546e-02  val_ARE=1.072%
Iter  77000: L=2.909e-02  L_data=3.736e-03  L_bcs=1.419e-03  L_res=3.402e-02  val_ARE=1.192%
Iter  78000: L=2.966e-02  L_data=3.704e-03  L_bcs=9.631e-04  L_res=3.487e-02  val_ARE=1.050%
Iter  79000: L=2.849e-02  L_data=3.624e-03  L_bcs=2.350e-03  L_res=3.328e-02  val_ARE=1.049%
Iter  80000: L=2.965e-02  L_data=3.856e-03  L_bcs=1.028e-03  L_res=3.465e-02  val_ARE=1.205%
Iter  81000: L=3.151e-02  L_data=4.216e-03  L_bcs=1.933e-02  L_res=3.497e-02  val_ARE=1.082%
Iter  82000: L=3.196e-02  L_data=5.788e-03  L_bcs=6.732e-03  L_res=3.463e-02  val_ARE=1.613%
Iter  83000: L=3.127e-02  L_data=4.357e-03  L_bcs=1.397e-02  L_res=3.495e-02  val_ARE=1.321%
Iter  84000: L=3.354e-02  L_data=4.575e-03  L_bcs=2.404e-02  L_res=3.678e-02  val_ARE=1.287%
Iter  85000: L=2.881e-02  L_data=4.029e-03  L_bcs=1.042e-02  L_res=3.241e-02  val_ARE=1.110%
Iter  86000: L=2.710e-02  L_data=3.487e-03  L_bcs=1.091e-03  L_res=3.170e-02  val_ARE=1.176%
Iter  87000: L=2.845e-02  L_data=4.545e-03  L_bcs=4.553e-03  L_res=3.178e-02  val_ARE=1.400%
Iter  88000: L=5.373e-02  L_data=1.268e-02  L_bcs=9.026e-02  L_res=4.690e-02  val_ARE=1.875%
Iter  89000: L=2.875e-02  L_data=3.619e-03  L_bcs=1.077e-02  L_res=3.285e-02  val_ARE=1.121%
Iter  90000: L=2.930e-02  L_data=4.372e-03  L_bcs=4.379e-03  L_res=3.317e-02  val_ARE=1.438%
Iter  91000: L=2.793e-02  L_data=3.575e-03  L_bcs=8.135e-03  L_res=3.205e-02  val_ARE=1.231%
[I 2026-09-14 23:14:24,036] Trial 35 pruned. 

Trial 47: 6 layers, branch 512, trunk 256, lr 6.17e-05, res/data 1.116, bcs/data 0.078, seed 1234
Iter      0: L=2.562e+01  L_data=1.909e+01  L_bcs=1.096e-01  L_res=5.838e+00  val_ARE=95.239% *
Iter   1000: L=5.859e-01  L_data=1.966e-01  L_bcs=6.471e-01  L_res=3.038e-01  val_ARE=6.142% *
Iter   2000: L=4.529e-01  L_data=1.297e-01  L_bcs=4.814e-01  L_res=2.560e-01  val_ARE=4.920% *
Iter   3000: L=3.797e-01  L_data=1.029e-01  L_bcs=1.973e-01  L_res=2.343e-01  val_ARE=3.854% *
Iter   4000: L=3.256e-01  L_data=8.254e-02  L_bcs=8.593e-02  L_res=2.117e-01  val_ARE=3.323% *
Iter   5000: L=3.160e-01  L_data=7.834e-02  L_bcs=5.848e-02  L_res=2.089e-01  val_ARE=3.089% *
Iter   6000: L=2.944e-01  L_data=6.940e-02  L_bcs=2.551e-02  L_res=1.998e-01  val_ARE=2.859% *
Iter   7000: L=2.835e-01  L_data=6.515e-02  L_bcs=1.617e-02  L_res=1.945e-01  val_ARE=2.749% *
Iter   8000: L=2.762e-01  L_data=6.107e-02  L_bcs=1.037e-02  L_res=1.920e-01  val_ARE=2.625% *
Iter   9000: L=2.643e-01  L_data=5.752e-02  L_bcs=7.391e-03  L_res=1.847e-01  val_ARE=2.485% *
Iter  10000: L=2.567e-01  L_data=5.669e-02  L_bcs=7.089e-03  L_res=1.787e-01  val_ARE=2.411% *
Iter  11000: L=2.534e-01  L_data=5.323e-02  L_bcs=1.305e-02  L_res=1.784e-01  val_ARE=2.311% *
Iter  12000: L=2.516e-01  L_data=5.009e-02  L_bcs=6.395e-03  L_res=1.800e-01  val_ARE=2.208% *
Iter  13000: L=2.491e-01  L_data=5.073e-02  L_bcs=5.645e-03  L_res=1.773e-01  val_ARE=2.178% *
Iter  14000: L=2.417e-01  L_data=4.752e-02  L_bcs=5.577e-03  L_res=1.736e-01  val_ARE=2.182%
Iter  15000: L=2.423e-01  L_data=4.589e-02  L_bcs=2.514e-02  L_res=1.742e-01  val_ARE=2.106% *
Iter  16000: L=2.410e-01  L_data=4.543e-02  L_bcs=3.222e-03  L_res=1.750e-01  val_ARE=2.073% *
Iter  17000: L=2.278e-01  L_data=4.206e-02  L_bcs=4.501e-03  L_res=1.661e-01  val_ARE=1.978% *
Iter  18000: L=2.237e-01  L_data=3.975e-02  L_bcs=9.603e-03  L_res=1.642e-01  val_ARE=1.967% *
Iter  19000: L=2.144e-01  L_data=3.768e-02  L_bcs=3.538e-02  L_res=1.558e-01  val_ARE=1.988%
Iter  20000: L=2.120e-01  L_data=3.620e-02  L_bcs=3.787e-03  L_res=1.572e-01  val_ARE=1.934% *
Iter  21000: L=2.089e-01  L_data=3.546e-02  L_bcs=7.699e-03  L_res=1.548e-01  val_ARE=1.935%
Iter  22000: L=2.000e-01  L_data=3.425e-02  L_bcs=3.583e-03  L_res=1.482e-01  val_ARE=1.802% *
Iter  23000: L=2.091e-01  L_data=3.491e-02  L_bcs=4.090e-02  L_res=1.532e-01  val_ARE=1.968%
Iter  24000: L=1.971e-01  L_data=3.231e-02  L_bcs=1.314e-02  L_res=1.467e-01  val_ARE=2.035%
Iter  25000: L=1.918e-01  L_data=3.065e-02  L_bcs=6.546e-03  L_res=1.439e-01  val_ARE=1.772% *
Iter  26000: L=2.016e-01  L_data=3.445e-02  L_bcs=6.985e-02  L_res=1.449e-01  val_ARE=1.987%
Iter  27000: L=1.814e-01  L_data=2.886e-02  L_bcs=2.791e-02  L_res=1.347e-01  val_ARE=1.789%
Iter  28000: L=1.805e-01  L_data=2.892e-02  L_bcs=2.628e-03  L_res=1.356e-01  val_ARE=1.684% *
Iter  29000: L=1.804e-01  L_data=2.711e-02  L_bcs=3.999e-03  L_res=1.370e-01  val_ARE=1.774%
Iter  30000: L=1.812e-01  L_data=2.787e-02  L_bcs=1.274e-02  L_res=1.364e-01  val_ARE=1.743%
Iter  31000: L=1.784e-01  L_data=2.783e-02  L_bcs=2.925e-02  L_res=1.328e-01  val_ARE=1.872%
Iter  32000: L=1.689e-01  L_data=2.512e-02  L_bcs=1.996e-03  L_res=1.287e-01  val_ARE=1.738%
Iter  33000: L=1.638e-01  L_data=2.473e-02  L_bcs=4.676e-03  L_res=1.242e-01  val_ARE=1.670% *
Iter  34000: L=1.680e-01  L_data=2.540e-02  L_bcs=4.702e-03  L_res=1.274e-01  val_ARE=1.656% *
Iter  35000: L=1.589e-01  L_data=2.506e-02  L_bcs=6.947e-03  L_res=1.194e-01  val_ARE=1.693%
Iter  36000: L=1.611e-01  L_data=2.380e-02  L_bcs=5.800e-03  L_res=1.226e-01  val_ARE=1.801%
Iter  37000: L=1.576e-01  L_data=2.348e-02  L_bcs=2.458e-03  L_res=1.199e-01  val_ARE=1.645% *
[I 2026-09-14 23:43:47,035] Trial 47 pruned. 

Trial 52: 5 layers, branch 256, trunk 256, lr 1.71e-04, res/data 0.906, bcs/data 0.183, seed 1234
Iter      0: L=1.915e+01  L_data=1.424e+01  L_bcs=1.200e+00  L_res=5.179e+00  val_ARE=77.929% *
Iter   1000: L=4.625e-01  L_data=1.844e-01  L_bcs=1.167e-01  L_res=2.833e-01  val_ARE=5.910% *
Iter   2000: L=2.954e-01  L_data=9.114e-02  L_bcs=2.102e-02  L_res=2.212e-01  val_ARE=3.646% *
Iter   3000: L=2.637e-01  L_data=7.274e-02  L_bcs=1.041e-02  L_res=2.086e-01  val_ARE=3.099% *
Iter   4000: L=2.520e-01  L_data=6.982e-02  L_bcs=8.767e-03  L_res=1.992e-01  val_ARE=3.195%
Iter   5000: L=2.373e-01  L_data=6.048e-02  L_bcs=6.382e-03  L_res=1.939e-01  val_ARE=2.669% *
Iter   6000: L=2.231e-01  L_data=5.334e-02  L_bcs=4.319e-03  L_res=1.864e-01  val_ARE=2.456% *
Iter   7000: L=2.240e-01  L_data=5.494e-02  L_bcs=2.778e-02  L_res=1.810e-01  val_ARE=2.518%
Iter   8000: L=2.259e-01  L_data=5.830e-02  L_bcs=1.614e-02  L_res=1.817e-01  val_ARE=2.933%
Iter   9000: L=2.104e-01  L_data=4.780e-02  L_bcs=3.951e-02  L_res=1.714e-01  val_ARE=2.261% *
Iter  10000: L=1.957e-01  L_data=4.595e-02  L_bcs=1.880e-03  L_res=1.649e-01  val_ARE=2.424%
Iter  11000: L=1.925e-01  L_data=4.159e-02  L_bcs=1.001e-02  L_res=1.645e-01  val_ARE=2.267%
Iter  12000: L=1.899e-01  L_data=3.991e-02  L_bcs=2.264e-03  L_res=1.650e-01  val_ARE=2.345%
Iter  13000: L=1.790e-01  L_data=3.588e-02  L_bcs=6.015e-03  L_res=1.567e-01  val_ARE=2.117% *
Iter  14000: L=1.754e-01  L_data=3.641e-02  L_bcs=2.272e-03  L_res=1.529e-01  val_ARE=2.004% *
Iter  15000: L=1.804e-01  L_data=3.396e-02  L_bcs=3.932e-02  L_res=1.537e-01  val_ARE=2.106%
Iter  16000: L=2.855e-01  L_data=8.740e-02  L_bcs=1.166e-02  L_res=2.163e-01  val_ARE=4.347%
Iter  17000: L=1.842e-01  L_data=3.683e-02  L_bcs=8.017e-03  L_res=1.610e-01  val_ARE=2.632%
Iter  18000: L=1.697e-01  L_data=3.208e-02  L_bcs=1.611e-03  L_res=1.516e-01  val_ARE=2.635%
Iter  19000: L=1.621e-01  L_data=2.965e-02  L_bcs=1.687e-02  L_res=1.428e-01  val_ARE=2.255%
Iter  20000: L=1.585e-01  L_data=2.781e-02  L_bcs=2.912e-03  L_res=1.437e-01  val_ARE=2.291%
Iter  21000: L=1.597e-01  L_data=2.872e-02  L_bcs=7.067e-03  L_res=1.431e-01  val_ARE=2.516%
Iter  22000: L=1.529e-01  L_data=2.743e-02  L_bcs=9.491e-03  L_res=1.366e-01  val_ARE=2.407%
Iter  23000: L=1.498e-01  L_data=2.523e-02  L_bcs=8.351e-03  L_res=1.358e-01  val_ARE=2.127%
Iter  24000: L=1.443e-01  L_data=2.362e-02  L_bcs=1.670e-02  L_res=1.298e-01  val_ARE=2.209%
Iter  25000: L=1.382e-01  L_data=2.377e-02  L_bcs=5.443e-03  L_res=1.251e-01  val_ARE=2.317%
Iter  26000: L=1.376e-01  L_data=2.335e-02  L_bcs=2.681e-03  L_res=1.256e-01  val_ARE=2.273%
[I 2026-09-14 23:53:19,540] Trial 52 pruned. 

Trial 56: 6 layers, branch 256, trunk 512, lr 5.15e-05, res/data 0.467, bcs/data 0.069, seed 1234
Iter      0: L=1.842e+01  L_data=1.602e+01  L_bcs=4.649e-01  L_res=5.066e+00  val_ARE=86.478% *
Iter   1000: L=3.668e-01  L_data=1.755e-01  L_bcs=7.226e-01  L_res=3.022e-01  val_ARE=5.724% *
Iter   2000: L=2.486e-01  L_data=1.203e-01  L_bcs=1.933e-01  L_res=2.458e-01  val_ARE=4.469% *
Iter   3000: L=1.892e-01  L_data=8.261e-02  L_bcs=6.100e-02  L_res=2.192e-01  val_ARE=3.354% *
Iter   4000: L=1.843e-01  L_data=8.277e-02  L_bcs=2.933e-02  L_res=2.130e-01  val_ARE=3.384%
Iter   5000: L=1.724e-01  L_data=7.302e-02  L_bcs=3.749e-02  L_res=2.072e-01  val_ARE=3.144% *
Iter   6000: L=1.631e-01  L_data=6.595e-02  L_bcs=5.520e-02  L_res=1.997e-01  val_ARE=2.884% *
Iter   7000: L=1.676e-01  L_data=7.069e-02  L_bcs=5.424e-02  L_res=1.995e-01  val_ARE=3.164%
Iter   8000: L=1.495e-01  L_data=5.757e-02  L_bcs=2.019e-02  L_res=1.938e-01  val_ARE=2.572% *
Iter   9000: L=1.425e-01  L_data=5.514e-02  L_bcs=6.060e-03  L_res=1.861e-01  val_ARE=2.533% *
Iter  10000: L=1.378e-01  L_data=5.316e-02  L_bcs=5.652e-03  L_res=1.804e-01  val_ARE=2.428% *
Iter  11000: L=1.346e-01  L_data=4.977e-02  L_bcs=4.129e-03  L_res=1.810e-01  val_ARE=2.344% *
Iter  12000: L=1.342e-01  L_data=4.802e-02  L_bcs=1.026e-02  L_res=1.829e-01  val_ARE=2.242% *
Iter  13000: L=1.290e-01  L_data=4.557e-02  L_bcs=4.920e-03  L_res=1.778e-01  val_ARE=2.139% *
Iter  14000: L=1.254e-01  L_data=4.340e-02  L_bcs=2.190e-02  L_res=1.723e-01  val_ARE=2.113% *
Iter  15000: L=1.225e-01  L_data=4.149e-02  L_bcs=5.976e-03  L_res=1.726e-01  val_ARE=2.089% *
Iter  16000: L=1.213e-01  L_data=4.009e-02  L_bcs=9.275e-03  L_res=1.724e-01  val_ARE=2.071% *
Iter  17000: L=1.159e-01  L_data=3.654e-02  L_bcs=3.200e-02  L_res=1.652e-01  val_ARE=1.969% *
Iter  18000: L=1.089e-01  L_data=3.410e-02  L_bcs=7.177e-03  L_res=1.591e-01  val_ARE=1.841% *
Iter  19000: L=1.011e-01  L_data=3.116e-02  L_bcs=7.431e-03  L_res=1.485e-01  val_ARE=1.844%
Iter  20000: L=1.021e-01  L_data=3.059e-02  L_bcs=9.194e-03  L_res=1.517e-01  val_ARE=1.822% *
Iter  21000: L=9.874e-02  L_data=2.890e-02  L_bcs=7.621e-03  L_res=1.484e-01  val_ARE=1.794% *
Iter  22000: L=9.412e-02  L_data=2.811e-02  L_bcs=2.159e-03  L_res=1.410e-01  val_ARE=1.807%
Iter  23000: L=9.328e-02  L_data=2.621e-02  L_bcs=5.489e-03  L_res=1.427e-01  val_ARE=1.556% *
Iter  24000: L=8.850e-02  L_data=2.473e-02  L_bcs=1.751e-03  L_res=1.362e-01  val_ARE=1.506% *
Iter  25000: L=8.689e-02  L_data=2.463e-02  L_bcs=2.297e-03  L_res=1.329e-01  val_ARE=1.495% *
Iter  26000: L=8.784e-02  L_data=2.501e-02  L_bcs=1.521e-03  L_res=1.343e-01  val_ARE=1.594%
Iter  27000: L=8.215e-02  L_data=2.285e-02  L_bcs=7.349e-03  L_res=1.259e-01  val_ARE=1.450% *
Iter  28000: L=8.263e-02  L_data=2.282e-02  L_bcs=1.039e-03  L_res=1.279e-01  val_ARE=1.423% *
Iter  29000: L=8.431e-02  L_data=2.321e-02  L_bcs=2.022e-03  L_res=1.305e-01  val_ARE=1.512%
Iter  30000: L=8.279e-02  L_data=2.201e-02  L_bcs=1.680e-03  L_res=1.298e-01  val_ARE=1.374% *
Iter  31000: L=8.079e-02  L_data=2.128e-02  L_bcs=1.338e-03  L_res=1.272e-01  val_ARE=1.491%
Iter  32000: L=7.765e-02  L_data=2.008e-02  L_bcs=1.291e-02  L_res=1.213e-01  val_ARE=1.353% *
Iter  33000: L=7.347e-02  L_data=1.912e-02  L_bcs=1.347e-03  L_res=1.161e-01  val_ARE=1.273% *
Iter  34000: L=7.531e-02  L_data=2.013e-02  L_bcs=4.198e-03  L_res=1.175e-01  val_ARE=1.274%
Iter  35000: L=7.280e-02  L_data=1.936e-02  L_bcs=1.280e-02  L_res=1.125e-01  val_ARE=1.334%
Iter  36000: L=7.382e-02  L_data=1.889e-02  L_bcs=1.339e-02  L_res=1.156e-01  val_ARE=1.360%
Iter  37000: L=7.612e-02  L_data=2.063e-02  L_bcs=2.998e-02  L_res=1.143e-01  val_ARE=1.520%
Iter  38000: L=6.992e-02  L_data=1.753e-02  L_bcs=1.216e-03  L_res=1.120e-01  val_ARE=1.163% *
Iter  39000: L=6.874e-02  L_data=1.760e-02  L_bcs=2.578e-02  L_res=1.057e-01  val_ARE=1.258%
Iter  40000: L=6.312e-02  L_data=1.562e-02  L_bcs=1.114e-03  L_res=1.015e-01  val_ARE=1.187%
Iter  41000: L=6.656e-02  L_data=1.622e-02  L_bcs=2.268e-02  L_res=1.044e-01  val_ARE=1.207%
Iter  42000: L=6.565e-02  L_data=1.579e-02  L_bcs=1.596e-02  L_res=1.044e-01  val_ARE=1.289%
Iter  43000: L=6.097e-02  L_data=1.494e-02  L_bcs=6.923e-03  L_res=9.751e-02  val_ARE=1.299%
Iter  44000: L=5.711e-02  L_data=1.306e-02  L_bcs=1.039e-03  L_res=9.413e-02  val_ARE=1.068% *
Iter  45000: L=5.503e-02  L_data=1.291e-02  L_bcs=1.073e-03  L_res=9.000e-02  val_ARE=1.065% *
Iter  46000: L=5.678e-02  L_data=1.263e-02  L_bcs=6.333e-03  L_res=9.357e-02  val_ARE=1.071%
Iter  47000: L=5.323e-02  L_data=1.248e-02  L_bcs=2.007e-03  L_res=8.694e-02  val_ARE=1.089%
Iter  48000: L=6.563e-02  L_data=2.098e-02  L_bcs=2.294e-02  L_res=9.219e-02  val_ARE=1.895%
Iter  49000: L=5.034e-02  L_data=1.128e-02  L_bcs=1.660e-03  L_res=8.337e-02  val_ARE=1.091%
Iter  50000: L=5.600e-02  L_data=1.331e-02  L_bcs=3.663e-02  L_res=8.595e-02  val_ARE=1.269%
Iter  51000: L=4.996e-02  L_data=1.100e-02  L_bcs=6.192e-03  L_res=8.248e-02  val_ARE=1.120%
Iter  52000: L=4.882e-02  L_data=1.035e-02  L_bcs=2.116e-03  L_res=8.203e-02  val_ARE=1.067%
Iter  53000: L=4.774e-02  L_data=9.971e-03  L_bcs=1.003e-03  L_res=8.071e-02  val_ARE=0.972% *
Iter  54000: L=4.817e-02  L_data=1.059e-02  L_bcs=4.542e-03  L_res=7.977e-02  val_ARE=0.998%
Iter  55000: L=4.543e-02  L_data=9.654e-03  L_bcs=4.088e-03  L_res=7.597e-02  val_ARE=0.999%
Iter  56000: L=4.358e-02  L_data=9.613e-03  L_bcs=1.517e-03  L_res=7.248e-02  val_ARE=0.936% *
Iter  57000: L=4.327e-02  L_data=8.946e-03  L_bcs=2.369e-03  L_res=7.311e-02  val_ARE=1.008%
Iter  58000: L=4.085e-02  L_data=8.507e-03  L_bcs=8.636e-04  L_res=6.910e-02  val_ARE=0.883% *
Iter  59000: L=3.963e-02  L_data=8.585e-03  L_bcs=8.691e-04  L_res=6.633e-02  val_ARE=1.106%
Iter  60000: L=3.984e-02  L_data=7.739e-03  L_bcs=1.176e-03  L_res=6.854e-02  val_ARE=0.930%
Iter  61000: L=3.729e-02  L_data=7.549e-03  L_bcs=8.284e-04  L_res=6.354e-02  val_ARE=0.906%
Iter  62000: L=3.976e-02  L_data=7.865e-03  L_bcs=2.003e-02  L_res=6.530e-02  val_ARE=0.983%
Iter  63000: L=4.492e-02  L_data=1.036e-02  L_bcs=6.895e-02  L_res=6.375e-02  val_ARE=1.179%
Iter  64000: L=3.543e-02  L_data=6.769e-03  L_bcs=4.186e-03  L_res=6.072e-02  val_ARE=0.860% *
Iter  65000: L=3.684e-02  L_data=7.822e-03  L_bcs=1.770e-02  L_res=5.950e-02  val_ARE=1.110%
Iter  66000: L=3.278e-02  L_data=6.560e-03  L_bcs=8.740e-04  L_res=5.600e-02  val_ARE=0.899%
Iter  67000: L=3.272e-02  L_data=7.061e-03  L_bcs=5.019e-03  L_res=5.419e-02  val_ARE=0.906%
Iter  68000: L=3.201e-02  L_data=6.589e-03  L_bcs=2.885e-03  L_res=5.399e-02  val_ARE=0.965%
Iter  69000: L=2.949e-02  L_data=5.800e-03  L_bcs=1.996e-03  L_res=5.042e-02  val_ARE=0.816% *
Iter  70000: L=3.010e-02  L_data=6.025e-03  L_bcs=4.767e-03  L_res=5.083e-02  val_ARE=0.973%
Iter  71000: L=2.869e-02  L_data=5.523e-03  L_bcs=6.421e-04  L_res=4.949e-02  val_ARE=0.788% *
Iter  72000: L=2.805e-02  L_data=5.663e-03  L_bcs=1.566e-03  L_res=4.769e-02  val_ARE=0.898%
Iter  73000: L=2.860e-02  L_data=5.376e-03  L_bcs=1.419e-03  L_res=4.951e-02  val_ARE=0.830%
Iter  74000: L=2.814e-02  L_data=5.283e-03  L_bcs=1.068e-03  L_res=4.876e-02  val_ARE=0.787% *
Iter  75000: L=2.809e-02  L_data=5.172e-03  L_bcs=3.532e-03  L_res=4.853e-02  val_ARE=0.788%
Iter  76000: L=2.873e-02  L_data=5.973e-03  L_bcs=2.883e-02  L_res=4.445e-02  val_ARE=0.871%
Iter  77000: L=2.682e-02  L_data=4.919e-03  L_bcs=1.289e-03  L_res=4.669e-02  val_ARE=0.805%
Iter  78000: L=2.724e-02  L_data=5.015e-03  L_bcs=8.097e-03  L_res=4.638e-02  val_ARE=0.784% *
Iter  79000: L=2.520e-02  L_data=4.842e-03  L_bcs=1.840e-03  L_res=4.331e-02  val_ARE=0.820%
Iter  80000: L=2.690e-02  L_data=5.030e-03  L_bcs=1.210e-02  L_res=4.503e-02  val_ARE=0.817%
Iter  81000: L=2.637e-02  L_data=4.814e-03  L_bcs=8.619e-03  L_res=4.486e-02  val_ARE=0.848%
Iter  82000: L=2.449e-02  L_data=4.533e-03  L_bcs=1.636e-03  L_res=4.247e-02  val_ARE=0.790%
Iter  83000: L=2.500e-02  L_data=4.558e-03  L_bcs=3.300e-03  L_res=4.328e-02  val_ARE=0.887%
Iter  84000: L=2.479e-02  L_data=4.716e-03  L_bcs=8.601e-03  L_res=4.170e-02  val_ARE=0.895%
Iter  85000: L=2.313e-02  L_data=4.368e-03  L_bcs=4.614e-04  L_res=4.009e-02  val_ARE=0.855%
Iter  86000: L=2.328e-02  L_data=4.265e-03  L_bcs=9.783e-03  L_res=3.925e-02  val_ARE=0.812%
Iter  87000: L=2.283e-02  L_data=4.585e-03  L_bcs=1.422e-02  L_res=3.695e-02  val_ARE=0.964%
Iter  88000: L=2.408e-02  L_data=4.691e-03  L_bcs=1.892e-02  L_res=3.870e-02  val_ARE=0.906%
Iter  89000: L=2.071e-02  L_data=3.966e-03  L_bcs=2.188e-03  L_res=3.552e-02  val_ARE=0.816%
Iter  90000: L=2.022e-02  L_data=3.674e-03  L_bcs=1.946e-03  L_res=3.514e-02  val_ARE=0.777% *
Iter  91000: L=1.991e-02  L_data=3.650e-03  L_bcs=8.974e-04  L_res=3.467e-02  val_ARE=0.810%
Iter  92000: L=1.979e-02  L_data=3.450e-03  L_bcs=5.729e-04  L_res=3.490e-02  val_ARE=0.803%
Iter  93000: L=1.930e-02  L_data=3.279e-03  L_bcs=1.737e-03  L_res=3.405e-02  val_ARE=0.734% *
Iter  94000: L=2.253e-02  L_data=4.110e-03  L_bcs=2.835e-02  L_res=3.524e-02  val_ARE=0.887%
Iter  95000: L=1.922e-02  L_data=3.623e-03  L_bcs=9.840e-03  L_res=3.194e-02  val_ARE=0.819%
Iter  96000: L=1.821e-02  L_data=3.118e-03  L_bcs=3.833e-04  L_res=3.225e-02  val_ARE=0.714% *
Iter  97000: L=1.788e-02  L_data=3.314e-03  L_bcs=3.900e-04  L_res=3.113e-02  val_ARE=0.734%
Iter  98000: L=2.150e-02  L_data=4.474e-03  L_bcs=1.601e-02  L_res=3.407e-02  val_ARE=1.080%
Iter  99000: L=1.776e-02  L_data=3.247e-03  L_bcs=8.731e-04  L_res=3.094e-02  val_ARE=0.730%

Best validation ARE = 0.714% at iter 96000; restoring those params.
[I 2026-09-15 01:12:54,949] Trial 56 finished with value: 0.7897760570049286 and parameters: {'n_layers': 6, 'branch_log2': 8, 'trunk_log2': 9, 'lr': 5.1475206789158006e-05, 'res_over_data': 0.4671552172497339, 'bcs_over_data': 0.06925210288065937}. Best is trial 44 with value: 0.7419216930866241.
